\o Program:		@(#)$CDS: libManager version 23.1 - CAT38 07/29/2025 19:43 (cpgbld15) $
\o Sub version:		sub-version  p364 
\o Arguments:		-mpssession virtuoso545918 -mpshost edatools -masterPID 545918 -ADVM 
\o Working Directory:	edatools:/home/saul/projects/AMS35_H35_MINIMAL
\o 64-bit offsets
\o Qt version: 		5.15.9
\o Log file is "/home/saul/projects/AMS35_H35_MINIMAL/libManager.log".
\o Opening libManager window.
\a nrSetCurrentWindow(cdsLibManager)
\o Loading customization file "/opt/pdk/ams/5.10.1/X35/start_up/localStartup/cdsLibMgr.il"
\a nrResizeWindow(cdsLibManager list(1276 185 1722 975))
\o MPS virtuoso types registered: 68
\o changeWorkingDir("/home/saul/projects/AMS35_H35_MINIMAL") unnecessary.
\o ddSetForcedLib("") unnecessary.
\o Session hidden cells enabled.
\o MPS service: map window
\o Library Manager customization server connected.
\a nrSetCurrentWindow(cdsLibManager)
\o MPS request: update library list
\a nrSetCurrentWindow(cdsLibManager)
\a cdsLibManager->libListBox->value = "MINIMAL_TOP"
\a cdsLibManager->libLineEdit->value = "MINIMAL_TOP"
\a cdsLibManager->cellListBox->value = "top_tb"
\a cdsLibManager->cellLineEdit->value = "top_tb"
\a cdsLibManager->viewListBox->value = "config_dig_schem_analog_schem"
\a cdsLibManager->viewLineEdit->value = "config_dig_schem_analog_schem"
\o MPS request: edit design
\a nrListItemAction(cdsLibManager->gdmXTView 3 0)
\a nrSetCurrentWindow(cdsLibManager)
\a nrSetCurrentWindow(cdsLibManager)
\a nrSetWindowVisibility(cdsLibManager "hide")
\a _lmgrCloseIconify("cdsLibManager" 1)
\o MPS service: shutdown
\o libManager is exiting.
\a exit(0)
