================================================================================
Rule No. 1635 : S1DNDN Minimum DNTUB spacing = 13.5 sep notch

Real Error Count : 1; Flat Error Count : 1
================================================================================

--------------------------------------------------------------------------------
Cell Name : counter layout COUNTER

                   Cell Errors    Real Errors   Cell Placements     Environments
                             1              1                 1                1
--------------------------------------------------------------------------------
Env.  Env. Placements            X1           Y1          X2           Y2

  1        1                157.500       79.800     157.550       85.900

Shape               Environments Status & Error Marker 

          1           X1         Y1         X2         Y2

   1      X      157.500     79.800    157.550     85.900

================================================================================
Rule No. 1637 : S1DNRP  Minimum DNTUB to RPTUB spacing = 4.5

Real Error Count : 3; Flat Error Count : 3
================================================================================

--------------------------------------------------------------------------------
Cell Name : counter layout COUNTER

                   Cell Errors    Real Errors   Cell Placements     Environments
                             3              3                 1                1
--------------------------------------------------------------------------------
Env.  Env. Placements            X1           Y1          X2           Y2

  1        1                 18.600       22.831     162.000      101.269

Shape               Environments Status & Error Marker 

          1           X1         Y1         X2         Y2

   1      X       18.600     22.831     23.050     38.869
   2      X      157.550     64.431    162.000     80.469
   3      X      157.550     85.231    162.000    101.269

================================================================================
Rule No. 1639 : DNR002  Utmost structures within DNTUB must be closed NTAP rings in SNTUB

Real Error Count : 128; Flat Error Count : 128
================================================================================

--------------------------------------------------------------------------------
Cell Name : counter layout COUNTER

                   Cell Errors    Real Errors   Cell Placements     Environments
                           128            128                 1                1
--------------------------------------------------------------------------------
Env.  Env. Placements            X1           Y1          X2           Y2

  1        1                 24.200       26.350     156.400      108.850

Shape               Environments Status & Error Marker 

          1           X1         Y1         X2         Y2

   1      X       24.200     31.200     24.300     36.750
   2      X       24.200     31.200     24.300     36.750
   3      X       24.200     52.000     24.300     57.550
   4      X       24.200     52.000     24.300     57.550
   5      X       24.200     77.650     24.300     83.200
   6      X       24.200     77.650     24.300     83.200
   7      X       24.200     93.600     24.300    104.000
   8      X       24.200     93.600     24.300    104.000
   9      X       24.250     36.750     24.350     41.600
  10      X       24.250     36.750     24.350     41.600
  11      X       24.250     57.550     24.350     62.400
  12      X       24.250     57.550     24.350     62.400
  13      X       24.250     72.800     24.350     77.650
  14      X       24.250     72.800     24.350     77.650
  15      X       24.300     31.100     29.150     31.200
  16      X       24.300     36.750     24.350     36.850
  17      X       24.300     51.900     29.200     52.000
  18      X       24.300     51.900     29.200     52.000
  19      X       24.300     57.550     24.350     57.650
  20      X       24.300     77.550     24.350     77.650
  21      X       24.300     83.200     29.200     83.300
  22      X       24.300     93.500     29.200     93.600
  23      X       24.300    104.000     29.200    104.100
  24      X       24.350     41.600     29.200     41.700
  25      X       24.350     41.600     29.200     41.700
  26      X       24.350     62.400     29.200     62.500
  27      X       24.350     72.700     29.200     72.800
  28      X       25.400     27.200     25.500     30.000
  29      X       25.400     47.950     25.500     50.750
  30      X       25.400     47.950     25.500     50.750
  31      X       25.400     84.400     25.500     87.250
  32      X       25.400     84.400     25.500     87.250
  33      X       25.400     89.550     25.500     92.400
  34      X       25.400     89.550     25.500     92.400
  35      X       25.400    105.200     25.500    108.050
  36      X       25.500     27.100     26.200     27.200
  37      X       25.500     30.000     29.150     30.100
  38      X       25.500     47.850     29.200     47.950
  39      X       25.500     47.850     29.200     47.950
  40      X       25.500     50.750     29.200     50.850
  41      X       25.500     50.750     29.200     50.850
  42      X       25.500     84.300     29.200     84.400
  43      X       25.500     87.250     29.200     87.350
  44      X       25.500     89.450     29.200     89.550
  45      X       25.500     92.400     29.200     92.500
  46      X       25.500    105.100     29.200    105.200
  47      X       25.500    108.050     29.200    108.150
  48      X       26.200     27.200     26.300     27.675
  49      X       26.200     27.575     28.400     27.675
  50      X       28.300     27.200     28.400     27.675
  51      X       28.400     27.100     29.150     27.200
  52      X       29.050     26.350     29.150     27.200
  53      X       29.050     30.000     29.150     31.200
  54      X       29.100     41.600     29.200     46.450
  55      X       29.100     41.600     29.200     46.450
  56      X       29.100     47.150     29.200     47.950
  57      X       29.100     50.750     29.200     52.000
  58      X       29.100     62.400     29.200     67.250
  59      X       29.100     62.400     29.200     67.250
  60      X       29.100     67.950     29.200     72.800
  61      X       29.100     67.950     29.200     72.800
  62      X       29.100     83.200     29.200     84.400
  63      X       29.100     87.250     29.200     88.050
  64      X       29.100     88.750     29.200     89.550
  65      X       29.100     92.400     29.200     93.600
  66      X       29.100    104.000     29.200    105.200
  67      X       29.100    108.050     29.200    108.850
  68      X      151.400     26.350    151.500     27.150
  69      X      151.400     27.050    155.100     27.150
  70      X      151.400     30.000    151.500     31.200
  71      X      151.400     30.000    155.100     30.100
  72      X      151.400     31.100    156.300     31.200
  73      X      151.400     41.600    151.500     42.800
  74      X      151.400     41.600    156.300     41.700
  75      X      151.400     42.700    155.100     42.800
  76      X      151.400     45.650    151.500     46.450
  77      X      151.400     45.650    155.100     45.750
  78      X      151.400     47.150    151.500     49.200
  79      X      151.400     49.100    153.025     49.200
  80      X      151.400     50.800    151.500     52.000
  81      X      151.400     50.800    153.025     50.900
  82      X      151.400     51.900    156.250     52.000
  83      X      151.400     51.900    156.250     52.000
  84      X      151.400     62.400    151.500     67.250
  85      X      151.400     62.400    151.500     67.250
  86      X      151.400     62.400    156.250     62.500
  87      X      151.400     62.400    156.250     62.500
  88      X      151.400     83.200    151.500     88.050
  89      X      151.400     83.200    151.500     88.050
  90      X      151.400     83.200    156.250     83.300
  91      X      151.400     83.200    156.250     83.300
  92      X      151.400    104.000    151.500    105.250
  93      X      151.400    104.000    156.300    104.100
  94      X      151.400    104.000    156.300    104.100
  95      X      151.400    105.150    155.100    105.250
  96      X      151.400    105.150    155.100    105.250
  97      X      151.400    108.050    151.500    108.850
  98      X      151.400    108.050    155.100    108.150
  99      X      151.400    108.050    155.100    108.150
 100      X      151.450     67.950    151.550     70.000
 101      X      151.450     69.900    154.425     70.000
 102      X      151.450     69.900    154.425     70.000
 103      X      151.450     71.600    151.550     72.800
 104      X      151.450     71.600    154.425     71.700
 105      X      151.450     72.700    156.300     72.800
 106      X      151.450     88.750    151.550     90.800
 107      X      151.450     90.700    154.425     90.800
 108      X      151.450     90.700    154.425     90.800
 109      X      151.450     92.400    151.550     93.600
 110      X      151.450     92.400    154.425     92.500
 111      X      151.450     93.500    156.300     93.600
 112      X      153.025     49.200    153.125     50.800
 113      X      153.025     49.200    153.125     50.800
 114      X      154.425     70.000    154.525     71.600
 115      X      154.425     90.800    154.525     92.400
 116      X      155.100     27.150    155.200     30.000
 117      X      155.100     42.800    155.200     45.650
 118      X      155.100     42.800    155.200     45.650
 119      X      155.100    105.250    155.200    108.050
 120      X      156.250     52.000    156.350     62.400
 121      X      156.250     78.350    156.300     78.450
 122      X      156.250     78.350    156.350     83.200
 123      X      156.250     78.350    156.350     83.200
 124      X      156.300     31.200    156.400     41.600
 125      X      156.300     31.200    156.400     41.600
 126      X      156.300     72.800    156.400     78.350
 127      X      156.300     93.600    156.400    104.000
 128      X      156.300     93.600    156.400    104.000

================================================================================
Rule No. 1661 : SNR005 : RPTUB shape IN DNTUB is totally outside sntub ring Each RPTUB shape inside DNTUB must be fully enclosed with SNTUB

Real Error Count : 41; Flat Error Count : 121
================================================================================

--------------------------------------------------------------------------------
Cell Name : NOR2X4_DCV_HV layout CORELIBD_DCV_HV

                   Cell Errors    Real Errors   Cell Placements     Environments
                             1              1                 8                1
--------------------------------------------------------------------------------
Env.  Env. Placements            X1           Y1          X2           Y2

  1        8                 53.700       31.200      59.700       36.950

Shape               Environments Status & Error Marker 

          1           X1         Y1         X2         Y2

   1      X       -0.900     -0.550      5.100      5.200

--------------------------------------------------------------------------------
Cell Name : INVX16_DCV_HV layout CORELIBD_DCV_HV

                   Cell Errors    Real Errors   Cell Placements     Environments
                             1              1                 8                1
--------------------------------------------------------------------------------
Env.  Env. Placements            X1           Y1          X2           Y2

  1        8                 60.700       31.200      69.500       36.950

Shape               Environments Status & Error Marker 

          1           X1         Y1         X2         Y2

   1      X       -0.900     -0.550      7.900      5.200

--------------------------------------------------------------------------------
Cell Name : HAX3_DCV_HV layout CORELIBD_DCV_HV

                   Cell Errors    Real Errors   Cell Placements     Environments
                             1              1                 6                1
--------------------------------------------------------------------------------
Env.  Env. Placements            X1           Y1          X2           Y2

  1        6                 38.300       56.650      52.700       62.400

Shape               Environments Status & Error Marker 

          1           X1         Y1         X2         Y2

   1      X       -0.900     -0.550     13.500      5.200

--------------------------------------------------------------------------------
Cell Name : FILLCELLX4_DCV_HV layout CORELIBD_DCV_HV

                   Cell Errors    Real Errors   Cell Placements     Environments
                             1              1                10                1
--------------------------------------------------------------------------------
Env.  Env. Placements            X1           Y1          X2           Y2

  1       10                 24.350       35.850      31.650       41.600

Shape               Environments Status & Error Marker 

          1           X1         Y1         X2         Y2

   1      X       -0.850     -0.550      6.450      5.200

--------------------------------------------------------------------------------
Cell Name : FILLCAPX8_DCV_HV layout CORELIBD_DCV_HV

                   Cell Errors    Real Errors   Cell Placements     Environments
                             1              1                 4                1
--------------------------------------------------------------------------------
Env.  Env. Placements            X1           Y1          X2           Y2

  1        4                143.300       35.850     156.300       41.600

Shape               Environments Status & Error Marker 

          1           X1         Y1         X2         Y2

   1      X       -0.900     -0.550     12.100      5.200

--------------------------------------------------------------------------------
Cell Name : FILLCAPX4_DCV_HV layout CORELIBD_DCV_HV

                   Cell Errors    Real Errors   Cell Placements     Environments
                             1              1                 4                1
--------------------------------------------------------------------------------
Env.  Env. Placements            X1           Y1          X2           Y2

  1        4                 95.700       31.200     103.100       36.950

Shape               Environments Status & Error Marker 

          1           X1         Y1         X2         Y2

   1      X       -0.900     -0.550      6.500      5.200

--------------------------------------------------------------------------------
Cell Name : DLY1X1_DCV_HV layout CORELIBD_DCV_HV

                   Cell Errors    Real Errors   Cell Placements     Environments
                             1              1                 7                1
--------------------------------------------------------------------------------
Env.  Env. Placements            X1           Y1          X2           Y2

  1        7                 36.900       31.200      55.500       36.950

Shape               Environments Status & Error Marker 

          1           X1         Y1         X2         Y2

   1      X       -0.900     -0.550     17.700      5.200

--------------------------------------------------------------------------------
Cell Name : DFX1_DCV_HV layout CORELIBD_DCV_HV

                   Cell Errors    Real Errors   Cell Placements     Environments
                             1              1                 8                1
--------------------------------------------------------------------------------
Env.  Env. Placements            X1           Y1          X2           Y2

  1        8                 52.300       35.850      77.900       41.650

Shape               Environments Status & Error Marker 

          1           X1         Y1         X2         Y2

   1      X       -0.900     -0.550     24.700      5.250

--------------------------------------------------------------------------------
Cell Name : CLKBUFX8_DCV_HV layout CORELIBD_DCV_HV

                   Cell Errors    Real Errors   Cell Placements     Environments
                             1              1                 3                1
--------------------------------------------------------------------------------
Env.  Env. Placements            X1           Y1          X2           Y2

  1        3                137.700       35.850     145.100       41.600

Shape               Environments Status & Error Marker 

          1           X1         Y1         X2         Y2

   1      X       -0.900     -0.550      6.500      5.200

--------------------------------------------------------------------------------
Cell Name : CLKBUFX2_DCV_HV layout CORELIBD_DCV_HV

                   Cell Errors    Real Errors   Cell Placements     Environments
                             1              1                11                1
--------------------------------------------------------------------------------
Env.  Env. Placements            X1           Y1          X2           Y2

  1       11                108.300       31.200     114.300       36.950

Shape               Environments Status & Error Marker 

          1           X1         Y1         X2         Y2

   1      X       -0.900     -0.550      5.100      5.200

--------------------------------------------------------------------------------
Cell Name : CLKBUFX24_DCV_HV layout CORELIBD_DCV_HV

                   Cell Errors    Real Errors   Cell Placements     Environments
                             1              1                 3                1
--------------------------------------------------------------------------------
Env.  Env. Placements            X1           Y1          X2           Y2

  1        3                 24.300       31.200      38.700       36.950

Shape               Environments Status & Error Marker 

          1           X1         Y1         X2         Y2

   1      X       -0.900     -0.550     13.500      5.200

--------------------------------------------------------------------------------
Cell Name : CLKBUFX12_DCV_HV layout CORELIBD_DCV_HV

                   Cell Errors    Real Errors   Cell Placements     Environments
                             1              1                 5                1
--------------------------------------------------------------------------------
Env.  Env. Placements            X1           Y1          X2           Y2

  1        5                 31.300       56.650      40.100       62.400

Shape               Environments Status & Error Marker 

          1           X1         Y1         X2         Y2

   1      X       -0.900     -0.550      7.900      5.200

--------------------------------------------------------------------------------
Cell Name : BUFX6_DCV_HV layout CORELIBD_DCV_HV

                   Cell Errors    Real Errors   Cell Placements     Environments
                             1              1                 2                1
--------------------------------------------------------------------------------
Env.  Env. Placements            X1           Y1          X2           Y2

  1        2                 88.700       35.850      96.100       41.600

Shape               Environments Status & Error Marker 

          1           X1         Y1         X2         Y2

   1      X       -0.900     -0.550      6.500      5.200

--------------------------------------------------------------------------------
Cell Name : BUFX4_DCV_HV layout CORELIBD_DCV_HV

                   Cell Errors    Real Errors   Cell Placements     Environments
                             1              1                 2                1
--------------------------------------------------------------------------------
Env.  Env. Placements            X1           Y1          X2           Y2

  1        2                 59.300       77.450      65.300       83.200

Shape               Environments Status & Error Marker 

          1           X1         Y1         X2         Y2

   1      X       -0.900     -0.550      5.100      5.200

--------------------------------------------------------------------------------
Cell Name : BUFX2_DCV_HV layout CORELIBD_DCV_HV

                   Cell Errors    Real Errors   Cell Placements     Environments
                             1              1                 2                1
--------------------------------------------------------------------------------
Env.  Env. Placements            X1           Y1          X2           Y2

  1        2                113.900       93.600     119.900       99.350

Shape               Environments Status & Error Marker 

          1           X1         Y1         X2         Y2

   1      X       -0.900     -0.550      5.100      5.200

--------------------------------------------------------------------------------
Cell Name : BUFX16_DCV_HV layout CORELIBD_DCV_HV

                   Cell Errors    Real Errors   Cell Placements     Environments
                             1              1                 2                1
--------------------------------------------------------------------------------
Env.  Env. Placements            X1           Y1          X2           Y2

  1        2                 56.500       98.250      68.100      104.000

Shape               Environments Status & Error Marker 

          1           X1         Y1         X2         Y2

   1      X       -0.900     -0.550     10.700      5.200

--------------------------------------------------------------------------------
Cell Name : BUFX12_DCV_HV layout CORELIBD_DCV_HV

                   Cell Errors    Real Errors   Cell Placements     Environments
                             1              1                 7                1
--------------------------------------------------------------------------------
Env.  Env. Placements            X1           Y1          X2           Y2

  1        7                 29.900       35.850      38.700       41.600

Shape               Environments Status & Error Marker 

          1           X1         Y1         X2         Y2

   1      X       -0.900     -0.550      7.900      5.200

--------------------------------------------------------------------------------
Cell Name : AOI22X4_DCV_HV layout CORELIBD_DCV_HV

                   Cell Errors    Real Errors   Cell Placements     Environments
                             1              1                 5                1
--------------------------------------------------------------------------------
Env.  Env. Placements            X1           Y1          X2           Y2

  1        5                 36.900       35.850      45.700       41.600

Shape               Environments Status & Error Marker 

          1           X1         Y1         X2         Y2

   1      X       -0.900     -0.550      7.900      5.200

--------------------------------------------------------------------------------
Cell Name : AOI22X3_DCV_HV layout CORELIBD_DCV_HV

                   Cell Errors    Real Errors   Cell Placements     Environments
                             1              1                 2                1
--------------------------------------------------------------------------------
Env.  Env. Placements            X1           Y1          X2           Y2

  1        2                119.500       77.450     128.300       83.200

Shape               Environments Status & Error Marker 

          1           X1         Y1         X2         Y2

   1      X       -0.900     -0.550      7.900      5.200

--------------------------------------------------------------------------------
Cell Name : counter layout COUNTER

                   Cell Errors    Real Errors   Cell Placements     Environments
                            22             22                 1                1
--------------------------------------------------------------------------------
Env.  Env. Placements            X1           Y1          X2           Y2

  1        1                 24.300       31.200     156.300      104.000

Shape               Environments Status & Error Marker 

          1           X1         Y1         X2         Y2

   1      X       31.650     72.800     34.100     77.450
   2      X       37.250     52.000     48.100     56.650
   3      X       37.300     78.550     38.300     83.200
   4      X       37.300     93.600     59.300    104.000
   5      X       59.700     31.200     60.700     35.850
   6      X       69.500     31.200     70.500     35.850
   7      X       69.500     57.750     71.900     62.400
   8      X       72.300     99.350     73.300    104.000
   9      X       73.700     78.550     76.100     83.200
  10      X       77.900     36.750     78.900     41.600
  11      X       87.700     36.950     88.700     41.600
  12      X       87.700     99.150     90.100    104.000
  13      X       98.900     99.350     99.900    104.000
  14      X      114.300     57.750    118.150     62.400
  15      X      115.700     72.800    118.100     77.450
  16      X      118.500     99.350    119.500    104.000
  17      X      128.300     78.550    134.950     83.200
  18      X      129.700     31.200    156.300     41.850
  19      X      133.900     99.350    134.900    104.000
  20      X      142.250     78.550    143.300     83.200
  21      X      152.100     52.000    156.250     62.400
  22      X      152.100     78.350    156.250     83.200

================================================================================
Rule No. 2073 : PMOSI  R1 Element Rule : isoVoltage  text string missing

Real Error Count : 419; Flat Error Count : 419
================================================================================

--------------------------------------------------------------------------------
Cell Name : counter layout COUNTER

                   Cell Errors    Real Errors   Cell Placements     Environments
                           419            419                 1                1
--------------------------------------------------------------------------------
Env.  Env. Placements            X1           Y1          X2           Y2

  1        1                 26.350       27.150     154.250      108.050

Shape               Environments Status & Error Marker 

          1           X1         Y1         X2         Y2

   1      X       26.350     47.950     29.650     50.750
   2      X       26.350     84.400     35.250     87.250
   3      X       26.350     89.550     35.250     92.400
   4      X       26.350    105.200     35.250    108.050
   5      X       26.400     27.675     26.750     30.000
   6      X       27.850     27.675     28.200     30.000
   7      X       29.300     27.200     29.650     30.000
   8      X       30.650     27.200     31.000     30.000
   9      X       32.000     43.275     32.350     45.600
  10      X       32.100     27.200     32.450     30.000
  11      X       33.400     42.800     33.750     45.600
  12      X       33.400     64.100     33.750     66.425
  13      X       33.450     27.200     33.800     30.000
  14      X       34.750     42.800     35.100     45.600
  15      X       34.850     63.600     35.200     66.400
  16      X       34.900     27.200     35.250     30.000
  17      X       36.100     42.800     36.450     45.600
  18      X       36.200     69.275     36.550     71.600
  19      X       36.250     27.200     36.600     30.000
  20      X       36.250     63.600     36.600     66.400
  21      X       37.550     89.550     40.850     92.350
  22      X       37.650     69.275     38.000     71.600
  23      X       37.700     63.600     38.050     66.400
  24      X       38.950     42.800     39.900     45.650
  25      X       39.075     28.550     39.425     29.350
  26      X       39.100     49.725     39.450     50.500
  27      X       39.100     68.800     39.450     71.600
  28      X       39.950     49.725     40.300     50.500
  29      X       40.350     42.550     40.700     45.650
  30      X       40.400     65.050     40.750     66.150
  31      X       40.400     84.900     40.750     87.225
  32      X       40.450     68.800     40.800     71.600
  33      X       40.475     27.850     42.475     29.450
  34      X       41.600     48.950     41.950     50.500
  35      X       41.700     42.550     42.050     45.650
  36      X       41.850     64.550     42.200     65.650
  37      X       41.850     84.400     42.200     87.200
  38      X       41.900     68.800     42.250     71.600
  39      X       42.950     48.950     43.300     50.500
  40      X       43.050     42.800     44.000     45.650
  41      X       43.250     68.800     43.600     71.600
  42      X       43.250     84.400     43.600     87.200
  43      X       43.300     64.450     43.650     65.650
  44      X       44.600     48.950     44.950     50.500
  45      X       44.700     68.800     45.050     71.600
  46      X       44.700     84.400     45.050     87.200
  47      X       44.750     64.875     45.100     66.075
  48      X       44.775     28.400     46.775     30.000
  49      X       45.550     64.875     45.900     66.075
  50      X       46.050     68.800     46.400     71.600
  51      X       47.400     43.275     47.750     45.600
  52      X       47.400     84.900     47.750     87.225
  53      X       47.700     91.625     48.050     92.400
  54      X       47.775     28.400     49.775     30.000
  55      X       48.750     89.600     49.100     92.400
  56      X       48.800     42.800     49.150     45.600
  57      X       48.800     63.600     49.150     65.700
  58      X       48.800     69.050     49.150     70.150
  59      X       48.850     84.400     49.200     87.200
  60      X       50.150     42.800     50.500     45.600
  61      X       50.200     48.000     50.550     50.325
  62      X       50.250     63.600     50.600     65.700
  63      X       50.250     69.550     50.600     70.650
  64      X       50.250     84.400     50.600     87.200
  65      X       50.775     28.400     52.775     30.000
  66      X       51.500     42.800     51.850     45.600
  67      X       51.600     48.000     51.950     50.800
  68      X       51.600     91.050     51.950     91.750
  69      X       51.700     69.550     52.050     70.750
  70      X       51.700     84.400     52.050     87.200
  71      X       52.950     48.000     53.300     50.800
  72      X       53.000    105.850     53.350    107.025
  73      X       53.050     90.350     53.400     91.750
  74      X       53.150     69.125     53.500     70.325
  75      X       53.950     69.125     54.300     70.325
  76      X       54.000     84.400     54.950     87.250
  77      X       54.300     48.000     54.650     50.800
  78      X       54.400     43.375     54.750     44.300
  79      X       54.450    105.250     54.800    107.350
  80      X       55.450     42.850     55.800     43.900
  81      X       55.850     27.150     56.800     30.000
  82      X       55.850     89.600     56.200     92.400
  83      X       55.850    105.250     56.200    107.350
  84      X       55.950     84.150     56.300     87.250
  85      X       56.650     27.150     57.600     30.000
  86      X       57.200     49.300     57.550     50.225
  87      X       57.200     69.500     57.550     71.600
  88      X       57.300     84.150     57.650     87.250
  89      X       57.700     44.550     58.050     45.650
  90      X       58.100     84.400     59.050     87.250
  91      X       58.250     49.700     58.600     50.750
  92      X       58.500     44.550     58.850     45.650
  93      X       58.550     63.600     59.500     66.450
  94      X       58.650     69.500     59.000     71.600
  95      X       58.750    105.375     59.100    106.925
  96      X       59.950     63.350     60.300     66.450
  97      X       60.100    105.375     60.450    106.925
  98      X       60.500     47.950     60.850     49.050
  99      X       60.800     43.150     61.150     43.850
 100      X       61.300     47.950     61.650     49.050
 101      X       61.300     63.350     61.650     66.450
 102      X       61.400     70.100     61.750     71.025
 103      X       61.400     90.900     61.750     91.825
 104      X       61.450    105.200     61.800    108.000
 105      X       61.600     43.150     61.950     43.850
 106      X       61.700     84.400     62.050     85.175
 107      X       62.450     70.500     62.800     71.550
 108      X       62.450     91.300     62.800     92.350
 109      X       62.650     63.600     63.600     66.450
 110      X       62.750     84.400     63.100     87.200
 111      X       62.800     27.200     63.150     30.000
 112      X       62.800    105.200     63.150    108.000
 113      X       63.250     43.750     63.600     44.900
 114      X       63.600     49.750     63.950     50.450
 115      X       64.150     27.200     64.500     30.000
 116      X       64.150    105.200     64.500    108.000
 117      X       64.400     49.750     64.750     50.450
 118      X       64.700     43.750     65.050     44.900
 119      X       64.700     68.750     65.050     69.850
 120      X       64.700     89.550     65.050     90.650
 121      X       65.500     27.200     65.850     30.000
 122      X       65.500     68.750     65.850     69.850
 123      X       65.500     89.550     65.850     90.650
 124      X       65.500    105.200     65.850    108.000
 125      X       65.600     64.250     65.950     64.950
 126      X       65.600     85.050     65.950     85.750
 127      X       66.050     48.700     66.400     49.850
 128      X       66.150     43.750     66.500     44.900
 129      X       66.900     27.200     67.250     30.000
 130      X       67.050     64.250     67.400     65.650
 131      X       67.050     85.050     67.400     86.450
 132      X       67.500     48.700     67.850     49.850
 133      X       67.600     43.600     67.950     44.450
 134      X       67.800     70.550     68.150     71.250
 135      X       67.800     91.350     68.150     92.050
 136      X       68.400    105.200     69.350    108.050
 137      X       68.600     70.550     68.950     71.250
 138      X       68.600     91.350     68.950     92.050
 139      X       68.750     43.600     69.100     44.450
 140      X       68.950     48.700     69.300     49.850
 141      X       69.200    105.200     70.150    108.050
 142      X       69.850     84.400     70.800     87.250
 143      X       70.250     69.500     70.600     70.650
 144      X       70.250     90.300     70.600     91.450
 145      X       70.400     49.150     70.750     50.000
 146      X       70.650     84.400     71.600     87.250
 147      X       71.550     49.150     71.900     50.000
 148      X       71.700     69.500     72.050     70.650
 149      X       71.700     90.300     72.050     91.450
 150      X       72.600     27.200     72.950     30.000
 151      X       73.150     69.500     73.500     70.650
 152      X       73.150     90.300     73.500     91.450
 153      X       73.950     27.200     74.300     30.000
 154      X       74.000     44.200     74.350     44.900
 155      X       74.000     85.050     74.350     85.750
 156      X       74.050     63.600     75.000     66.450
 157      X       74.600     69.950     74.950     70.800
 158      X       74.600     90.750     74.950     91.600
 159      X       74.850     63.600     75.800     66.450
 160      X       75.300     27.200     75.650     30.000
 161      X       75.400    105.200     75.750    107.300
 162      X       75.450     44.200     75.800     44.900
 163      X       75.450     85.050     75.800     87.150
 164      X       75.750     69.950     76.100     70.800
 165      X       75.750     90.750     76.100     91.600
 166      X       76.700     27.200     77.050     30.000
 167      X       76.800     48.700     77.150     49.400
 168      X       76.850    105.200     77.200    107.300
 169      X       78.200     85.050     78.550     85.750
 170      X       78.250     48.700     78.600     49.400
 171      X       78.825     63.600     80.825     65.200
 172      X       79.650     85.050     80.000     86.450
 173      X       80.100    106.475     80.450    107.675
 174      X       80.900    106.475     81.250    107.675
 175      X       81.000     42.800     81.350     45.600
 176      X       81.000     48.000     81.350     50.325
 177      X       81.000     69.500     81.350     70.200
 178      X       81.000     90.300     81.350     91.000
 179      X       81.075     28.550     81.425     29.350
 180      X       81.825     63.600     83.825     65.200
 181      X       82.350     42.800     82.700     45.600
 182      X       82.350    106.050     82.700    107.250
 183      X       82.400     48.000     82.750     50.800
 184      X       82.400     84.400     82.750     87.200
 185      X       82.450     69.500     82.800     70.200
 186      X       82.450     90.300     82.800     91.000
 187      X       82.475     27.850     84.475     29.450
 188      X       83.700     42.800     84.050     45.600
 189      X       83.750     48.000     84.100     50.800
 190      X       83.750     84.400     84.100     87.200
 191      X       83.800    106.150     84.150    107.250
 192      X       84.825     63.600     86.825     65.200
 193      X       85.100     42.800     85.450     45.600
 194      X       85.100     48.000     85.450     50.800
 195      X       85.100     84.400     85.450     87.200
 196      X       85.250    106.650     85.600    107.750
 197      X       86.500     84.400     86.850     87.200
 198      X       86.775     28.400     88.775     30.000
 199      X       89.125     64.150     91.125     65.750
 200      X       89.550     84.400     89.900     87.200
 201      X       89.775     28.400     91.775     30.000
 202      X       90.800     43.125     91.150     44.300
 203      X       90.900     84.400     91.250     87.200
 204      X       91.800    105.200     92.750    108.050
 205      X       92.175     64.250     92.525     65.050
 206      X       92.200     70.100     92.550     71.025
 207      X       92.200     90.900     92.550     91.825
 208      X       92.250     84.400     92.600     87.200
 209      X       92.350     43.500     92.700     45.600
 210      X       92.775     28.400     94.775     30.000
 211      X       93.250     70.500     93.600     71.550
 212      X       93.250     91.300     93.600     92.350
 213      X       93.650     84.875     94.000     87.200
 214      X       93.700     43.500     94.050     45.600
 215      X       93.750    104.950     94.100    108.050
 216      X       95.000     49.300     95.350     50.225
 217      X       95.000     63.925     95.350     65.100
 218      X       95.100    104.950     95.450    108.050
 219      X       95.500     68.750     95.850     69.850
 220      X       95.500     89.550     95.850     90.650
 221      X       95.900    105.200     96.850    108.050
 222      X       96.050     49.700     96.400     50.750
 223      X       96.300     68.750     96.650     69.850
 224      X       96.300     89.550     96.650     90.650
 225      X       96.400     85.050     96.750     85.750
 226      X       96.550     64.300     96.900     66.400
 227      X       97.750     27.150    101.050     29.950
 228      X       97.800     42.800     98.150     45.600
 229      X       97.850     85.050     98.200     86.450
 230      X       97.900     64.300     98.250     66.400
 231      X       98.300     47.950     98.650     49.050
 232      X       98.600     70.550     98.950     71.250
 233      X       98.600     91.350     98.950     92.050
 234      X       99.100     47.950     99.450     49.050
 235      X       99.150     42.800     99.500     45.600
 236      X       99.400     70.550     99.750     71.250
 237      X       99.400     91.350     99.750     92.050
 238      X      100.500     42.800    100.850     45.600
 239      X      100.600     63.600    101.550     66.450
 240      X      100.600     84.400    101.550     87.250
 241      X      101.050     69.500    101.400     70.650
 242      X      101.050     90.300    101.400     91.450
 243      X      101.400     49.750    101.750     50.450
 244      X      101.400     63.600    102.350     66.450
 245      X      101.400     84.400    102.350     87.250
 246      X      101.900     42.800    102.250     45.600
 247      X      102.000    105.200    102.950    108.050
 248      X      102.200     49.750    102.550     50.450
 249      X      102.500     69.500    102.850     70.650
 250      X      102.500     90.300    102.850     91.450
 251      X      102.800    105.200    103.750    108.050
 252      X      103.550     27.200    103.900     30.000
 253      X      103.850     48.700    104.200     49.850
 254      X      103.950     69.500    104.300     70.650
 255      X      103.950     90.300    104.300     91.450
 256      X      104.875     85.050    105.225     85.850
 257      X      104.950     27.200    105.300     30.000
 258      X      105.300     48.700    105.650     49.850
 259      X      105.400     69.950    105.750     70.800
 260      X      105.400     90.750    105.750     91.600
 261      X      106.200     43.375    106.550     44.300
 262      X      106.200     64.250    106.550     64.950
 263      X      106.200    105.850    106.550    106.550
 264      X      106.275     84.950    108.275     86.550
 265      X      106.300     27.200    106.650     30.000
 266      X      106.550     69.950    106.900     70.800
 267      X      106.550     90.750    106.900     91.600
 268      X      106.750     48.700    107.100     49.850
 269      X      107.250     42.850    107.600     43.900
 270      X      107.650     27.200    108.000     30.000
 271      X      107.650     64.250    108.000     65.650
 272      X      107.650    105.850    108.000    107.250
 273      X      108.200     49.150    108.550     50.000
 274      X      109.350     49.150    109.700     50.000
 275      X      109.500     44.550    109.850     45.650
 276      X      110.300     44.550    110.650     45.650
 277      X      110.400     28.650    110.750     29.350
 278      X      110.400     63.600    111.350     66.450
 279      X      110.400    105.850    110.750    106.550
 280      X      110.575     84.400    112.575     86.000
 281      X      111.200     63.600    112.150     66.450
 282      X      111.800     69.500    112.150     70.200
 283      X      111.800     90.300    112.150     91.000
 284      X      111.850     27.950    112.200     29.350
 285      X      111.850    105.850    112.200    107.250
 286      X      112.600     43.150    112.950     43.850
 287      X      113.250     69.500    113.600     70.200
 288      X      113.250     90.300    113.600     91.000
 289      X      113.400     43.150    113.750     43.850
 290      X      113.575     84.400    115.575     86.000
 291      X      114.600     48.700    114.950     49.400
 292      X      114.600    105.850    114.950    106.550
 293      X      114.650     64.850    115.000     66.400
 294      X      115.050     43.750    115.400     44.900
 295      X      116.000     27.200    116.350     30.000
 296      X      116.050     48.700    116.400     49.400
 297      X      116.050     63.600    116.400     66.400
 298      X      116.050    105.850    116.400    107.250
 299      X      116.150     90.425    116.500     91.825
 300      X      116.500     43.750    116.850     44.900
 301      X      116.575     84.400    118.575     86.000
 302      X      117.200     91.700    117.550     92.400
 303      X      117.350     27.200    117.700     30.000
 304      X      117.400     63.600    117.750     66.400
 305      X      117.950     43.750    118.300     44.900
 306      X      118.700     27.200    119.050     30.000
 307      X      118.800     48.475    119.150     50.800
 308      X      119.400     43.600    119.750     44.450
 309      X      120.100     27.200    120.450     30.000
 310      X      120.200     68.775    120.550     71.100
 311      X      120.200     89.600    120.550     91.925
 312      X      120.250     48.475    120.600     50.800
 313      X      120.550     43.600    120.900     44.450
 314      X      121.600     84.900    121.950     87.250
 315      X      121.600     89.600    121.950     92.400
 316      X      121.600    105.700    121.950    108.050
 317      X      121.650     68.800    122.000     71.600
 318      X      121.700     48.000    122.050     50.800
 319      X      122.950     89.600    123.300     92.400
 320      X      123.000     28.650    123.350     29.350
 321      X      123.000     84.450    123.350     86.800
 322      X      123.000    105.250    123.350    107.600
 323      X      123.050     48.000    123.400     50.800
 324      X      123.050     68.800    123.400     71.600
 325      X      124.300     89.600    124.650     92.400
 326      X      124.350     84.450    124.700     86.800
 327      X      124.350    105.250    124.700    107.600
 328      X      124.450     27.950    124.800     29.350
 329      X      124.500     48.000    124.850     50.800
 330      X      124.500     68.800    124.850     71.600
 331      X      125.800     44.200    126.150     44.900
 332      X      125.800     84.450    126.150     86.800
 333      X      125.800    105.250    126.150    107.600
 334      X      125.850     48.000    126.200     50.800
 335      X      127.200     27.200    127.550     30.000
 336      X      127.200     65.050    127.550     66.150
 337      X      127.200     69.050    127.550     70.150
 338      X      127.200     90.300    127.550     92.400
 339      X      127.250     44.200    127.600     44.900
 340      X      127.300     48.000    127.650     50.800
 341      X      128.200     84.400    129.500     87.250
 342      X      128.550     27.200    128.900     30.000
 343      X      128.600    105.850    128.950    107.400
 344      X      128.650     48.000    129.000     50.800
 345      X      128.650     64.550    129.000     65.650
 346      X      128.650     69.550    129.000     70.650
 347      X      128.650     90.300    129.000     92.400
 348      X      129.900     27.200    130.250     30.000
 349      X      130.050     84.400    130.400     87.200
 350      X      130.050    105.200    130.400    108.000
 351      X      130.100     64.450    130.450     65.650
 352      X      130.100     69.550    130.450     70.750
 353      X      131.000     47.950    131.950     50.800
 354      X      131.300     27.200    131.650     30.000
 355      X      131.450     84.400    131.800     87.200
 356      X      131.450    105.200    131.800    108.000
 357      X      131.550     64.875    131.900     66.075
 358      X      131.550     69.125    131.900     70.325
 359      X      131.850     43.375    132.200     45.450
 360      X      131.900     89.925    132.250     91.125
 361      X      132.350     64.875    132.700     66.075
 362      X      132.350     69.125    132.700     70.325
 363      X      132.650     43.375    133.000     45.450
 364      X      132.700     89.925    133.050     91.125
 365      X      132.900     84.400    133.250     87.200
 366      X      132.950     47.950    133.300     51.050
 367      X      134.100     43.375    134.450     45.450
 368      X      134.150     27.150    154.250     30.000
 369      X      134.150     90.350    134.500     91.550
 370      X      134.250     84.400    134.600     87.200
 371      X      134.300     47.950    134.650     51.050
 372      X      135.100     47.950    136.050     50.800
 373      X      135.550     43.375    135.900     44.950
 374      X      135.600     63.600    135.950     65.700
 375      X      135.600     69.500    135.950     71.600
 376      X      135.600     90.350    135.950     91.450
 377      X      137.000     43.375    137.350     44.950
 378      X      137.050     63.600    137.400     65.700
 379      X      137.050     69.500    137.400     71.600
 380      X      137.050     89.850    137.400     90.950
 381      X      137.250    105.200    137.600    105.900
 382      X      138.300    105.775    138.650    107.175
 383      X      138.475     49.350    138.825     50.150
 384      X      139.800     43.450    140.150     45.000
 385      X      139.800     64.075    140.150     66.400
 386      X      139.875     48.650    141.875     50.250
 387      X      139.875     70.150    140.225     70.950
 388      X      139.875     90.950    140.225     91.750
 389      X      141.200     63.600    141.550     66.400
 390      X      141.250     42.800    141.600     45.600
 391      X      141.275     69.450    143.275     71.050
 392      X      141.275     90.250    143.275     91.850
 393      X      141.350    105.375    141.700    106.925
 394      X      142.550     63.600    142.900     66.400
 395      X      142.650     42.800    143.000     45.600
 396      X      142.700    105.375    143.050    106.925
 397      X      143.900     63.600    144.250     66.400
 398      X      144.050    105.200    144.400    108.000
 399      X      144.175     49.200    146.175     50.800
 400      X      145.350     42.800    154.250     45.650
 401      X      145.400     84.900    145.750     87.225
 402      X      145.400    105.200    145.750    108.000
 403      X      145.575     70.000    147.575     71.600
 404      X      145.575     90.800    147.575     92.400
 405      X      146.750    105.200    147.100    108.000
 406      X      146.800     64.250    147.150     65.800
 407      X      146.850     84.400    147.200     87.200
 408      X      147.175     49.200    149.175     50.800
 409      X      148.100    105.200    148.450    108.000
 410      X      148.250     63.600    148.600     66.400
 411      X      148.250     84.400    148.600     87.200
 412      X      148.575     70.000    150.575     71.600
 413      X      148.575     90.800    150.575     92.400
 414      X      149.650     63.600    150.000     66.400
 415      X      149.700     84.400    150.050     87.200
 416      X      150.175     49.200    152.175     50.800
 417      X      150.950    105.250    154.250    108.050
 418      X      151.575     70.000    153.575     71.600
 419      X      151.575     90.800    153.575     92.400

================================================================================
Rule No. 2085 : NMOSI  R1 Element Rule : isoVoltage  text string missing

Real Error Count : 93; Flat Error Count : 388
================================================================================

--------------------------------------------------------------------------------
Cell Name : NOR2X4_DCV_HV layout CORELIBD_DCV_HV

                   Cell Errors    Real Errors   Cell Placements     Environments
                             2              2                 8                1
--------------------------------------------------------------------------------
Env.  Env. Placements            X1           Y1          X2           Y2

  1        8                 55.800       33.100      57.600       34.700

Shape               Environments Status & Error Marker 

          1           X1         Y1         X2         Y2

   1      X        1.200      1.700      1.550      3.300
   2      X        2.650      1.700      3.000      3.300

--------------------------------------------------------------------------------
Cell Name : INVX16_DCV_HV layout CORELIBD_DCV_HV

                   Cell Errors    Real Errors   Cell Placements     Environments
                             3              3                 8                1
--------------------------------------------------------------------------------
Env.  Env. Placements            X1           Y1          X2           Y2

  1        8                 62.800       32.550      65.850       34.675

Shape               Environments Status & Error Marker 

          1           X1         Y1         X2         Y2

   1      X        1.200      1.725      1.550      3.850
   2      X        2.550      1.725      2.900      3.850
   3      X        3.900      1.725      4.250      3.850

--------------------------------------------------------------------------------
Cell Name : HAX3_DCV_HV layout CORELIBD_DCV_HV

                   Cell Errors    Real Errors   Cell Placements     Environments
                             7              7                 6                1
--------------------------------------------------------------------------------
Env.  Env. Placements            X1           Y1          X2           Y2

  1        6                 40.400       59.050      50.600       61.050

Shape               Environments Status & Error Marker 

          1           X1         Y1         X2         Y2

   1      X        1.200      1.875      1.550      2.550
   2      X        2.000      1.875      2.350      2.550
   3      X        3.450      1.850      3.800      2.550
   4      X        4.600      2.300      4.950      3.000
   5      X        6.850      2.300      7.200      3.000
   6      X        9.600      2.650      9.950      3.850
   7      X       11.050      2.650     11.400      3.850

--------------------------------------------------------------------------------
Cell Name : FILLCAPX8_DCV_HV layout CORELIBD_DCV_HV

                   Cell Errors    Real Errors   Cell Placements     Environments
                             1              1                 4                1
--------------------------------------------------------------------------------
Env.  Env. Placements            X1           Y1          X2           Y2

  1        4                144.975       38.300     154.775       39.550

Shape               Environments Status & Error Marker 

          1           X1         Y1         X2         Y2

   1      X        0.775      1.900     10.575      3.150

--------------------------------------------------------------------------------
Cell Name : FILLCAPX4_DCV_HV layout CORELIBD_DCV_HV

                   Cell Errors    Real Errors   Cell Placements     Environments
                             1              1                 4                1
--------------------------------------------------------------------------------
Env.  Env. Placements            X1           Y1          X2           Y2

  1        4                 97.375       33.250     101.575       34.500

Shape               Environments Status & Error Marker 

          1           X1         Y1         X2         Y2

   1      X        0.775      1.900      4.975      3.150

--------------------------------------------------------------------------------
Cell Name : DLY1X1_DCV_HV layout CORELIBD_DCV_HV

                   Cell Errors    Real Errors   Cell Placements     Environments
                             4              4                 7                1
--------------------------------------------------------------------------------
Env.  Env. Placements            X1           Y1          X2           Y2

  1        7                 39.500       32.400      48.800       34.350

Shape               Environments Status & Error Marker 

          1           X1         Y1         X2         Y2

   1      X        1.700      2.050      2.050      2.750
   2      X        3.150      2.050      5.150      2.750
   3      X        7.550      2.525      9.550      3.225
   4      X       10.650      2.850     11.000      4.000

--------------------------------------------------------------------------------
Cell Name : DFX1_DCV_HV layout CORELIBD_DCV_HV

                   Cell Errors    Real Errors   Cell Placements     Environments
                            13             13                 8                1
--------------------------------------------------------------------------------
Env.  Env. Placements            X1           Y1          X2           Y2

  1        8                 54.400       38.550      75.800       40.150

Shape               Environments Status & Error Marker 

          1           X1         Y1         X2         Y2

   1      X        1.200      2.150      1.550      2.650
   2      X        2.650      2.550      3.000      3.050
   3      X        5.000      2.150      5.350      2.650
   4      X        5.800      2.150      6.150      2.650
   5      X        8.050      3.250      8.400      3.750
   6      X        8.850      3.250      9.200      3.750
   7      X        9.900      3.250     10.250      3.750
   8      X       12.400      2.750     12.750      3.250
   9      X       14.250      2.750     14.600      3.250
  10      X       15.700      2.550     16.050      3.050
  11      X       16.750      2.550     17.100      3.050
  12      X       21.100      2.350     21.450      2.750
  13      X       22.250      2.350     22.600      2.750

--------------------------------------------------------------------------------
Cell Name : CLKBUFX8_DCV_HV layout CORELIBD_DCV_HV

                   Cell Errors    Real Errors   Cell Placements     Environments
                             3              3                 3                1
--------------------------------------------------------------------------------
Env.  Env. Placements            X1           Y1          X2           Y2

  1        3                139.800       38.750     143.000       40.350

Shape               Environments Status & Error Marker 

          1           X1         Y1         X2         Y2

   1      X        1.200      2.400      1.550      3.300
   2      X        2.600      2.350      2.950      3.950
   3      X        4.050      2.350      4.400      3.950

--------------------------------------------------------------------------------
Cell Name : CLKBUFX2_DCV_HV layout CORELIBD_DCV_HV

                   Cell Errors    Real Errors   Cell Placements     Environments
                             2              2                11                1
--------------------------------------------------------------------------------
Env.  Env. Placements            X1           Y1          X2           Y2

  1       11                110.400       33.100     112.200       33.900

Shape               Environments Status & Error Marker 

          1           X1         Y1         X2         Y2

   1      X        1.200      2.900      1.550      3.300
   2      X        2.650      2.500      3.000      3.300

--------------------------------------------------------------------------------
Cell Name : CLKBUFX24_DCV_HV layout CORELIBD_DCV_HV

                   Cell Errors    Real Errors   Cell Placements     Environments
                             7              7                 3                1
--------------------------------------------------------------------------------
Env.  Env. Placements            X1           Y1          X2           Y2

  1        3                 27.850       32.450      36.600       35.225

Shape               Environments Status & Error Marker 

          1           X1         Y1         X2         Y2

   1      X        2.650      1.175      3.000      3.850
   2      X        4.100      2.350      4.450      3.950
   3      X        5.450      2.350      5.800      3.950
   4      X        6.900      2.350      7.250      3.950
   5      X        8.250      2.350      8.600      3.950
   6      X        9.700      2.350     10.050      3.950
   7      X       11.050      2.350     11.400      3.950

--------------------------------------------------------------------------------
Cell Name : CLKBUFX12_DCV_HV layout CORELIBD_DCV_HV

                   Cell Errors    Real Errors   Cell Placements     Environments
                             4              4                 5                1
--------------------------------------------------------------------------------
Env.  Env. Placements            X1           Y1          X2           Y2

  1        5                 33.400       59.175      38.000       61.150

Shape               Environments Status & Error Marker 

          1           X1         Y1         X2         Y2

   1      X        1.200      1.975      1.550      3.300
   2      X        2.550      2.350      2.900      3.950
   3      X        4.000      2.350      4.350      3.950
   4      X        5.450      2.350      5.800      3.950

--------------------------------------------------------------------------------
Cell Name : BUFX6_DCV_HV layout CORELIBD_DCV_HV

                   Cell Errors    Real Errors   Cell Placements     Environments
                             2              2                 2                1
--------------------------------------------------------------------------------
Env.  Env. Placements            X1           Y1          X2           Y2

  1        2                 91.150       38.000      93.100       40.400

Shape               Environments Status & Error Marker 

          1           X1         Y1         X2         Y2

   1      X        1.550      3.325      1.900      4.000
   2      X        3.150      1.600      3.500      4.000

--------------------------------------------------------------------------------
Cell Name : BUFX4_DCV_HV layout CORELIBD_DCV_HV

                   Cell Errors    Real Errors   Cell Placements     Environments
                             2              2                 2                1
--------------------------------------------------------------------------------
Env.  Env. Placements            X1           Y1          X2           Y2

  1        2                 61.400       79.700      63.200       81.300

Shape               Environments Status & Error Marker 

          1           X1         Y1         X2         Y2

   1      X        1.200      2.500      1.550      2.950
   2      X        2.650      1.700      3.000      3.300

--------------------------------------------------------------------------------
Cell Name : BUFX2_DCV_HV layout CORELIBD_DCV_HV

                   Cell Errors    Real Errors   Cell Placements     Environments
                             2              2                 2                1
--------------------------------------------------------------------------------
Env.  Env. Placements            X1           Y1          X2           Y2

  1        2                116.150       95.350     117.550       96.200

Shape               Environments Status & Error Marker 

          1           X1         Y1         X2         Y2

   1      X        1.450      2.600      1.800      3.000
   2      X        2.500      2.650      2.850      3.450

--------------------------------------------------------------------------------
Cell Name : BUFX16_DCV_HV layout CORELIBD_DCV_HV

                   Cell Errors    Real Errors   Cell Placements     Environments
                             4              4                 2                1
--------------------------------------------------------------------------------
Env.  Env. Placements            X1           Y1          X2           Y2

  1        2                 60.100      100.675      64.500      102.800

Shape               Environments Status & Error Marker 

          1           X1         Y1         X2         Y2

   1      X        2.700      1.875      3.050      3.650
   2      X        4.050      1.875      4.400      4.000
   3      X        5.400      1.875      5.750      4.000
   4      X        6.750      1.875      7.100      4.000

--------------------------------------------------------------------------------
Cell Name : BUFX12_DCV_HV layout CORELIBD_DCV_HV

                   Cell Errors    Real Errors   Cell Placements     Environments
                             3              3                 7                1
--------------------------------------------------------------------------------
Env.  Env. Placements            X1           Y1          X2           Y2

  1        7                 32.000       38.000      35.225       40.400

Shape               Environments Status & Error Marker 

          1           X1         Y1         X2         Y2

   1      X        1.200      1.600      1.550      2.925
   2      X        2.675      1.600      3.025      4.000
   3      X        4.075      1.600      4.425      4.000

--------------------------------------------------------------------------------
Cell Name : AOI22X4_DCV_HV layout CORELIBD_DCV_HV

                   Cell Errors    Real Errors   Cell Placements     Environments
                             4              4                 5                1
--------------------------------------------------------------------------------
Env.  Env. Placements            X1           Y1          X2           Y2

  1        5                 39.450       37.550      43.550       39.300

Shape               Environments Status & Error Marker 

          1           X1         Y1         X2         Y2

   1      X        1.250      1.150      1.600      2.900
   2      X        2.050      1.150      2.400      2.900
   3      X        4.200      1.150      4.550      2.900
   4      X        5.000      1.150      5.350      2.900

--------------------------------------------------------------------------------
Cell Name : AOI22X3_DCV_HV layout CORELIBD_DCV_HV

                   Cell Errors    Real Errors   Cell Placements     Environments
                             4              4                 2                1
--------------------------------------------------------------------------------
Env.  Env. Placements            X1           Y1          X2           Y2

  1        2                121.650       79.625     125.750       80.950

Shape               Environments Status & Error Marker 

          1           X1         Y1         X2         Y2

   1      X        1.250      1.625      1.600      2.950
   2      X        2.050      1.625      2.400      2.950
   3      X        4.200      1.625      4.550      2.950
   4      X        5.000      1.625      5.350      2.950

--------------------------------------------------------------------------------
Cell Name : counter layout COUNTER

                   Cell Errors    Real Errors   Cell Placements     Environments
                            25             25                 1                1
--------------------------------------------------------------------------------
Env.  Env. Placements            X1           Y1          X2           Y2

  1        1                 25.975       32.400     154.775      102.800

Shape               Environments Status & Error Marker 

          1           X1         Y1         X2         Y2

   1      X       39.100     54.300     39.450     54.700
   2      X       40.550     54.300     40.900     54.700
   3      X       42.150     54.300     42.500     55.100
   4      X       43.600     54.225     43.950     55.100
   5      X       44.500     54.225     44.850     55.100
   6      X       53.000    101.425     53.350    102.100
   7      X       54.400    101.150     54.750    102.350
   8      X       55.850     95.400     56.200     97.000
   9      X       55.850    101.150     56.200    102.350
  10      X       74.000     80.900     74.350     81.300
  11      X       75.450     80.350     75.800     81.550
  12      X      114.600     59.050    114.950     59.950
  13      X      116.050     59.050    116.400     60.650
  14      X      117.400     59.050    117.750     60.650
  15      X      128.600     79.525    128.950     81.300
  16      X      129.950     80.350    130.300     81.950
  17      X      131.400     80.350    131.750     81.950
  18      X      131.450     38.350    131.800     39.625
  19      X      132.850     80.350    133.200     81.950
  20      X      133.025     38.350    133.375     39.625
  21      X      133.775     33.250    154.775     34.500
  22      X      134.250     80.375    134.600     81.950
  23      X      134.750     38.350    135.100     39.625
  24      X      136.200     38.675    136.550     39.625
  25      X      137.050     38.675    137.400     39.625

================================================================================
Rule No. 2338 : PO_R_1 Minimum density of POLY1 area [%] Density = total poly layer area / chip area Recommended dummy structures are 5um * 2um rectangles with 2um spacing. They should not be placed on active devices. = 14

Real Error Count : 1; Flat Error Count : 2
================================================================================

--------------------------------------------------------------------------------
Cell Name : counter layout COUNTER

                   Cell Errors    Real Errors   Cell Placements     Environments
                             2              1                 1                1
--------------------------------------------------------------------------------
Env.  Env. Placements            X1           Y1          X2           Y2

  1        1                  1.800        0.000     178.800      135.200

Shape               Environments Status & Error Marker 

          1           X1         Y1         X2         Y2

   1      X        1.800      0.000    178.800    135.200

================================================================================
Rule No. 2400 : M2_R_1 Minimum density of MET2 area [%] = 30

Real Error Count : 1; Flat Error Count : 2
================================================================================

--------------------------------------------------------------------------------
Cell Name : counter layout COUNTER

                   Cell Errors    Real Errors   Cell Placements     Environments
                             2              1                 1                1
--------------------------------------------------------------------------------
Env.  Env. Placements            X1           Y1          X2           Y2

  1        1                  1.800        0.000     178.800      135.200

Shape               Environments Status & Error Marker 

          1           X1         Y1         X2         Y2

   1      X        1.800      0.000    178.800    135.200

================================================================================
Rule No. 2411 : M3_R_1 Minimum density of MET3 area [%] = 30

Real Error Count : 1; Flat Error Count : 2
================================================================================

--------------------------------------------------------------------------------
Cell Name : counter layout COUNTER

                   Cell Errors    Real Errors   Cell Placements     Environments
                             2              1                 1                1
--------------------------------------------------------------------------------
Env.  Env. Placements            X1           Y1          X2           Y2

  1        1                  1.800        0.000     178.800      135.200

Shape               Environments Status & Error Marker 

          1           X1         Y1         X2         Y2

   1      X        1.800      0.000    178.800    135.200

================================================================================
Rule No. 2420 : R01M4 Minimum density of MET4 area [%] = 30

Real Error Count : 1; Flat Error Count : 2
================================================================================

--------------------------------------------------------------------------------
Cell Name : counter layout COUNTER

                   Cell Errors    Real Errors   Cell Placements     Environments
                             2              1                 1                1
--------------------------------------------------------------------------------
Env.  Env. Placements            X1           Y1          X2           Y2

  1        1                  1.800        0.000     178.800      135.200

Shape               Environments Status & Error Marker 

          1           X1         Y1         X2         Y2

   1      X        1.800      0.000    178.800    135.200

================================================================================
Rule No. 2629 : AMTS1 Maximum MTOP spacing when the width of one or both MTOP shapes is less than 10um. = 10

Real Error Count : 1; Flat Error Count : 1
================================================================================

--------------------------------------------------------------------------------
Cell Name : counter layout COUNTER

                   Cell Errors    Real Errors   Cell Placements     Environments
                             1              1                 1                1
--------------------------------------------------------------------------------
Env.  Env. Placements            X1           Y1          X2           Y2

  1        1                  1.800        0.000     178.800      135.200

Shape               Environments Status & Error Marker 

          1           X1         Y1         X2         Y2

   1      X        1.800      0.000    178.800    135.200

================================================================================
Rule No. 2722 : # H35B4 (Last updated 20-Nov-2018 10:48) #

Real Error Count : 1; Flat Error Count : 1
================================================================================

--------------------------------------------------------------------------------
Cell Name : counter layout COUNTER

                   Cell Errors    Real Errors   Cell Placements     Environments
                             1              1                 1                1
--------------------------------------------------------------------------------
Env.  Env. Placements            X1           Y1          X2           Y2

  1        1                  1.800        0.000     178.800      135.200

Shape               Environments Status & Error Marker 

          1           X1         Y1         X2         Y2

   1      X        1.800      0.000    178.800    135.200

