================================================================================
Rule No. 101 : BAD_SUBSTR_SUBTAP_MULTCONN_ERC

Real Error Count : 1; Flat Error Count : 1
================================================================================

--------------------------------------------------------------------------------
Cell Name : core layout MINIMAL_CORE

                   Cell Errors    Real Errors   Cell Placements     Environments
                             1              1                 1                1
--------------------------------------------------------------------------------
Env.  Env. Placements            X1           Y1          X2           Y2

  1        1                 28.750       70.250     181.350      176.650

Shape               Environments Status & Error Marker 

          1           X1         Y1         X2         Y2

   1      X       28.750     70.250    181.350    176.650

================================================================================
Rule No. 1662 : SNR005 More RPTUB shapes enclosed by SNTUB ring : Each RPTUB shape inside DNTUB must be fully enclosed with SNTUB

Real Error Count : 41; Flat Error Count : 121
================================================================================

--------------------------------------------------------------------------------
Cell Name : NOR2X4_DCV_HV layout CORELIBD_DCV_HV

                   Cell Errors    Real Errors   Cell Placements     Environments
                             1              1                 8                1
--------------------------------------------------------------------------------
Env.  Env. Placements            X1           Y1          X2           Y2

  1        8                 68.450       87.050      74.450       92.800

Shape               Environments Status & Error Marker 

          1           X1         Y1         X2         Y2

   1      X       -0.900     -0.550      5.100      5.200

--------------------------------------------------------------------------------
Cell Name : INVX16_DCV_HV layout CORELIBD_DCV_HV

                   Cell Errors    Real Errors   Cell Placements     Environments
                             1              1                 8                1
--------------------------------------------------------------------------------
Env.  Env. Placements            X1           Y1          X2           Y2

  1        8                 75.450       87.050      84.250       92.800

Shape               Environments Status & Error Marker 

          1           X1         Y1         X2         Y2

   1      X       -0.900     -0.550      7.900      5.200

--------------------------------------------------------------------------------
Cell Name : HAX3_DCV_HV layout CORELIBD_DCV_HV

                   Cell Errors    Real Errors   Cell Placements     Environments
                             1              1                 6                1
--------------------------------------------------------------------------------
Env.  Env. Placements            X1           Y1          X2           Y2

  1        6                 53.050      112.500      67.450      118.250

Shape               Environments Status & Error Marker 

          1           X1         Y1         X2         Y2

   1      X       -0.900     -0.550     13.500      5.200

--------------------------------------------------------------------------------
Cell Name : FILLCELLX4_DCV_HV layout CORELIBD_DCV_HV

                   Cell Errors    Real Errors   Cell Placements     Environments
                             1              1                10                1
--------------------------------------------------------------------------------
Env.  Env. Placements            X1           Y1          X2           Y2

  1       10                 39.100       91.700      46.400       97.450

Shape               Environments Status & Error Marker 

          1           X1         Y1         X2         Y2

   1      X       -0.850     -0.550      6.450      5.200

--------------------------------------------------------------------------------
Cell Name : FILLCAPX8_DCV_HV layout CORELIBD_DCV_HV

                   Cell Errors    Real Errors   Cell Placements     Environments
                             1              1                 4                1
--------------------------------------------------------------------------------
Env.  Env. Placements            X1           Y1          X2           Y2

  1        4                158.050       91.700     171.050       97.450

Shape               Environments Status & Error Marker 

          1           X1         Y1         X2         Y2

   1      X       -0.900     -0.550     12.100      5.200

--------------------------------------------------------------------------------
Cell Name : FILLCAPX4_DCV_HV layout CORELIBD_DCV_HV

                   Cell Errors    Real Errors   Cell Placements     Environments
                             1              1                 4                1
--------------------------------------------------------------------------------
Env.  Env. Placements            X1           Y1          X2           Y2

  1        4                110.450       87.050     117.850       92.800

Shape               Environments Status & Error Marker 

          1           X1         Y1         X2         Y2

   1      X       -0.900     -0.550      6.500      5.200

--------------------------------------------------------------------------------
Cell Name : DLY1X1_DCV_HV layout CORELIBD_DCV_HV

                   Cell Errors    Real Errors   Cell Placements     Environments
                             1              1                 7                1
--------------------------------------------------------------------------------
Env.  Env. Placements            X1           Y1          X2           Y2

  1        7                 51.650       87.050      70.250       92.800

Shape               Environments Status & Error Marker 

          1           X1         Y1         X2         Y2

   1      X       -0.900     -0.550     17.700      5.200

--------------------------------------------------------------------------------
Cell Name : DFX1_DCV_HV layout CORELIBD_DCV_HV

                   Cell Errors    Real Errors   Cell Placements     Environments
                             1              1                 8                1
--------------------------------------------------------------------------------
Env.  Env. Placements            X1           Y1          X2           Y2

  1        8                 67.050       91.700      92.650       97.500

Shape               Environments Status & Error Marker 

          1           X1         Y1         X2         Y2

   1      X       -0.900     -0.550     24.700      5.250

--------------------------------------------------------------------------------
Cell Name : CLKBUFX8_DCV_HV layout CORELIBD_DCV_HV

                   Cell Errors    Real Errors   Cell Placements     Environments
                             1              1                 3                1
--------------------------------------------------------------------------------
Env.  Env. Placements            X1           Y1          X2           Y2

  1        3                152.450       91.700     159.850       97.450

Shape               Environments Status & Error Marker 

          1           X1         Y1         X2         Y2

   1      X       -0.900     -0.550      6.500      5.200

--------------------------------------------------------------------------------
Cell Name : CLKBUFX2_DCV_HV layout CORELIBD_DCV_HV

                   Cell Errors    Real Errors   Cell Placements     Environments
                             1              1                11                1
--------------------------------------------------------------------------------
Env.  Env. Placements            X1           Y1          X2           Y2

  1       11                123.050       87.050     129.050       92.800

Shape               Environments Status & Error Marker 

          1           X1         Y1         X2         Y2

   1      X       -0.900     -0.550      5.100      5.200

--------------------------------------------------------------------------------
Cell Name : CLKBUFX24_DCV_HV layout CORELIBD_DCV_HV

                   Cell Errors    Real Errors   Cell Placements     Environments
                             1              1                 3                1
--------------------------------------------------------------------------------
Env.  Env. Placements            X1           Y1          X2           Y2

  1        3                 39.050       87.050      53.450       92.800

Shape               Environments Status & Error Marker 

          1           X1         Y1         X2         Y2

   1      X       -0.900     -0.550     13.500      5.200

--------------------------------------------------------------------------------
Cell Name : CLKBUFX12_DCV_HV layout CORELIBD_DCV_HV

                   Cell Errors    Real Errors   Cell Placements     Environments
                             1              1                 5                1
--------------------------------------------------------------------------------
Env.  Env. Placements            X1           Y1          X2           Y2

  1        5                 46.050      112.500      54.850      118.250

Shape               Environments Status & Error Marker 

          1           X1         Y1         X2         Y2

   1      X       -0.900     -0.550      7.900      5.200

--------------------------------------------------------------------------------
Cell Name : BUFX6_DCV_HV layout CORELIBD_DCV_HV

                   Cell Errors    Real Errors   Cell Placements     Environments
                             1              1                 2                1
--------------------------------------------------------------------------------
Env.  Env. Placements            X1           Y1          X2           Y2

  1        2                103.450       91.700     110.850       97.450

Shape               Environments Status & Error Marker 

          1           X1         Y1         X2         Y2

   1      X       -0.900     -0.550      6.500      5.200

--------------------------------------------------------------------------------
Cell Name : BUFX4_DCV_HV layout CORELIBD_DCV_HV

                   Cell Errors    Real Errors   Cell Placements     Environments
                             1              1                 2                1
--------------------------------------------------------------------------------
Env.  Env. Placements            X1           Y1          X2           Y2

  1        2                 74.050      133.300      80.050      139.050

Shape               Environments Status & Error Marker 

          1           X1         Y1         X2         Y2

   1      X       -0.900     -0.550      5.100      5.200

--------------------------------------------------------------------------------
Cell Name : BUFX2_DCV_HV layout CORELIBD_DCV_HV

                   Cell Errors    Real Errors   Cell Placements     Environments
                             1              1                 2                1
--------------------------------------------------------------------------------
Env.  Env. Placements            X1           Y1          X2           Y2

  1        2                128.650      149.450     134.650      155.200

Shape               Environments Status & Error Marker 

          1           X1         Y1         X2         Y2

   1      X       -0.900     -0.550      5.100      5.200

--------------------------------------------------------------------------------
Cell Name : BUFX16_DCV_HV layout CORELIBD_DCV_HV

                   Cell Errors    Real Errors   Cell Placements     Environments
                             1              1                 2                1
--------------------------------------------------------------------------------
Env.  Env. Placements            X1           Y1          X2           Y2

  1        2                 71.250      154.100      82.850      159.850

Shape               Environments Status & Error Marker 

          1           X1         Y1         X2         Y2

   1      X       -0.900     -0.550     10.700      5.200

--------------------------------------------------------------------------------
Cell Name : BUFX12_DCV_HV layout CORELIBD_DCV_HV

                   Cell Errors    Real Errors   Cell Placements     Environments
                             1              1                 7                1
--------------------------------------------------------------------------------
Env.  Env. Placements            X1           Y1          X2           Y2

  1        7                 44.650       91.700      53.450       97.450

Shape               Environments Status & Error Marker 

          1           X1         Y1         X2         Y2

   1      X       -0.900     -0.550      7.900      5.200

--------------------------------------------------------------------------------
Cell Name : AOI22X4_DCV_HV layout CORELIBD_DCV_HV

                   Cell Errors    Real Errors   Cell Placements     Environments
                             1              1                 5                1
--------------------------------------------------------------------------------
Env.  Env. Placements            X1           Y1          X2           Y2

  1        5                 51.650       91.700      60.450       97.450

Shape               Environments Status & Error Marker 

          1           X1         Y1         X2         Y2

   1      X       -0.900     -0.550      7.900      5.200

--------------------------------------------------------------------------------
Cell Name : AOI22X3_DCV_HV layout CORELIBD_DCV_HV

                   Cell Errors    Real Errors   Cell Placements     Environments
                             1              1                 2                1
--------------------------------------------------------------------------------
Env.  Env. Placements            X1           Y1          X2           Y2

  1        2                134.250      133.300     143.050      139.050

Shape               Environments Status & Error Marker 

          1           X1         Y1         X2         Y2

   1      X       -0.900     -0.550      7.900      5.200

--------------------------------------------------------------------------------
Cell Name : core layout MINIMAL_CORE

                   Cell Errors    Real Errors   Cell Placements     Environments
                            22             22                 1                1
--------------------------------------------------------------------------------
Env.  Env. Placements            X1           Y1          X2           Y2

  1        1                 39.050       87.050     171.050      159.850

Shape               Environments Status & Error Marker 

          1           X1         Y1         X2         Y2

   1      X       46.400    128.650     48.850    133.300
   2      X       52.000    107.850     62.850    112.500
   3      X       52.050    134.400     53.050    139.050
   4      X       52.050    149.450     74.050    159.850
   5      X       74.450     87.050     75.450     91.700
   6      X       84.250     87.050     85.250     91.700
   7      X       84.250    113.600     86.650    118.250
   8      X       87.050    155.200     88.050    159.850
   9      X       88.450    134.400     90.850    139.050
  10      X       92.650     92.600     93.650     97.450
  11      X      102.450     92.800    103.450     97.450
  12      X      102.450    155.000    104.850    159.850
  13      X      113.650    155.200    114.650    159.850
  14      X      129.050    113.600    132.900    118.250
  15      X      130.450    128.650    132.850    133.300
  16      X      133.250    155.200    134.250    159.850
  17      X      143.050    134.400    149.700    139.050
  18      X      144.450     87.050    171.050     97.700
  19      X      148.650    155.200    149.650    159.850
  20      X      157.000    134.400    158.050    139.050
  21      X      166.850    107.850    171.000    118.250
  22      X      166.850    134.200    171.000    139.050

================================================================================
Rule No. 1953 : INFO : this dntub has 50 Volt

Real Error Count : 24; Flat Error Count : 104
================================================================================

--------------------------------------------------------------------------------
Cell Name : NOR2X4_DCV_HV layout CORELIBD_DCV_HV

                   Cell Errors    Real Errors   Cell Placements     Environments
                             1              1                 8                1
--------------------------------------------------------------------------------
Env.  Env. Placements            X1           Y1          X2           Y2

  1        8                 67.200       79.350      75.700       94.050

Shape               Environments Status & Error Marker 

          1           X1         Y1         X2         Y2

   1      X       -2.150     -1.800      6.350     12.900

--------------------------------------------------------------------------------
Cell Name : INVX16_DCV_HV layout CORELIBD_DCV_HV

                   Cell Errors    Real Errors   Cell Placements     Environments
                             1              1                 8                1
--------------------------------------------------------------------------------
Env.  Env. Placements            X1           Y1          X2           Y2

  1        8                 74.200       79.350      85.500       94.050

Shape               Environments Status & Error Marker 

          1           X1         Y1         X2         Y2

   1      X       -2.150     -1.800      9.150     12.900

--------------------------------------------------------------------------------
Cell Name : HAX3_DCV_HV layout CORELIBD_DCV_HV

                   Cell Errors    Real Errors   Cell Placements     Environments
                             1              1                 6                1
--------------------------------------------------------------------------------
Env.  Env. Placements            X1           Y1          X2           Y2

  1        6                 51.800      111.250      68.700      125.950

Shape               Environments Status & Error Marker 

          1           X1         Y1         X2         Y2

   1      X       -2.150     -1.800     14.750     12.900

--------------------------------------------------------------------------------
Cell Name : FILLCELLX4_DCV_HV layout CORELIBD_DCV_HV

                   Cell Errors    Real Errors   Cell Placements     Environments
                             1              1                10                1
--------------------------------------------------------------------------------
Env.  Env. Placements            X1           Y1          X2           Y2

  1       10                 37.850       90.450      47.650      105.150

Shape               Environments Status & Error Marker 

          1           X1         Y1         X2         Y2

   1      X       -2.100     -1.800      7.700     12.900

--------------------------------------------------------------------------------
Cell Name : FILLCAPX8_DCV_HV layout CORELIBD_DCV_HV

                   Cell Errors    Real Errors   Cell Placements     Environments
                             1              1                 4                1
--------------------------------------------------------------------------------
Env.  Env. Placements            X1           Y1          X2           Y2

  1        4                156.850       90.450     172.250      105.150

Shape               Environments Status & Error Marker 

          1           X1         Y1         X2         Y2

   1      X       -2.100     -1.800     13.300     12.900

--------------------------------------------------------------------------------
Cell Name : FILLCAPX4_DCV_HV layout CORELIBD_DCV_HV

                   Cell Errors    Real Errors   Cell Placements     Environments
                             1              1                 4                1
--------------------------------------------------------------------------------
Env.  Env. Placements            X1           Y1          X2           Y2

  1        4                109.250       79.350     119.050       94.050

Shape               Environments Status & Error Marker 

          1           X1         Y1         X2         Y2

   1      X       -2.100     -1.800      7.700     12.900

--------------------------------------------------------------------------------
Cell Name : DLY1X1_DCV_HV layout CORELIBD_DCV_HV

                   Cell Errors    Real Errors   Cell Placements     Environments
                             1              1                 7                1
--------------------------------------------------------------------------------
Env.  Env. Placements            X1           Y1          X2           Y2

  1        7                 50.400       79.350      71.500       94.050

Shape               Environments Status & Error Marker 

          1           X1         Y1         X2         Y2

   1      X       -2.150     -1.800     18.950     12.900

--------------------------------------------------------------------------------
Cell Name : DFX1_DCV_HV layout CORELIBD_DCV_HV

                   Cell Errors    Real Errors   Cell Placements     Environments
                             1              1                 8                1
--------------------------------------------------------------------------------
Env.  Env. Placements            X1           Y1          X2           Y2

  1        8                 65.800       90.450      93.900      105.150

Shape               Environments Status & Error Marker 

          1           X1         Y1         X2         Y2

   1      X       -2.150     -1.800     25.950     12.900

--------------------------------------------------------------------------------
Cell Name : CLKBUFX8_DCV_HV layout CORELIBD_DCV_HV

                   Cell Errors    Real Errors   Cell Placements     Environments
                             1              1                 3                1
--------------------------------------------------------------------------------
Env.  Env. Placements            X1           Y1          X2           Y2

  1        3                151.200       90.450     161.100      105.150

Shape               Environments Status & Error Marker 

          1           X1         Y1         X2         Y2

   1      X       -2.150     -1.800      7.750     12.900

--------------------------------------------------------------------------------
Cell Name : CLKBUFX2_DCV_HV layout CORELIBD_DCV_HV

                   Cell Errors    Real Errors   Cell Placements     Environments
                             1              1                11                1
--------------------------------------------------------------------------------
Env.  Env. Placements            X1           Y1          X2           Y2

  1       11                121.800       79.350     130.300       94.050

Shape               Environments Status & Error Marker 

          1           X1         Y1         X2         Y2

   1      X       -2.150     -1.800      6.350     12.900

--------------------------------------------------------------------------------
Cell Name : CLKBUFX24_DCV_HV layout CORELIBD_DCV_HV

                   Cell Errors    Real Errors   Cell Placements     Environments
                             1              1                 3                1
--------------------------------------------------------------------------------
Env.  Env. Placements            X1           Y1          X2           Y2

  1        3                 37.800       79.350      54.700       94.050

Shape               Environments Status & Error Marker 

          1           X1         Y1         X2         Y2

   1      X       -2.150     -1.800     14.750     12.900

--------------------------------------------------------------------------------
Cell Name : CLKBUFX12_DCV_HV layout CORELIBD_DCV_HV

                   Cell Errors    Real Errors   Cell Placements     Environments
                             1              1                 5                1
--------------------------------------------------------------------------------
Env.  Env. Placements            X1           Y1          X2           Y2

  1        5                 44.800      111.250      56.100      125.950

Shape               Environments Status & Error Marker 

          1           X1         Y1         X2         Y2

   1      X       -2.150     -1.800      9.150     12.900

--------------------------------------------------------------------------------
Cell Name : BUFX6_DCV_HV layout CORELIBD_DCV_HV

                   Cell Errors    Real Errors   Cell Placements     Environments
                             1              1                 2                1
--------------------------------------------------------------------------------
Env.  Env. Placements            X1           Y1          X2           Y2

  1        2                102.200       90.450     112.100      105.150

Shape               Environments Status & Error Marker 

          1           X1         Y1         X2         Y2

   1      X       -2.150     -1.800      7.750     12.900

--------------------------------------------------------------------------------
Cell Name : BUFX4_DCV_HV layout CORELIBD_DCV_HV

                   Cell Errors    Real Errors   Cell Placements     Environments
                             1              1                 2                1
--------------------------------------------------------------------------------
Env.  Env. Placements            X1           Y1          X2           Y2

  1        2                 72.800      132.050      81.300      146.750

Shape               Environments Status & Error Marker 

          1           X1         Y1         X2         Y2

   1      X       -2.150     -1.800      6.350     12.900

--------------------------------------------------------------------------------
Cell Name : BUFX2_DCV_HV layout CORELIBD_DCV_HV

                   Cell Errors    Real Errors   Cell Placements     Environments
                             1              1                 2                1
--------------------------------------------------------------------------------
Env.  Env. Placements            X1           Y1          X2           Y2

  1        2                127.400      141.750     135.900      156.450

Shape               Environments Status & Error Marker 

          1           X1         Y1         X2         Y2

   1      X       -2.150     -1.800      6.350     12.900

--------------------------------------------------------------------------------
Cell Name : BUFX16_DCV_HV layout CORELIBD_DCV_HV

                   Cell Errors    Real Errors   Cell Placements     Environments
                             1              1                 2                1
--------------------------------------------------------------------------------
Env.  Env. Placements            X1           Y1          X2           Y2

  1        2                 70.000      152.850      84.100      167.550

Shape               Environments Status & Error Marker 

          1           X1         Y1         X2         Y2

   1      X       -2.150     -1.800     11.950     12.900

--------------------------------------------------------------------------------
Cell Name : BUFX12_DCV_HV layout CORELIBD_DCV_HV

                   Cell Errors    Real Errors   Cell Placements     Environments
                             1              1                 7                1
--------------------------------------------------------------------------------
Env.  Env. Placements            X1           Y1          X2           Y2

  1        7                 43.400       90.450      54.700      105.150

Shape               Environments Status & Error Marker 

          1           X1         Y1         X2         Y2

   1      X       -2.150     -1.800      9.150     12.900

--------------------------------------------------------------------------------
Cell Name : AOI22X4_DCV_HV layout CORELIBD_DCV_HV

                   Cell Errors    Real Errors   Cell Placements     Environments
                             1              1                 5                1
--------------------------------------------------------------------------------
Env.  Env. Placements            X1           Y1          X2           Y2

  1        5                 50.400       90.450      61.700      105.150

Shape               Environments Status & Error Marker 

          1           X1         Y1         X2         Y2

   1      X       -2.150     -1.800      9.150     12.900

--------------------------------------------------------------------------------
Cell Name : AOI22X3_DCV_HV layout CORELIBD_DCV_HV

                   Cell Errors    Real Errors   Cell Placements     Environments
                             1              1                 2                1
--------------------------------------------------------------------------------
Env.  Env. Placements            X1           Y1          X2           Y2

  1        2                133.000      132.050     144.300      146.750

Shape               Environments Status & Error Marker 

          1           X1         Y1         X2         Y2

   1      X       -2.150     -1.800      9.150     12.900

--------------------------------------------------------------------------------
Cell Name : core layout MINIMAL_CORE

                   Cell Errors    Real Errors   Cell Placements     Environments
                             5              5                 1                1
--------------------------------------------------------------------------------
Env.  Env. Placements            X1           Y1          X2           Y2

  1        1                 36.750       78.250     173.350      168.650

Shape               Environments Status & Error Marker 

          1           X1         Y1         X2         Y2

   1      X       36.750     78.250    173.350    168.650
   2      X       53.250    105.150     61.600    111.250
   3      X       71.500    146.750     72.800    152.850
   4      X      130.300    114.850    131.650    120.950
   5      X      144.300    135.650    148.450    141.750

================================================================================
Rule No. 2073 : PMOSI  R1 Element Rule : isoVoltage  text string missing

Real Error Count : 419; Flat Error Count : 419
================================================================================

--------------------------------------------------------------------------------
Cell Name : core layout MINIMAL_CORE

                   Cell Errors    Real Errors   Cell Placements     Environments
                           419            419                 1                1
--------------------------------------------------------------------------------
Env.  Env. Placements            X1           Y1          X2           Y2

  1        1                 41.100       83.000     169.000      163.900

Shape               Environments Status & Error Marker 

          1           X1         Y1         X2         Y2

   1      X       41.100    103.800     44.400    106.600
   2      X       41.100    140.250     50.000    143.100
   3      X       41.100    145.400     50.000    148.250
   4      X       41.100    161.050     50.000    163.900
   5      X       41.150     83.525     41.500     85.850
   6      X       42.600     83.525     42.950     85.850
   7      X       44.050     83.050     44.400     85.850
   8      X       45.400     83.050     45.750     85.850
   9      X       46.750     99.125     47.100    101.450
  10      X       46.850     83.050     47.200     85.850
  11      X       48.150     98.650     48.500    101.450
  12      X       48.150    119.950     48.500    122.275
  13      X       48.200     83.050     48.550     85.850
  14      X       49.500     98.650     49.850    101.450
  15      X       49.600    119.450     49.950    122.250
  16      X       49.650     83.050     50.000     85.850
  17      X       50.850     98.650     51.200    101.450
  18      X       50.950    125.125     51.300    127.450
  19      X       51.000     83.050     51.350     85.850
  20      X       51.000    119.450     51.350    122.250
  21      X       52.300    145.400     55.600    148.200
  22      X       52.400    125.125     52.750    127.450
  23      X       52.450    119.450     52.800    122.250
  24      X       53.700     98.650     54.650    101.500
  25      X       53.825     84.400     54.175     85.200
  26      X       53.850    105.575     54.200    106.350
  27      X       53.850    124.650     54.200    127.450
  28      X       54.700    105.575     55.050    106.350
  29      X       55.100     98.400     55.450    101.500
  30      X       55.150    120.900     55.500    122.000
  31      X       55.150    140.750     55.500    143.075
  32      X       55.200    124.650     55.550    127.450
  33      X       55.225     83.700     57.225     85.300
  34      X       56.350    104.800     56.700    106.350
  35      X       56.450     98.400     56.800    101.500
  36      X       56.600    120.400     56.950    121.500
  37      X       56.600    140.250     56.950    143.050
  38      X       56.650    124.650     57.000    127.450
  39      X       57.700    104.800     58.050    106.350
  40      X       57.800     98.650     58.750    101.500
  41      X       58.000    124.650     58.350    127.450
  42      X       58.000    140.250     58.350    143.050
  43      X       58.050    120.300     58.400    121.500
  44      X       59.350    104.800     59.700    106.350
  45      X       59.450    124.650     59.800    127.450
  46      X       59.450    140.250     59.800    143.050
  47      X       59.500    120.725     59.850    121.925
  48      X       59.525     84.250     61.525     85.850
  49      X       60.300    120.725     60.650    121.925
  50      X       60.800    124.650     61.150    127.450
  51      X       62.150     99.125     62.500    101.450
  52      X       62.150    140.750     62.500    143.075
  53      X       62.450    147.475     62.800    148.250
  54      X       62.525     84.250     64.525     85.850
  55      X       63.500    145.450     63.850    148.250
  56      X       63.550     98.650     63.900    101.450
  57      X       63.550    119.450     63.900    121.550
  58      X       63.550    124.900     63.900    126.000
  59      X       63.600    140.250     63.950    143.050
  60      X       64.900     98.650     65.250    101.450
  61      X       64.950    103.850     65.300    106.175
  62      X       65.000    119.450     65.350    121.550
  63      X       65.000    125.400     65.350    126.500
  64      X       65.000    140.250     65.350    143.050
  65      X       65.525     84.250     67.525     85.850
  66      X       66.250     98.650     66.600    101.450
  67      X       66.350    103.850     66.700    106.650
  68      X       66.350    146.900     66.700    147.600
  69      X       66.450    125.400     66.800    126.600
  70      X       66.450    140.250     66.800    143.050
  71      X       67.700    103.850     68.050    106.650
  72      X       67.750    161.700     68.100    162.875
  73      X       67.800    146.200     68.150    147.600
  74      X       67.900    124.975     68.250    126.175
  75      X       68.700    124.975     69.050    126.175
  76      X       68.750    140.250     69.700    143.100
  77      X       69.050    103.850     69.400    106.650
  78      X       69.150     99.225     69.500    100.150
  79      X       69.200    161.100     69.550    163.200
  80      X       70.200     98.700     70.550     99.750
  81      X       70.600     83.000     71.550     85.850
  82      X       70.600    145.450     70.950    148.250
  83      X       70.600    161.100     70.950    163.200
  84      X       70.700    140.000     71.050    143.100
  85      X       71.400     83.000     72.350     85.850
  86      X       71.950    105.150     72.300    106.075
  87      X       71.950    125.350     72.300    127.450
  88      X       72.050    140.000     72.400    143.100
  89      X       72.450    100.400     72.800    101.500
  90      X       72.850    140.250     73.800    143.100
  91      X       73.000    105.550     73.350    106.600
  92      X       73.250    100.400     73.600    101.500
  93      X       73.300    119.450     74.250    122.300
  94      X       73.400    125.350     73.750    127.450
  95      X       73.500    161.225     73.850    162.775
  96      X       74.700    119.200     75.050    122.300
  97      X       74.850    161.225     75.200    162.775
  98      X       75.250    103.800     75.600    104.900
  99      X       75.550     99.000     75.900     99.700
 100      X       76.050    103.800     76.400    104.900
 101      X       76.050    119.200     76.400    122.300
 102      X       76.150    125.950     76.500    126.875
 103      X       76.150    146.750     76.500    147.675
 104      X       76.200    161.050     76.550    163.850
 105      X       76.350     99.000     76.700     99.700
 106      X       76.450    140.250     76.800    141.025
 107      X       77.200    126.350     77.550    127.400
 108      X       77.200    147.150     77.550    148.200
 109      X       77.400    119.450     78.350    122.300
 110      X       77.500    140.250     77.850    143.050
 111      X       77.550     83.050     77.900     85.850
 112      X       77.550    161.050     77.900    163.850
 113      X       78.000     99.600     78.350    100.750
 114      X       78.350    105.600     78.700    106.300
 115      X       78.900     83.050     79.250     85.850
 116      X       78.900    161.050     79.250    163.850
 117      X       79.150    105.600     79.500    106.300
 118      X       79.450     99.600     79.800    100.750
 119      X       79.450    124.600     79.800    125.700
 120      X       79.450    145.400     79.800    146.500
 121      X       80.250     83.050     80.600     85.850
 122      X       80.250    124.600     80.600    125.700
 123      X       80.250    145.400     80.600    146.500
 124      X       80.250    161.050     80.600    163.850
 125      X       80.350    120.100     80.700    120.800
 126      X       80.350    140.900     80.700    141.600
 127      X       80.800    104.550     81.150    105.700
 128      X       80.900     99.600     81.250    100.750
 129      X       81.650     83.050     82.000     85.850
 130      X       81.800    120.100     82.150    121.500
 131      X       81.800    140.900     82.150    142.300
 132      X       82.250    104.550     82.600    105.700
 133      X       82.350     99.450     82.700    100.300
 134      X       82.550    126.400     82.900    127.100
 135      X       82.550    147.200     82.900    147.900
 136      X       83.150    161.050     84.100    163.900
 137      X       83.350    126.400     83.700    127.100
 138      X       83.350    147.200     83.700    147.900
 139      X       83.500     99.450     83.850    100.300
 140      X       83.700    104.550     84.050    105.700
 141      X       83.950    161.050     84.900    163.900
 142      X       84.600    140.250     85.550    143.100
 143      X       85.000    125.350     85.350    126.500
 144      X       85.000    146.150     85.350    147.300
 145      X       85.150    105.000     85.500    105.850
 146      X       85.400    140.250     86.350    143.100
 147      X       86.300    105.000     86.650    105.850
 148      X       86.450    125.350     86.800    126.500
 149      X       86.450    146.150     86.800    147.300
 150      X       87.350     83.050     87.700     85.850
 151      X       87.900    125.350     88.250    126.500
 152      X       87.900    146.150     88.250    147.300
 153      X       88.700     83.050     89.050     85.850
 154      X       88.750    100.050     89.100    100.750
 155      X       88.750    140.900     89.100    141.600
 156      X       88.800    119.450     89.750    122.300
 157      X       89.350    125.800     89.700    126.650
 158      X       89.350    146.600     89.700    147.450
 159      X       89.600    119.450     90.550    122.300
 160      X       90.050     83.050     90.400     85.850
 161      X       90.150    161.050     90.500    163.150
 162      X       90.200    100.050     90.550    100.750
 163      X       90.200    140.900     90.550    143.000
 164      X       90.500    125.800     90.850    126.650
 165      X       90.500    146.600     90.850    147.450
 166      X       91.450     83.050     91.800     85.850
 167      X       91.550    104.550     91.900    105.250
 168      X       91.600    161.050     91.950    163.150
 169      X       92.950    140.900     93.300    141.600
 170      X       93.000    104.550     93.350    105.250
 171      X       93.575    119.450     95.575    121.050
 172      X       94.400    140.900     94.750    142.300
 173      X       94.850    162.325     95.200    163.525
 174      X       95.650    162.325     96.000    163.525
 175      X       95.750     98.650     96.100    101.450
 176      X       95.750    103.850     96.100    106.175
 177      X       95.750    125.350     96.100    126.050
 178      X       95.750    146.150     96.100    146.850
 179      X       95.825     84.400     96.175     85.200
 180      X       96.575    119.450     98.575    121.050
 181      X       97.100     98.650     97.450    101.450
 182      X       97.100    161.900     97.450    163.100
 183      X       97.150    103.850     97.500    106.650
 184      X       97.150    140.250     97.500    143.050
 185      X       97.200    125.350     97.550    126.050
 186      X       97.200    146.150     97.550    146.850
 187      X       97.225     83.700     99.225     85.300
 188      X       98.450     98.650     98.800    101.450
 189      X       98.500    103.850     98.850    106.650
 190      X       98.500    140.250     98.850    143.050
 191      X       98.550    162.000     98.900    163.100
 192      X       99.575    119.450    101.575    121.050
 193      X       99.850     98.650    100.200    101.450
 194      X       99.850    103.850    100.200    106.650
 195      X       99.850    140.250    100.200    143.050
 196      X      100.000    162.500    100.350    163.600
 197      X      101.250    140.250    101.600    143.050
 198      X      101.525     84.250    103.525     85.850
 199      X      103.875    120.000    105.875    121.600
 200      X      104.300    140.250    104.650    143.050
 201      X      104.525     84.250    106.525     85.850
 202      X      105.550     98.975    105.900    100.150
 203      X      105.650    140.250    106.000    143.050
 204      X      106.550    161.050    107.500    163.900
 205      X      106.925    120.100    107.275    120.900
 206      X      106.950    125.950    107.300    126.875
 207      X      106.950    146.750    107.300    147.675
 208      X      107.000    140.250    107.350    143.050
 209      X      107.100     99.350    107.450    101.450
 210      X      107.525     84.250    109.525     85.850
 211      X      108.000    126.350    108.350    127.400
 212      X      108.000    147.150    108.350    148.200
 213      X      108.400    140.725    108.750    143.050
 214      X      108.450     99.350    108.800    101.450
 215      X      108.500    160.800    108.850    163.900
 216      X      109.750    105.150    110.100    106.075
 217      X      109.750    119.775    110.100    120.950
 218      X      109.850    160.800    110.200    163.900
 219      X      110.250    124.600    110.600    125.700
 220      X      110.250    145.400    110.600    146.500
 221      X      110.650    161.050    111.600    163.900
 222      X      110.800    105.550    111.150    106.600
 223      X      111.050    124.600    111.400    125.700
 224      X      111.050    145.400    111.400    146.500
 225      X      111.150    140.900    111.500    141.600
 226      X      111.300    120.150    111.650    122.250
 227      X      112.500     83.000    115.800     85.800
 228      X      112.550     98.650    112.900    101.450
 229      X      112.600    140.900    112.950    142.300
 230      X      112.650    120.150    113.000    122.250
 231      X      113.050    103.800    113.400    104.900
 232      X      113.350    126.400    113.700    127.100
 233      X      113.350    147.200    113.700    147.900
 234      X      113.850    103.800    114.200    104.900
 235      X      113.900     98.650    114.250    101.450
 236      X      114.150    126.400    114.500    127.100
 237      X      114.150    147.200    114.500    147.900
 238      X      115.250     98.650    115.600    101.450
 239      X      115.350    119.450    116.300    122.300
 240      X      115.350    140.250    116.300    143.100
 241      X      115.800    125.350    116.150    126.500
 242      X      115.800    146.150    116.150    147.300
 243      X      116.150    105.600    116.500    106.300
 244      X      116.150    119.450    117.100    122.300
 245      X      116.150    140.250    117.100    143.100
 246      X      116.650     98.650    117.000    101.450
 247      X      116.750    161.050    117.700    163.900
 248      X      116.950    105.600    117.300    106.300
 249      X      117.250    125.350    117.600    126.500
 250      X      117.250    146.150    117.600    147.300
 251      X      117.550    161.050    118.500    163.900
 252      X      118.300     83.050    118.650     85.850
 253      X      118.600    104.550    118.950    105.700
 254      X      118.700    125.350    119.050    126.500
 255      X      118.700    146.150    119.050    147.300
 256      X      119.625    140.900    119.975    141.700
 257      X      119.700     83.050    120.050     85.850
 258      X      120.050    104.550    120.400    105.700
 259      X      120.150    125.800    120.500    126.650
 260      X      120.150    146.600    120.500    147.450
 261      X      120.950     99.225    121.300    100.150
 262      X      120.950    120.100    121.300    120.800
 263      X      120.950    161.700    121.300    162.400
 264      X      121.025    140.800    123.025    142.400
 265      X      121.050     83.050    121.400     85.850
 266      X      121.300    125.800    121.650    126.650
 267      X      121.300    146.600    121.650    147.450
 268      X      121.500    104.550    121.850    105.700
 269      X      122.000     98.700    122.350     99.750
 270      X      122.400     83.050    122.750     85.850
 271      X      122.400    120.100    122.750    121.500
 272      X      122.400    161.700    122.750    163.100
 273      X      122.950    105.000    123.300    105.850
 274      X      124.100    105.000    124.450    105.850
 275      X      124.250    100.400    124.600    101.500
 276      X      125.050    100.400    125.400    101.500
 277      X      125.150     84.500    125.500     85.200
 278      X      125.150    119.450    126.100    122.300
 279      X      125.150    161.700    125.500    162.400
 280      X      125.325    140.250    127.325    141.850
 281      X      125.950    119.450    126.900    122.300
 282      X      126.550    125.350    126.900    126.050
 283      X      126.550    146.150    126.900    146.850
 284      X      126.600     83.800    126.950     85.200
 285      X      126.600    161.700    126.950    163.100
 286      X      127.350     99.000    127.700     99.700
 287      X      128.000    125.350    128.350    126.050
 288      X      128.000    146.150    128.350    146.850
 289      X      128.150     99.000    128.500     99.700
 290      X      128.325    140.250    130.325    141.850
 291      X      129.350    104.550    129.700    105.250
 292      X      129.350    161.700    129.700    162.400
 293      X      129.400    120.700    129.750    122.250
 294      X      129.800     99.600    130.150    100.750
 295      X      130.750     83.050    131.100     85.850
 296      X      130.800    104.550    131.150    105.250
 297      X      130.800    119.450    131.150    122.250
 298      X      130.800    161.700    131.150    163.100
 299      X      130.900    146.275    131.250    147.675
 300      X      131.250     99.600    131.600    100.750
 301      X      131.325    140.250    133.325    141.850
 302      X      131.950    147.550    132.300    148.250
 303      X      132.100     83.050    132.450     85.850
 304      X      132.150    119.450    132.500    122.250
 305      X      132.700     99.600    133.050    100.750
 306      X      133.450     83.050    133.800     85.850
 307      X      133.550    104.325    133.900    106.650
 308      X      134.150     99.450    134.500    100.300
 309      X      134.850     83.050    135.200     85.850
 310      X      134.950    124.625    135.300    126.950
 311      X      134.950    145.450    135.300    147.775
 312      X      135.000    104.325    135.350    106.650
 313      X      135.300     99.450    135.650    100.300
 314      X      136.350    140.750    136.700    143.100
 315      X      136.350    145.450    136.700    148.250
 316      X      136.350    161.550    136.700    163.900
 317      X      136.400    124.650    136.750    127.450
 318      X      136.450    103.850    136.800    106.650
 319      X      137.700    145.450    138.050    148.250
 320      X      137.750     84.500    138.100     85.200
 321      X      137.750    140.300    138.100    142.650
 322      X      137.750    161.100    138.100    163.450
 323      X      137.800    103.850    138.150    106.650
 324      X      137.800    124.650    138.150    127.450
 325      X      139.050    145.450    139.400    148.250
 326      X      139.100    140.300    139.450    142.650
 327      X      139.100    161.100    139.450    163.450
 328      X      139.200     83.800    139.550     85.200
 329      X      139.250    103.850    139.600    106.650
 330      X      139.250    124.650    139.600    127.450
 331      X      140.550    100.050    140.900    100.750
 332      X      140.550    140.300    140.900    142.650
 333      X      140.550    161.100    140.900    163.450
 334      X      140.600    103.850    140.950    106.650
 335      X      141.950     83.050    142.300     85.850
 336      X      141.950    120.900    142.300    122.000
 337      X      141.950    124.900    142.300    126.000
 338      X      141.950    146.150    142.300    148.250
 339      X      142.000    100.050    142.350    100.750
 340      X      142.050    103.850    142.400    106.650
 341      X      142.950    140.250    144.250    143.100
 342      X      143.300     83.050    143.650     85.850
 343      X      143.350    161.700    143.700    163.250
 344      X      143.400    103.850    143.750    106.650
 345      X      143.400    120.400    143.750    121.500
 346      X      143.400    125.400    143.750    126.500
 347      X      143.400    146.150    143.750    148.250
 348      X      144.650     83.050    145.000     85.850
 349      X      144.800    140.250    145.150    143.050
 350      X      144.800    161.050    145.150    163.850
 351      X      144.850    120.300    145.200    121.500
 352      X      144.850    125.400    145.200    126.600
 353      X      145.750    103.800    146.700    106.650
 354      X      146.050     83.050    146.400     85.850
 355      X      146.200    140.250    146.550    143.050
 356      X      146.200    161.050    146.550    163.850
 357      X      146.300    120.725    146.650    121.925
 358      X      146.300    124.975    146.650    126.175
 359      X      146.600     99.225    146.950    101.300
 360      X      146.650    145.775    147.000    146.975
 361      X      147.100    120.725    147.450    121.925
 362      X      147.100    124.975    147.450    126.175
 363      X      147.400     99.225    147.750    101.300
 364      X      147.450    145.775    147.800    146.975
 365      X      147.650    140.250    148.000    143.050
 366      X      147.700    103.800    148.050    106.900
 367      X      148.850     99.225    149.200    101.300
 368      X      148.900     83.000    169.000     85.850
 369      X      148.900    146.200    149.250    147.400
 370      X      149.000    140.250    149.350    143.050
 371      X      149.050    103.800    149.400    106.900
 372      X      149.850    103.800    150.800    106.650
 373      X      150.300     99.225    150.650    100.800
 374      X      150.350    119.450    150.700    121.550
 375      X      150.350    125.350    150.700    127.450
 376      X      150.350    146.200    150.700    147.300
 377      X      151.750     99.225    152.100    100.800
 378      X      151.800    119.450    152.150    121.550
 379      X      151.800    125.350    152.150    127.450
 380      X      151.800    145.700    152.150    146.800
 381      X      152.000    161.050    152.350    161.750
 382      X      153.050    161.625    153.400    163.025
 383      X      153.225    105.200    153.575    106.000
 384      X      154.550     99.300    154.900    100.850
 385      X      154.550    119.925    154.900    122.250
 386      X      154.625    104.500    156.625    106.100
 387      X      154.625    126.000    154.975    126.800
 388      X      154.625    146.800    154.975    147.600
 389      X      155.950    119.450    156.300    122.250
 390      X      156.000     98.650    156.350    101.450
 391      X      156.025    125.300    158.025    126.900
 392      X      156.025    146.100    158.025    147.700
 393      X      156.100    161.225    156.450    162.775
 394      X      157.300    119.450    157.650    122.250
 395      X      157.400     98.650    157.750    101.450
 396      X      157.450    161.225    157.800    162.775
 397      X      158.650    119.450    159.000    122.250
 398      X      158.800    161.050    159.150    163.850
 399      X      158.925    105.050    160.925    106.650
 400      X      160.100     98.650    169.000    101.500
 401      X      160.150    140.750    160.500    143.075
 402      X      160.150    161.050    160.500    163.850
 403      X      160.325    125.850    162.325    127.450
 404      X      160.325    146.650    162.325    148.250
 405      X      161.500    161.050    161.850    163.850
 406      X      161.550    120.100    161.900    121.650
 407      X      161.600    140.250    161.950    143.050
 408      X      161.925    105.050    163.925    106.650
 409      X      162.850    161.050    163.200    163.850
 410      X      163.000    119.450    163.350    122.250
 411      X      163.000    140.250    163.350    143.050
 412      X      163.325    125.850    165.325    127.450
 413      X      163.325    146.650    165.325    148.250
 414      X      164.400    119.450    164.750    122.250
 415      X      164.450    140.250    164.800    143.050
 416      X      164.925    105.050    166.925    106.650
 417      X      165.700    161.100    169.000    163.900
 418      X      166.325    125.850    168.325    127.450
 419      X      166.325    146.650    168.325    148.250

================================================================================
Rule No. 2085 : NMOSI  R1 Element Rule : isoVoltage  text string missing

Real Error Count : 93; Flat Error Count : 388
================================================================================

--------------------------------------------------------------------------------
Cell Name : NOR2X4_DCV_HV layout CORELIBD_DCV_HV

                   Cell Errors    Real Errors   Cell Placements     Environments
                             2              2                 8                1
--------------------------------------------------------------------------------
Env.  Env. Placements            X1           Y1          X2           Y2

  1        8                 70.550       88.950      72.350       90.550

Shape               Environments Status & Error Marker 

          1           X1         Y1         X2         Y2

   1      X        1.200      1.700      1.550      3.300
   2      X        2.650      1.700      3.000      3.300

--------------------------------------------------------------------------------
Cell Name : INVX16_DCV_HV layout CORELIBD_DCV_HV

                   Cell Errors    Real Errors   Cell Placements     Environments
                             3              3                 8                1
--------------------------------------------------------------------------------
Env.  Env. Placements            X1           Y1          X2           Y2

  1        8                 77.550       88.400      80.600       90.525

Shape               Environments Status & Error Marker 

          1           X1         Y1         X2         Y2

   1      X        1.200      1.725      1.550      3.850
   2      X        2.550      1.725      2.900      3.850
   3      X        3.900      1.725      4.250      3.850

--------------------------------------------------------------------------------
Cell Name : HAX3_DCV_HV layout CORELIBD_DCV_HV

                   Cell Errors    Real Errors   Cell Placements     Environments
                             7              7                 6                1
--------------------------------------------------------------------------------
Env.  Env. Placements            X1           Y1          X2           Y2

  1        6                 55.150      114.900      65.350      116.900

Shape               Environments Status & Error Marker 

          1           X1         Y1         X2         Y2

   1      X        1.200      1.875      1.550      2.550
   2      X        2.000      1.875      2.350      2.550
   3      X        3.450      1.850      3.800      2.550
   4      X        4.600      2.300      4.950      3.000
   5      X        6.850      2.300      7.200      3.000
   6      X        9.600      2.650      9.950      3.850
   7      X       11.050      2.650     11.400      3.850

--------------------------------------------------------------------------------
Cell Name : FILLCAPX8_DCV_HV layout CORELIBD_DCV_HV

                   Cell Errors    Real Errors   Cell Placements     Environments
                             1              1                 4                1
--------------------------------------------------------------------------------
Env.  Env. Placements            X1           Y1          X2           Y2

  1        4                159.725       94.150     169.525       95.400

Shape               Environments Status & Error Marker 

          1           X1         Y1         X2         Y2

   1      X        0.775      1.900     10.575      3.150

--------------------------------------------------------------------------------
Cell Name : FILLCAPX4_DCV_HV layout CORELIBD_DCV_HV

                   Cell Errors    Real Errors   Cell Placements     Environments
                             1              1                 4                1
--------------------------------------------------------------------------------
Env.  Env. Placements            X1           Y1          X2           Y2

  1        4                112.125       89.100     116.325       90.350

Shape               Environments Status & Error Marker 

          1           X1         Y1         X2         Y2

   1      X        0.775      1.900      4.975      3.150

--------------------------------------------------------------------------------
Cell Name : DLY1X1_DCV_HV layout CORELIBD_DCV_HV

                   Cell Errors    Real Errors   Cell Placements     Environments
                             4              4                 7                1
--------------------------------------------------------------------------------
Env.  Env. Placements            X1           Y1          X2           Y2

  1        7                 54.250       88.250      63.550       90.200

Shape               Environments Status & Error Marker 

          1           X1         Y1         X2         Y2

   1      X        1.700      2.050      2.050      2.750
   2      X        3.150      2.050      5.150      2.750
   3      X        7.550      2.525      9.550      3.225
   4      X       10.650      2.850     11.000      4.000

--------------------------------------------------------------------------------
Cell Name : DFX1_DCV_HV layout CORELIBD_DCV_HV

                   Cell Errors    Real Errors   Cell Placements     Environments
                            13             13                 8                1
--------------------------------------------------------------------------------
Env.  Env. Placements            X1           Y1          X2           Y2

  1        8                 69.150       94.400      90.550       96.000

Shape               Environments Status & Error Marker 

          1           X1         Y1         X2         Y2

   1      X        1.200      2.150      1.550      2.650
   2      X        2.650      2.550      3.000      3.050
   3      X        5.000      2.150      5.350      2.650
   4      X        5.800      2.150      6.150      2.650
   5      X        8.050      3.250      8.400      3.750
   6      X        8.850      3.250      9.200      3.750
   7      X        9.900      3.250     10.250      3.750
   8      X       12.400      2.750     12.750      3.250
   9      X       14.250      2.750     14.600      3.250
  10      X       15.700      2.550     16.050      3.050
  11      X       16.750      2.550     17.100      3.050
  12      X       21.100      2.350     21.450      2.750
  13      X       22.250      2.350     22.600      2.750

--------------------------------------------------------------------------------
Cell Name : CLKBUFX8_DCV_HV layout CORELIBD_DCV_HV

                   Cell Errors    Real Errors   Cell Placements     Environments
                             3              3                 3                1
--------------------------------------------------------------------------------
Env.  Env. Placements            X1           Y1          X2           Y2

  1        3                154.550       94.600     157.750       96.200

Shape               Environments Status & Error Marker 

          1           X1         Y1         X2         Y2

   1      X        1.200      2.400      1.550      3.300
   2      X        2.600      2.350      2.950      3.950
   3      X        4.050      2.350      4.400      3.950

--------------------------------------------------------------------------------
Cell Name : CLKBUFX2_DCV_HV layout CORELIBD_DCV_HV

                   Cell Errors    Real Errors   Cell Placements     Environments
                             2              2                11                1
--------------------------------------------------------------------------------
Env.  Env. Placements            X1           Y1          X2           Y2

  1       11                125.150       88.950     126.950       89.750

Shape               Environments Status & Error Marker 

          1           X1         Y1         X2         Y2

   1      X        1.200      2.900      1.550      3.300
   2      X        2.650      2.500      3.000      3.300

--------------------------------------------------------------------------------
Cell Name : CLKBUFX24_DCV_HV layout CORELIBD_DCV_HV

                   Cell Errors    Real Errors   Cell Placements     Environments
                             7              7                 3                1
--------------------------------------------------------------------------------
Env.  Env. Placements            X1           Y1          X2           Y2

  1        3                 42.600       88.300      51.350       91.075

Shape               Environments Status & Error Marker 

          1           X1         Y1         X2         Y2

   1      X        2.650      1.175      3.000      3.850
   2      X        4.100      2.350      4.450      3.950
   3      X        5.450      2.350      5.800      3.950
   4      X        6.900      2.350      7.250      3.950
   5      X        8.250      2.350      8.600      3.950
   6      X        9.700      2.350     10.050      3.950
   7      X       11.050      2.350     11.400      3.950

--------------------------------------------------------------------------------
Cell Name : CLKBUFX12_DCV_HV layout CORELIBD_DCV_HV

                   Cell Errors    Real Errors   Cell Placements     Environments
                             4              4                 5                1
--------------------------------------------------------------------------------
Env.  Env. Placements            X1           Y1          X2           Y2

  1        5                 48.150      115.025      52.750      117.000

Shape               Environments Status & Error Marker 

          1           X1         Y1         X2         Y2

   1      X        1.200      1.975      1.550      3.300
   2      X        2.550      2.350      2.900      3.950
   3      X        4.000      2.350      4.350      3.950
   4      X        5.450      2.350      5.800      3.950

--------------------------------------------------------------------------------
Cell Name : BUFX6_DCV_HV layout CORELIBD_DCV_HV

                   Cell Errors    Real Errors   Cell Placements     Environments
                             2              2                 2                1
--------------------------------------------------------------------------------
Env.  Env. Placements            X1           Y1          X2           Y2

  1        2                105.900       93.850     107.850       96.250

Shape               Environments Status & Error Marker 

          1           X1         Y1         X2         Y2

   1      X        1.550      3.325      1.900      4.000
   2      X        3.150      1.600      3.500      4.000

--------------------------------------------------------------------------------
Cell Name : BUFX4_DCV_HV layout CORELIBD_DCV_HV

                   Cell Errors    Real Errors   Cell Placements     Environments
                             2              2                 2                1
--------------------------------------------------------------------------------
Env.  Env. Placements            X1           Y1          X2           Y2

  1        2                 76.150      135.550      77.950      137.150

Shape               Environments Status & Error Marker 

          1           X1         Y1         X2         Y2

   1      X        1.200      2.500      1.550      2.950
   2      X        2.650      1.700      3.000      3.300

--------------------------------------------------------------------------------
Cell Name : BUFX2_DCV_HV layout CORELIBD_DCV_HV

                   Cell Errors    Real Errors   Cell Placements     Environments
                             2              2                 2                1
--------------------------------------------------------------------------------
Env.  Env. Placements            X1           Y1          X2           Y2

  1        2                130.900      151.200     132.300      152.050

Shape               Environments Status & Error Marker 

          1           X1         Y1         X2         Y2

   1      X        1.450      2.600      1.800      3.000
   2      X        2.500      2.650      2.850      3.450

--------------------------------------------------------------------------------
Cell Name : BUFX16_DCV_HV layout CORELIBD_DCV_HV

                   Cell Errors    Real Errors   Cell Placements     Environments
                             4              4                 2                1
--------------------------------------------------------------------------------
Env.  Env. Placements            X1           Y1          X2           Y2

  1        2                 74.850      156.525      79.250      158.650

Shape               Environments Status & Error Marker 

          1           X1         Y1         X2         Y2

   1      X        2.700      1.875      3.050      3.650
   2      X        4.050      1.875      4.400      4.000
   3      X        5.400      1.875      5.750      4.000
   4      X        6.750      1.875      7.100      4.000

--------------------------------------------------------------------------------
Cell Name : BUFX12_DCV_HV layout CORELIBD_DCV_HV

                   Cell Errors    Real Errors   Cell Placements     Environments
                             3              3                 7                1
--------------------------------------------------------------------------------
Env.  Env. Placements            X1           Y1          X2           Y2

  1        7                 46.750       93.850      49.975       96.250

Shape               Environments Status & Error Marker 

          1           X1         Y1         X2         Y2

   1      X        1.200      1.600      1.550      2.925
   2      X        2.675      1.600      3.025      4.000
   3      X        4.075      1.600      4.425      4.000

--------------------------------------------------------------------------------
Cell Name : AOI22X4_DCV_HV layout CORELIBD_DCV_HV

                   Cell Errors    Real Errors   Cell Placements     Environments
                             4              4                 5                1
--------------------------------------------------------------------------------
Env.  Env. Placements            X1           Y1          X2           Y2

  1        5                 54.200       93.400      58.300       95.150

Shape               Environments Status & Error Marker 

          1           X1         Y1         X2         Y2

   1      X        1.250      1.150      1.600      2.900
   2      X        2.050      1.150      2.400      2.900
   3      X        4.200      1.150      4.550      2.900
   4      X        5.000      1.150      5.350      2.900

--------------------------------------------------------------------------------
Cell Name : AOI22X3_DCV_HV layout CORELIBD_DCV_HV

                   Cell Errors    Real Errors   Cell Placements     Environments
                             4              4                 2                1
--------------------------------------------------------------------------------
Env.  Env. Placements            X1           Y1          X2           Y2

  1        2                136.400      135.475     140.500      136.800

Shape               Environments Status & Error Marker 

          1           X1         Y1         X2         Y2

   1      X        1.250      1.625      1.600      2.950
   2      X        2.050      1.625      2.400      2.950
   3      X        4.200      1.625      4.550      2.950
   4      X        5.000      1.625      5.350      2.950

--------------------------------------------------------------------------------
Cell Name : core layout MINIMAL_CORE

                   Cell Errors    Real Errors   Cell Placements     Environments
                            25             25                 1                1
--------------------------------------------------------------------------------
Env.  Env. Placements            X1           Y1          X2           Y2

  1        1                 40.725       88.250     169.525      158.650

Shape               Environments Status & Error Marker 

          1           X1         Y1         X2         Y2

   1      X       53.850    110.150     54.200    110.550
   2      X       55.300    110.150     55.650    110.550
   3      X       56.900    110.150     57.250    110.950
   4      X       58.350    110.075     58.700    110.950
   5      X       59.250    110.075     59.600    110.950
   6      X       67.750    157.275     68.100    157.950
   7      X       69.150    157.000     69.500    158.200
   8      X       70.600    151.250     70.950    152.850
   9      X       70.600    157.000     70.950    158.200
  10      X       88.750    136.750     89.100    137.150
  11      X       90.200    136.200     90.550    137.400
  12      X      129.350    114.900    129.700    115.800
  13      X      130.800    114.900    131.150    116.500
  14      X      132.150    114.900    132.500    116.500
  15      X      143.350    135.375    143.700    137.150
  16      X      144.700    136.200    145.050    137.800
  17      X      146.150    136.200    146.500    137.800
  18      X      146.200     94.200    146.550     95.475
  19      X      147.600    136.200    147.950    137.800
  20      X      147.775     94.200    148.125     95.475
  21      X      148.525     89.100    169.525     90.350
  22      X      149.000    136.225    149.350    137.800
  23      X      149.500     94.200    149.850     95.475
  24      X      150.950     94.525    151.300     95.475
  25      X      151.800     94.525    152.150     95.475

================================================================================
Rule No. 2338 : PO_R_1 Minimum density of POLY1 area [%] Density = total poly layer area / chip area Recommended dummy structures are 5um * 2um rectangles with 2um spacing. They should not be placed on active devices. = 14

Real Error Count : 1; Flat Error Count : 2
================================================================================

--------------------------------------------------------------------------------
Cell Name : core layout MINIMAL_CORE

                   Cell Errors    Real Errors   Cell Placements     Environments
                             2              1                 1                1
--------------------------------------------------------------------------------
Env.  Env. Placements            X1           Y1          X2           Y2

  1        1                 16.550        6.050     193.550      191.650

Shape               Environments Status & Error Marker 

          1           X1         Y1         X2         Y2

   1      X       16.550      6.050    193.550    191.650

================================================================================
Rule No. 2400 : M2_R_1 Minimum density of MET2 area [%] = 30

Real Error Count : 1; Flat Error Count : 2
================================================================================

--------------------------------------------------------------------------------
Cell Name : core layout MINIMAL_CORE

                   Cell Errors    Real Errors   Cell Placements     Environments
                             2              1                 1                1
--------------------------------------------------------------------------------
Env.  Env. Placements            X1           Y1          X2           Y2

  1        1                 16.550        6.050     193.550      191.650

Shape               Environments Status & Error Marker 

          1           X1         Y1         X2         Y2

   1      X       16.550      6.050    193.550    191.650

================================================================================
Rule No. 2411 : M3_R_1 Minimum density of MET3 area [%] = 30

Real Error Count : 1; Flat Error Count : 2
================================================================================

--------------------------------------------------------------------------------
Cell Name : core layout MINIMAL_CORE

                   Cell Errors    Real Errors   Cell Placements     Environments
                             2              1                 1                1
--------------------------------------------------------------------------------
Env.  Env. Placements            X1           Y1          X2           Y2

  1        1                 16.550        6.050     193.550      191.650

Shape               Environments Status & Error Marker 

          1           X1         Y1         X2         Y2

   1      X       16.550      6.050    193.550    191.650

================================================================================
Rule No. 2420 : R01M4 Minimum density of MET4 area [%] = 30

Real Error Count : 1; Flat Error Count : 2
================================================================================

--------------------------------------------------------------------------------
Cell Name : core layout MINIMAL_CORE

                   Cell Errors    Real Errors   Cell Placements     Environments
                             2              1                 1                1
--------------------------------------------------------------------------------
Env.  Env. Placements            X1           Y1          X2           Y2

  1        1                 16.550        6.050     193.550      191.650

Shape               Environments Status & Error Marker 

          1           X1         Y1         X2         Y2

   1      X       16.550      6.050    193.550    191.650

================================================================================
Rule No. 2629 : AMTS1 Maximum MTOP spacing when the width of one or both MTOP shapes is less than 10um. = 10

Real Error Count : 1; Flat Error Count : 1
================================================================================

--------------------------------------------------------------------------------
Cell Name : core layout MINIMAL_CORE

                   Cell Errors    Real Errors   Cell Placements     Environments
                             1              1                 1                1
--------------------------------------------------------------------------------
Env.  Env. Placements            X1           Y1          X2           Y2

  1        1                 16.550        6.050     193.550      191.650

Shape               Environments Status & Error Marker 

          1           X1         Y1         X2         Y2

   1      X       16.550      6.050    193.550    191.650

================================================================================
Rule No. 2722 : # H35B4 (Last updated 20-Nov-2018 10:48) #

Real Error Count : 1; Flat Error Count : 1
================================================================================

--------------------------------------------------------------------------------
Cell Name : core layout MINIMAL_CORE

                   Cell Errors    Real Errors   Cell Placements     Environments
                             1              1                 1                1
--------------------------------------------------------------------------------
Env.  Env. Placements            X1           Y1          X2           Y2

  1        1                 16.550        6.050     193.550      191.650

Shape               Environments Status & Error Marker 

          1           X1         Y1         X2         Y2

   1      X       16.550      6.050    193.550    191.650

