[Simulation Monitor: 13]
[2026-09-28 15:09:04.153 Z] [PROCESS] [cadence.virtuoso.ade.simulationMonitor] - Started the simulation monitor process {"hostname": "edatools", "processid": 495585, "logfile": "/home/saul/projects/AMS35_H35_MINIMAL/logs_saul/logs0/Job13.log", "simulation monitor command line": "/opt/tools/cadence/installs/IC231/tools.lnx86/dfII/bin/64bit/spectreMonitor --davinciService DaVinciService_475528_1790607240 --axlsession fnxSession1 -lscs 00010590E36CFC06BC4D138FFC7EFC06BC4D68F886089075D3225CD1A12FD236867F66E38F1FFC06BC4D66E38F1FFC06BC4D0C590C0F7F16D6F700001A81 -beanhost edatools -beanport 11665 -beanLogFile /home/saul/projects/AMS35_H35_MINIMAL/logs_saul/logs0/amps_Job13.log -beanbinlog  --domain 0 --interactive yes --netlistOpt no --useMultiPointEvaluation yes --exprEvalShowJobStderr yes --evalSimParallel no --maxSims 0 --historyName Interactive.5 --historyUUID  --exprEvaluator vds --mcMapping mc1.mapping --checkLogStatusInterval 0 --checkSimulatorLogTimeout 1200 --exprEvalMaxTries 3 --maxNFSSyncWait 60 -adeBrokerAddress edatools:36165 --statdbType h5v2 --fromADE true --virtuosoBinary virtuoso --guiDisplay edatools:2.0 --globalStatus 60 --evaluateMultiMC yes --evalOnSimFail SkipFailedAnalyses --numRetriesOnError 1 --fenixMode assembler --lingertimeout 300 -ahdlLockTimeout 60 --sdbLib MINIMAL_TOP --sdbCell top_tb --sdbView maestro --heartBeatFileDir /dev/shm --id 13 --uuid b715be19-9be1-468b-92f7-86d91e1df76d --log /home/saul/projects/AMS35_H35_MINIMAL/logs_saul/logs0/Job13.log "}
[2026-09-28 15:09:04.153 Z] [PROCESS] [cadence.virtuoso.ade.simulationMonitor] - Started the simulation monitor process {"hostname": "edatools", "processid": 495585, "logfile": "/home/saul/projects/AMS35_H35_MINIMAL/logs_saul/logs0/Job13.log", "current directory": "/home/saul/projects/AMS35_H35_MINIMAL"}
[2026-09-28 15:09:04.153 Z] [PROCESS] [cadence.virtuoso.ade.simulationMonitor] - Simulation Monitor has successfully started up. Trying to set up communication channels to other components ... {"hostname": "edatools", "processid": 495585, "logfile": "/home/saul/projects/AMS35_H35_MINIMAL/logs_saul/logs0/Job13.log"}
[2026-09-28 15:09:04.153 Z] [PROCESS] [cadence.virtuoso.ade.simulationMonitor] - Communication channels have been successfully set up. Start processing events ... {"hostname": "edatools", "processid": 495585, "logfile": "/home/saul/projects/AMS35_H35_MINIMAL/logs_saul/logs0/Job13.log"}
[2026-09-28 15:09:04.153 Z] [PROCESS] [cadence.virtuoso.ade.simulationMonitor] - Considering to start history {"hostname": "edatools", "processid": 495585, "history": "Interactive.5", "logfile": "/home/saul/projects/AMS35_H35_MINIMAL/logs_saul/logs0/Job13.log"}
[2026-09-28 15:09:04.154 Z] [PROCESS] [cadence.virtuoso.ade.simulationMonitor] - HostInfo:
Host name (type):	edatools (x86_64)
Operating system:	Linux 7.0.0-30-generic #30~24.04.1-Ubuntu SMP PREEMPT_DYNAMIC Fri Aug  7 13:27:52 UTC 2 {"hostname": "edatools", "processid": 495585, "history": "Interactive.5", "logfile": "/home/saul/projects/AMS35_H35_MINIMAL/logs_saul/logs0/Job13.log", "nodename": "edatools", "domainname": "(none)", "machine": "x86_64", "sysname": "Linux", "release": "7.0.0-30-generic", "version": "#30~24.04.1-Ubuntu SMP PREEMPT_DYNAMIC Fri Aug  7 13:27:52 UTC 2"}
[2026-09-28 15:09:04.154 Z] [PROCESS] [cadence.virtuoso.ade.simulationMonitor] - UsageInfo:
pid=495585
totalPhysicalMemory=62.541851GB,Used=45.494045GB,totalVirtualMemory=70.541847GB,Used=45.494045GB
Cpu: Cores=16, Load average:0.260000,0.220000,0.170000 {"hostname": "edatools", "processid": 495585, "history": "Interactive.5", "logfile": "/home/saul/projects/AMS35_H35_MINIMAL/logs_saul/logs0/Job13.log", "pid": "495585", "totalPhysicalMemory": "62.541851", "physicalMemoryUsed": "45.494045", "totalVirtualMemory": "70.541847", "virtualMemoryUsed": "45.494045", "cpuCores": "16", "processes": "2006", "loadAverage1": "0.260000", "loadAverage5": "0.220000", "loadAverage15": "0.170000", "loadAverage1Percent": "0.016250"}
[2026-09-28 15:09:04.155 Z] [EVENT] [cadence.virtuoso.ade.simulationMonitor] - NewPoint {"history": "Interactive.5", "point": 1, "testname": "MINIMAL_TOP_top_tb_1", "cornername": "Nominal", "event": "NewPoint", "EventSource": "Simulation Monitor", "HistoryName": "Interactive.5", "logFile": "/home/saul/projects/AMS35_H35_MINIMAL/logs_saul/logs0/Job13.log", "logFileSize": "4005", "category": "simulation"}
[2026-09-28 15:09:04.255 Z] [EVENT] [cadence.virtuoso.ade.simulationMonitor] - NewPoint {"history": "Interactive.5", "point": 1, "testname": "MINIMAL_TOP_top_tb_1", "cornername": "Nominal", "event": "NewPoint", "EventSource": "ams", "HistoryName": "Interactive.5", "logFile": "/home/saul/simulation/MINIMAL_TOP/top_tb/maestro/results/maestro/Interactive.5/1/MINIMAL_TOP_top_tb_1/psf/xrun.log", "logFileSize": "-1", "category": "simulation"}
[2026-09-28 15:09:04.272 Z] [PROCESS] [cadence.virtuoso.ade.simulationMonitor] - Simulator launched {"hostname": "edatools", "processid": 495585, "history": "Interactive.5", "testname": "MINIMAL_TOP_top_tb_1", "cornername": "Nominal", "point": 1, "logfile": "/home/saul/projects/AMS35_H35_MINIMAL/logs_saul/logs0/Job13.log", "simid": "1", "event": "launch", "category": "simulation"}
[2026-09-28 15:09:04.278 Z] [PROCESS] [cadence.virtuoso.ade.simulationMonitor] - Expression evaluator launched {"hostname": "edatools", "processid": 495585, "history": "Interactive.5", "testname": "MINIMAL_TOP_top_tb_1", "cornername": "Nominal", "point": 1, "logfile": "/home/saul/projects/AMS35_H35_MINIMAL/logs_saul/logs0/Job13.log"}
[2026-09-28 15:09:04.306 Z] [PROCESS] [cadence.virtuoso.ade.simulationMonitor] - Started Simulation {"hostname": "edatools", "processid": 495585, "history": "Interactive.5", "testname": "MINIMAL_TOP_top_tb_1", "cornername": "Nominal", "point": 1, "logfile": "/home/saul/projects/AMS35_H35_MINIMAL/logs_saul/logs0/Job13.log", "event": "start", "category": "simulation"}
[2026-09-28 15:09:13.334 Z] [INFO] [cadence.virtuoso.ade.simulationMonitor] - Notice from spectre during circuit read-in.
    Configuration file used: `/opt/tools/cadence/installs/SPECTRE241/tools.lnx86/spectre/etc/configs/ams.cfg'. {"history": "Interactive.5", "point": 1, "testname": "MINIMAL_TOP_top_tb_1", "cornername": "Nominal"}
[2026-09-28 15:09:13.334 Z] [WARN] [cadence.virtuoso.ade.simulationMonitor] -     WARNING (SFE-2296): "/opt/pdk/ams/5.10.1/X35/spectre/h35/esddiode.scs" 2638: The inline subckt definition `esdnpn_pn3' does not contain any inline components. The `inline' qualifier will therefore be ignored. {"history": "Interactive.5", "point": 1, "testname": "MINIMAL_TOP_top_tb_1", "cornername": "Nominal"}
[2026-09-28 15:09:13.334 Z] [INFO] [cadence.virtuoso.ade.simulationMonitor] - Peak resident memory used = 183 Mbytes. {"history": "Interactive.5", "point": 1, "testname": "MINIMAL_TOP_top_tb_1", "cornername": "Nominal"}
[2026-09-28 15:09:13.334 Z] [INFO] [cadence.virtuoso.ade.simulationMonitor] - Peak resident memory used = 196 Mbytes. {"history": "Interactive.5", "point": 1, "testname": "MINIMAL_TOP_top_tb_1", "cornername": "Nominal"}
[2026-09-28 15:09:13.334 Z] [WARN] [cadence.virtuoso.ade.simulationMonitor] -     WARNING (SPECTRE-8527): There are some nodes and instances removed from the netlist topology check. Check the circuit and correct the topology. Or use preserve_inst to keep them if necessary. {"history": "Interactive.5", "point": 1, "testname": "MINIMAL_TOP_top_tb_1", "cornername": "Nominal"}
[2026-09-28 15:09:13.334 Z] [WARN] [cadence.virtuoso.ade.simulationMonitor] -     WARNING (SPECTRE-8529): Dangling instance. top_tb.V0 is removed. {"history": "Interactive.5", "point": 1, "testname": "MINIMAL_TOP_top_tb_1", "cornername": "Nominal"}
[2026-09-28 15:09:13.334 Z] [WARN] [cadence.virtuoso.ade.simulationMonitor] -     WARNING (SPECTRE-8529): Dangling instance. top_tb.R4 is removed. {"history": "Interactive.5", "point": 1, "testname": "MINIMAL_TOP_top_tb_1", "cornername": "Nominal"}
[2026-09-28 15:09:13.335 Z] [WARN] [cadence.virtuoso.ade.simulationMonitor] -     WARNING (SPECTRE-8529): Dangling instance. top_tb.R2 is removed. {"history": "Interactive.5", "point": 1, "testname": "MINIMAL_TOP_top_tb_1", "cornername": "Nominal"}
[2026-09-28 15:09:13.335 Z] [WARN] [cadence.virtuoso.ade.simulationMonitor] -     WARNING (SPECTRE-8529): Dangling instance. top_tb.R0 is removed. {"history": "Interactive.5", "point": 1, "testname": "MINIMAL_TOP_top_tb_1", "cornername": "Nominal"}
[2026-09-28 15:09:13.335 Z] [WARN] [cadence.virtuoso.ade.simulationMonitor] -     WARNING (SPECTRE-8530): Dangling node. top_tb.net13 is removed. {"history": "Interactive.5", "point": 1, "testname": "MINIMAL_TOP_top_tb_1", "cornername": "Nominal"}
[2026-09-28 15:09:13.335 Z] [WARN] [cadence.virtuoso.ade.simulationMonitor] -     WARNING (SPECTRE-8531): Floating node. top_tb.I0___dUmmY_pORt_0_ is removed. {"history": "Interactive.5", "point": 1, "testname": "MINIMAL_TOP_top_tb_1", "cornername": "Nominal"}
[2026-09-28 15:09:13.335 Z] [WARN] [cadence.virtuoso.ade.simulationMonitor] -     WARNING (SPECTRE-8531): Floating node. top_tb.I0___dUmmY_pORt_1_ is removed. {"history": "Interactive.5", "point": 1, "testname": "MINIMAL_TOP_top_tb_1", "cornername": "Nominal"}
[2026-09-28 15:09:13.335 Z] [WARN] [cadence.virtuoso.ade.simulationMonitor] -     WARNING (SPECTRE-8531): Floating node. top_tb.I0___dUmmY_pORt_3_ is removed. {"history": "Interactive.5", "point": 1, "testname": "MINIMAL_TOP_top_tb_1", "cornername": "Nominal"}
[2026-09-28 15:09:13.335 Z] [WARN] [cadence.virtuoso.ade.simulationMonitor] -     WARNING (SPECTRE-8531): Floating node. top_tb.I0.I0___dUmmY_pORt_1_ is removed. {"history": "Interactive.5", "point": 1, "testname": "MINIMAL_TOP_top_tb_1", "cornername": "Nominal"}
[2026-09-28 15:09:13.335 Z] [WARN] [cadence.virtuoso.ade.simulationMonitor] -     WARNING (SPECTRE-8531): Floating node. top_tb.I0.I0___dUmmY_pORt_2_ is removed. {"history": "Interactive.5", "point": 1, "testname": "MINIMAL_TOP_top_tb_1", "cornername": "Nominal"}
[2026-09-28 15:09:13.335 Z] [INFO] [cadence.virtuoso.ade.simulationMonitor] - Peak resident memory used = 198 Mbytes. {"history": "Interactive.5", "point": 1, "testname": "MINIMAL_TOP_top_tb_1", "cornername": "Nominal"}
[2026-09-28 15:09:13.335 Z] [INFO] [cadence.virtuoso.ade.simulationMonitor] - Notice from spectre during initial setup.
    Assert will write the violations in both sqldb and text formats because the value of 'checklimitdest' option has been set to 'both'. {"history": "Interactive.5", "point": 1, "testname": "MINIMAL_TOP_top_tb_1", "cornername": "Nominal"}
[2026-09-28 15:09:13.335 Z] [INFO] [cadence.virtuoso.ade.simulationMonitor] - Notice from spectre during topology check.
    No connections to node `top_tb.I0___dUmmY_pORt_2_'.
    No connections to node `top_tb.I0.out[3]'.
    No connections to node `top_tb.I0.out[5]'.
    No connections to node `top_tb.I0.out[6]'.
    No connections to node `top_tb.I0.out[7]'.
        Further occurrences of this notice will be suppressed.
    No DC path from node `top_tb.I0___dUmmY_pORt_2_' to ground, Gmin installed to provide path.
    No DC path from node `top_tb.I0.out[3]' to ground, Gmin insta... {"history": "Interactive.5", "point": 1, "testname": "MINIMAL_TOP_top_tb_1", "cornername": "Nominal"}
[2026-09-28 15:09:13.335 Z] [INFO] [cadence.virtuoso.ade.simulationMonitor] - Notice from spectre during initial setup.
    Multithreading is disabled due to the size of the design being too small. {"history": "Interactive.5", "point": 1, "testname": "MINIMAL_TOP_top_tb_1", "cornername": "Nominal"}
[2026-09-28 15:09:13.335 Z] [INFO] [cadence.virtuoso.ade.simulationMonitor] -               nodes 25 {"history": "Interactive.5", "point": 1, "testname": "MINIMAL_TOP_top_tb_1", "cornername": "Nominal"}
[2026-09-28 15:09:13.335 Z] [INFO] [cadence.virtuoso.ade.simulationMonitor] - Notice from spectre during initial setup.
    2 vsources are shorted because their absolute value is less than or equal to 'vabsshort'.
    APS enabled.
    1 warning suppressed. {"history": "Interactive.5", "point": 1, "testname": "MINIMAL_TOP_top_tb_1", "cornername": "Nominal"}
[2026-09-28 15:09:13.335 Z] [INFO] [cadence.virtuoso.ade.simulationMonitor] - Peak resident memory used = 205 Mbytes. {"history": "Interactive.5", "point": 1, "testname": "MINIMAL_TOP_top_tb_1", "cornername": "Nominal"}
[2026-09-28 15:09:13.336 Z] [INFO] [cadence.virtuoso.ade.simulationMonitor] -    -   (APS) Multi-threading. The recommended number of threads is 1, consider adding +mt=1 on command line. {"history": "Interactive.5", "point": 1, "testname": "MINIMAL_TOP_top_tb_1", "cornername": "Nominal"}
[2026-09-28 15:09:13.336 Z] [INFO] [cadence.virtuoso.ade.simulationMonitor] - Notice from spectre during transient analysis `tran'.
    No checklimit analysis defined for asserts. A default checklimit analysis 'SpectreChecklimitAnal' has been created with all asserts enabled. {"history": "Interactive.5", "point": 1, "testname": "MINIMAL_TOP_top_tb_1", "cornername": "Nominal"}
[2026-09-28 15:09:13.336 Z] [INFO] [cadence.virtuoso.ade.simulationMonitor] - Notice from spectre during transient analysis `tran'.
    Multithreading is disabled due to the size of the design being too small. {"history": "Interactive.5", "point": 1, "testname": "MINIMAL_TOP_top_tb_1", "cornername": "Nominal"}
[2026-09-28 15:09:13.861 Z] [INFO] [cadence.virtuoso.ade.simulationMonitor] - Intrinsic tran analysis time:    CPU = 117.339 ms, elapsed = 142.685 ms. {"history": "Interactive.5", "point": 1, "testname": "MINIMAL_TOP_top_tb_1", "cornername": "Nominal"}
[2026-09-28 15:09:18.863 Z] [INFO] [cadence.virtuoso.ade.simulationMonitor] - Total time required for tran analysis `tran': CPU = 148.39 ms, elapsed = 186.271 ms, util. = 79.7%. {"history": "Interactive.5", "point": 1, "testname": "MINIMAL_TOP_top_tb_1", "cornername": "Nominal"}
[2026-09-28 15:09:18.864 Z] [INFO] [cadence.virtuoso.ade.simulationMonitor] - Peak resident memory used = 214 Mbytes. {"history": "Interactive.5", "point": 1, "testname": "MINIMAL_TOP_top_tb_1", "cornername": "Nominal"}
[2026-09-28 15:09:18.864 Z] [INFO] [cadence.virtuoso.ade.simulationMonitor] - Time used: CPU = 407 ms, elapsed = 5.67 s, util. = 7.18%. {"history": "Interactive.5", "point": 1, "testname": "MINIMAL_TOP_top_tb_1", "cornername": "Nominal"}
[2026-09-28 15:09:18.864 Z] [INFO] [cadence.virtuoso.ade.simulationMonitor] - Time spent in licensing: elapsed = 30.1 ms. {"history": "Interactive.5", "point": 1, "testname": "MINIMAL_TOP_top_tb_1", "cornername": "Nominal"}
[2026-09-28 15:09:18.864 Z] [INFO] [cadence.virtuoso.ade.simulationMonitor] - Peak memory used = 214 Mbytes. {"history": "Interactive.5", "point": 1, "testname": "MINIMAL_TOP_top_tb_1", "cornername": "Nominal"}
[2026-09-28 15:09:18.864 Z] [PROCESS] [cadence.virtuoso.ade.simulationMonitor] - Simulation started at: 3:09:12 PM, Mon Sep 28, 2026, ended at: 3:09:18 PM, Mon Sep 28, 2026, with elapsed time (wall clock): 5.67 s. {"history": "Interactive.5", "point": 1, "testname": "MINIMAL_TOP_top_tb_1", "cornername": "Nominal"}
[2026-09-28 15:09:18.865 Z] [PROCESS] [cadence.virtuoso.ade.simulationMonitor] - spectre completes with 0 errors, 12 warnings, and 19 notices. {"history": "Interactive.5", "point": 1, "testname": "MINIMAL_TOP_top_tb_1", "cornername": "Nominal"}
[2026-09-28 15:09:18.865 Z] [INFO] [cadence.virtuoso.ade.simulationMonitor] - xmsim: Memory Usage - Final: 83.5M, Peak: 93.2M, Peak virtual: 360.4M {"history": "Interactive.5", "point": 1, "testname": "MINIMAL_TOP_top_tb_1", "cornername": "Nominal"}
[2026-09-28 15:09:18.865 Z] [INFO] [cadence.virtuoso.ade.simulationMonitor] - xmsim: CPU Usage - 0.5s system + 0.8s user = 1.3s total (6.5s, 20.8% cpu) {"history": "Interactive.5", "point": 1, "testname": "MINIMAL_TOP_top_tb_1", "cornername": "Nominal"}
[2026-09-28 15:09:18.865 Z] [PROCESS] [cadence.virtuoso.ade.simulationMonitor] - Finished simulating for one point {"hostname": "edatools", "processid": 495585, "history": "Interactive.5", "testname": "MINIMAL_TOP_top_tb_1", "cornername": "Nominal", "point": 1, "logfile": "/home/saul/projects/AMS35_H35_MINIMAL/logs_saul/logs0/Job13.log", "simid": "1", "event": "finish", "category": "simulation"}
[2026-09-28 15:09:18.865 Z] [PROCESS] [cadence.virtuoso.ade.simulationMonitor] - Simulator exited {"hostname": "edatools", "processid": 495585, "history": "Interactive.5", "testname": "MINIMAL_TOP_top_tb_1", "cornername": "Nominal", "point": 1, "logfile": "/home/saul/projects/AMS35_H35_MINIMAL/logs_saul/logs0/Job13.log", "exitStatus": "0"}
[2026-09-28 15:09:18.865 Z] [PROCESS] [cadence.virtuoso.ade.simulationMonitor] - Finished Simulation {"hostname": "edatools", "processid": 495585, "history": "Interactive.5", "testname": "MINIMAL_TOP_top_tb_1", "cornername": "Nominal", "point": 1, "logfile": "/home/saul/projects/AMS35_H35_MINIMAL/logs_saul/logs0/Job13.log", "simid": "1", "event": "finish", "category": "obsolete"}
[2026-09-28 15:09:19.867 Z] [PROCESS] [cadence.virtuoso.ade.simulationMonitor] - Point Finished {"hostname": "edatools", "processid": 495585, "history": "Interactive.5", "testname": "MINIMAL_TOP_top_tb_1", "cornername": "Nominal", "point": 1, "logfile": "/home/saul/projects/AMS35_H35_MINIMAL/logs_saul/logs0/Job13.log", "event": "finish", "category": "sim-eval"}
[2026-09-28 15:09:24.371 Z] [PROCESS] [cadence.virtuoso.ade.simulationMonitor] - Current memory used: 87.8867 MBytes, peak memory used: 87.8867 MBytes {"hostname": "edatools", "processid": 495585, "history": "Interactive.5", "testname": "MINIMAL_TOP_top_tb_1", "cornername": "Nominal", "point": 1, "logfile": "/home/saul/projects/AMS35_H35_MINIMAL/logs_saul/logs0/Job13.log"}
[2026-09-28 15:09:24.371 Z] [PROCESS] [cadence.virtuoso.ade.simulationMonitor] - Simulation Monitor process exits. {"hostname": "edatools", "processid": 495585, "history": "Interactive.5", "testname": "MINIMAL_TOP_top_tb_1", "cornername": "Nominal", "point": 1, "logfile": "/home/saul/projects/AMS35_H35_MINIMAL/logs_saul/logs0/Job13.log"}
