[Simulation Monitor: 16]
[2026-09-28 15:19:56.660 Z] [PROCESS] [cadence.virtuoso.ade.simulationMonitor] - Started the simulation monitor process {"hostname": "edatools", "processid": 499202, "logfile": "/home/saul/projects/AMS35_H35_MINIMAL/logs_saul/logs0/Job16.log", "simulation monitor command line": "/opt/tools/cadence/installs/IC231/tools.lnx86/dfII/bin/64bit/spectreMonitor --davinciService DaVinciService_475528_1790607240 --axlsession fnxSession2 -lscs 00010590E36CFC06BC4D138FFC7EFC06BC4D68F886089075D3225CD1A12FD236867F66E38F1FFC06BC4D66E38F1FFC06BC4D0C590A83799AD6F700001A7A -beanhost edatools -beanport 11665 -beanLogFile /home/saul/projects/AMS35_H35_MINIMAL/logs_saul/logs0/amps_Job16.log -beanbinlog  --domain 0 --interactive yes --netlistOpt no --useMultiPointEvaluation yes --exprEvalShowJobStderr yes --evalSimParallel no --maxSims 0 --historyName Interactive.6 --historyUUID  --exprEvaluator vds --mcMapping mc1.mapping --checkLogStatusInterval 0 --checkSimulatorLogTimeout 1200 --exprEvalMaxTries 3 --maxNFSSyncWait 60 -adeBrokerAddress edatools:36165 --statdbType h5v2 --fromADE true --virtuosoBinary virtuoso --guiDisplay edatools:2.0 --globalStatus 60 --evaluateMultiMC yes --evalOnSimFail SkipFailedAnalyses --numRetriesOnError 1 --fenixMode assembler --lingertimeout 300 -ahdlLockTimeout 60 --sdbLib MINIMAL_CORE --sdbCell core_tb --sdbView maestro --heartBeatFileDir /dev/shm --id 16 --uuid 4ee8b668-baaa-429f-8ede-c71b8452d798 --log /home/saul/projects/AMS35_H35_MINIMAL/logs_saul/logs0/Job16.log "}
[2026-09-28 15:19:56.660 Z] [PROCESS] [cadence.virtuoso.ade.simulationMonitor] - Started the simulation monitor process {"hostname": "edatools", "processid": 499202, "logfile": "/home/saul/projects/AMS35_H35_MINIMAL/logs_saul/logs0/Job16.log", "current directory": "/home/saul/projects/AMS35_H35_MINIMAL"}
[2026-09-28 15:19:56.660 Z] [PROCESS] [cadence.virtuoso.ade.simulationMonitor] - Simulation Monitor has successfully started up. Trying to set up communication channels to other components ... {"hostname": "edatools", "processid": 499202, "logfile": "/home/saul/projects/AMS35_H35_MINIMAL/logs_saul/logs0/Job16.log"}
[2026-09-28 15:19:56.660 Z] [PROCESS] [cadence.virtuoso.ade.simulationMonitor] - Communication channels have been successfully set up. Start processing events ... {"hostname": "edatools", "processid": 499202, "logfile": "/home/saul/projects/AMS35_H35_MINIMAL/logs_saul/logs0/Job16.log"}
[2026-09-28 15:19:56.660 Z] [PROCESS] [cadence.virtuoso.ade.simulationMonitor] - Considering to start history {"hostname": "edatools", "processid": 499202, "history": "Interactive.6", "logfile": "/home/saul/projects/AMS35_H35_MINIMAL/logs_saul/logs0/Job16.log"}
[2026-09-28 15:19:56.661 Z] [PROCESS] [cadence.virtuoso.ade.simulationMonitor] - HostInfo:
Host name (type):	edatools (x86_64)
Operating system:	Linux 7.0.0-30-generic #30~24.04.1-Ubuntu SMP PREEMPT_DYNAMIC Fri Aug  7 13:27:52 UTC 2 {"hostname": "edatools", "processid": 499202, "history": "Interactive.6", "logfile": "/home/saul/projects/AMS35_H35_MINIMAL/logs_saul/logs0/Job16.log", "nodename": "edatools", "domainname": "(none)", "machine": "x86_64", "sysname": "Linux", "release": "7.0.0-30-generic", "version": "#30~24.04.1-Ubuntu SMP PREEMPT_DYNAMIC Fri Aug  7 13:27:52 UTC 2"}
[2026-09-28 15:19:56.661 Z] [PROCESS] [cadence.virtuoso.ade.simulationMonitor] - UsageInfo:
pid=499202
totalPhysicalMemory=62.541851GB,Used=45.215397GB,totalVirtualMemory=70.541847GB,Used=45.215397GB
Cpu: Cores=16, Load average:0.340000,0.170000,0.160000 {"hostname": "edatools", "processid": 499202, "history": "Interactive.6", "logfile": "/home/saul/projects/AMS35_H35_MINIMAL/logs_saul/logs0/Job16.log", "pid": "499202", "totalPhysicalMemory": "62.541851", "physicalMemoryUsed": "45.215397", "totalVirtualMemory": "70.541847", "virtualMemoryUsed": "45.215397", "cpuCores": "16", "processes": "1983", "loadAverage1": "0.340000", "loadAverage5": "0.170000", "loadAverage15": "0.160000", "loadAverage1Percent": "0.021250"}
[2026-09-28 15:19:56.662 Z] [EVENT] [cadence.virtuoso.ade.simulationMonitor] - NewPoint {"history": "Interactive.6", "point": 1, "testname": "MINIMAL_TOP_top_tb_1", "cornername": "Nominal", "event": "NewPoint", "EventSource": "Simulation Monitor", "HistoryName": "Interactive.6", "logFile": "/home/saul/projects/AMS35_H35_MINIMAL/logs_saul/logs0/Job16.log", "logFileSize": "4007", "category": "simulation"}
[2026-09-28 15:19:56.762 Z] [EVENT] [cadence.virtuoso.ade.simulationMonitor] - NewPoint {"history": "Interactive.6", "point": 1, "testname": "MINIMAL_TOP_top_tb_1", "cornername": "Nominal", "event": "NewPoint", "EventSource": "ams", "HistoryName": "Interactive.6", "logFile": "/home/saul/simulation/MINIMAL_CORE/core_tb/maestro/results/maestro/Interactive.6/1/MINIMAL_TOP_top_tb_1/psf/xrun.log", "logFileSize": "-1", "category": "simulation"}
[2026-09-28 15:19:56.781 Z] [PROCESS] [cadence.virtuoso.ade.simulationMonitor] - Simulator launched {"hostname": "edatools", "processid": 499202, "history": "Interactive.6", "testname": "MINIMAL_TOP_top_tb_1", "cornername": "Nominal", "point": 1, "logfile": "/home/saul/projects/AMS35_H35_MINIMAL/logs_saul/logs0/Job16.log", "simid": "1", "event": "launch", "category": "simulation"}
[2026-09-28 15:19:56.787 Z] [PROCESS] [cadence.virtuoso.ade.simulationMonitor] - Expression evaluator launched {"hostname": "edatools", "processid": 499202, "history": "Interactive.6", "testname": "MINIMAL_TOP_top_tb_1", "cornername": "Nominal", "point": 1, "logfile": "/home/saul/projects/AMS35_H35_MINIMAL/logs_saul/logs0/Job16.log"}
[2026-09-28 15:19:56.805 Z] [PROCESS] [cadence.virtuoso.ade.simulationMonitor] - Started Simulation {"hostname": "edatools", "processid": 499202, "history": "Interactive.6", "testname": "MINIMAL_TOP_top_tb_1", "cornername": "Nominal", "point": 1, "logfile": "/home/saul/projects/AMS35_H35_MINIMAL/logs_saul/logs0/Job16.log", "event": "start", "category": "simulation"}
[2026-09-28 15:20:06.864 Z] [INFO] [cadence.virtuoso.ade.simulationMonitor] - Notice from spectre during circuit read-in.
    Configuration file used: `/opt/tools/cadence/installs/SPECTRE241/tools.lnx86/spectre/etc/configs/ams.cfg'. {"history": "Interactive.6", "point": 1, "testname": "MINIMAL_TOP_top_tb_1", "cornername": "Nominal"}
[2026-09-28 15:20:06.864 Z] [WARN] [cadence.virtuoso.ade.simulationMonitor] -     WARNING (SFE-2296): "/opt/pdk/ams/5.10.1/X35/spectre/h35/esddiode.scs" 2638: The inline subckt definition `esdnpn_pn3' does not contain any inline components. The `inline' qualifier will therefore be ignored. {"history": "Interactive.6", "point": 1, "testname": "MINIMAL_TOP_top_tb_1", "cornername": "Nominal"}
[2026-09-28 15:20:06.864 Z] [INFO] [cadence.virtuoso.ade.simulationMonitor] - Peak resident memory used = 184 Mbytes. {"history": "Interactive.6", "point": 1, "testname": "MINIMAL_TOP_top_tb_1", "cornername": "Nominal"}
[2026-09-28 15:20:06.864 Z] [INFO] [cadence.virtuoso.ade.simulationMonitor] - Peak resident memory used = 196 Mbytes. {"history": "Interactive.6", "point": 1, "testname": "MINIMAL_TOP_top_tb_1", "cornername": "Nominal"}
[2026-09-28 15:20:06.864 Z] [WARN] [cadence.virtuoso.ade.simulationMonitor] -     WARNING (SPECTRE-8527): There are some nodes and instances removed from the netlist topology check. Check the circuit and correct the topology. Or use preserve_inst to keep them if necessary. {"history": "Interactive.6", "point": 1, "testname": "MINIMAL_TOP_top_tb_1", "cornername": "Nominal"}
[2026-09-28 15:20:06.864 Z] [WARN] [cadence.virtuoso.ade.simulationMonitor] -     WARNING (SPECTRE-8529): Dangling instance. top_tb.V0 is removed. {"history": "Interactive.6", "point": 1, "testname": "MINIMAL_TOP_top_tb_1", "cornername": "Nominal"}
[2026-09-28 15:20:06.864 Z] [WARN] [cadence.virtuoso.ade.simulationMonitor] -     WARNING (SPECTRE-8529): Dangling instance. top_tb.R4 is removed. {"history": "Interactive.6", "point": 1, "testname": "MINIMAL_TOP_top_tb_1", "cornername": "Nominal"}
[2026-09-28 15:20:06.864 Z] [WARN] [cadence.virtuoso.ade.simulationMonitor] -     WARNING (SPECTRE-8529): Dangling instance. top_tb.R2 is removed. {"history": "Interactive.6", "point": 1, "testname": "MINIMAL_TOP_top_tb_1", "cornername": "Nominal"}
[2026-09-28 15:20:06.864 Z] [WARN] [cadence.virtuoso.ade.simulationMonitor] -     WARNING (SPECTRE-8529): Dangling instance. top_tb.R0 is removed. {"history": "Interactive.6", "point": 1, "testname": "MINIMAL_TOP_top_tb_1", "cornername": "Nominal"}
[2026-09-28 15:20:06.864 Z] [WARN] [cadence.virtuoso.ade.simulationMonitor] -     WARNING (SPECTRE-8530): Dangling node. top_tb.net13 is removed. {"history": "Interactive.6", "point": 1, "testname": "MINIMAL_TOP_top_tb_1", "cornername": "Nominal"}
[2026-09-28 15:20:06.864 Z] [WARN] [cadence.virtuoso.ade.simulationMonitor] -     WARNING (SPECTRE-8531): Floating node. top_tb.I0___dUmmY_pORt_0_ is removed. {"history": "Interactive.6", "point": 1, "testname": "MINIMAL_TOP_top_tb_1", "cornername": "Nominal"}
[2026-09-28 15:20:06.864 Z] [WARN] [cadence.virtuoso.ade.simulationMonitor] -     WARNING (SPECTRE-8531): Floating node. top_tb.I0___dUmmY_pORt_1_ is removed. {"history": "Interactive.6", "point": 1, "testname": "MINIMAL_TOP_top_tb_1", "cornername": "Nominal"}
[2026-09-28 15:20:06.864 Z] [WARN] [cadence.virtuoso.ade.simulationMonitor] -     WARNING (SPECTRE-8531): Floating node. top_tb.I0___dUmmY_pORt_3_ is removed. {"history": "Interactive.6", "point": 1, "testname": "MINIMAL_TOP_top_tb_1", "cornername": "Nominal"}
[2026-09-28 15:20:06.864 Z] [WARN] [cadence.virtuoso.ade.simulationMonitor] -     WARNING (SPECTRE-8531): Floating node. top_tb.I0.I0___dUmmY_pORt_1_ is removed. {"history": "Interactive.6", "point": 1, "testname": "MINIMAL_TOP_top_tb_1", "cornername": "Nominal"}
[2026-09-28 15:20:06.864 Z] [WARN] [cadence.virtuoso.ade.simulationMonitor] -     WARNING (SPECTRE-8531): Floating node. top_tb.I0.I0___dUmmY_pORt_2_ is removed. {"history": "Interactive.6", "point": 1, "testname": "MINIMAL_TOP_top_tb_1", "cornername": "Nominal"}
[2026-09-28 15:20:06.864 Z] [INFO] [cadence.virtuoso.ade.simulationMonitor] - Peak resident memory used = 198 Mbytes. {"history": "Interactive.6", "point": 1, "testname": "MINIMAL_TOP_top_tb_1", "cornername": "Nominal"}
[2026-09-28 15:20:06.864 Z] [INFO] [cadence.virtuoso.ade.simulationMonitor] - Notice from spectre during initial setup.
    Assert will write the violations in both sqldb and text formats because the value of 'checklimitdest' option has been set to 'both'. {"history": "Interactive.6", "point": 1, "testname": "MINIMAL_TOP_top_tb_1", "cornername": "Nominal"}
[2026-09-28 15:20:06.864 Z] [INFO] [cadence.virtuoso.ade.simulationMonitor] - Notice from spectre during topology check.
    No connections to node `top_tb.I0___dUmmY_pORt_2_'.
    No connections to node `top_tb.I0.out[3]'.
    No connections to node `top_tb.I0.out[5]'.
    No connections to node `top_tb.I0.out[6]'.
    No connections to node `top_tb.I0.out[7]'.
        Further occurrences of this notice will be suppressed.
    No DC path from node `top_tb.I0___dUmmY_pORt_2_' to ground, Gmin installed to provide path.
    No DC path from node `top_tb.I0.out[3]' to ground, Gmin insta... {"history": "Interactive.6", "point": 1, "testname": "MINIMAL_TOP_top_tb_1", "cornername": "Nominal"}
[2026-09-28 15:20:06.864 Z] [INFO] [cadence.virtuoso.ade.simulationMonitor] - Notice from spectre during initial setup.
    Multithreading is disabled due to the size of the design being too small. {"history": "Interactive.6", "point": 1, "testname": "MINIMAL_TOP_top_tb_1", "cornername": "Nominal"}
[2026-09-28 15:20:06.864 Z] [INFO] [cadence.virtuoso.ade.simulationMonitor] -               nodes 25 {"history": "Interactive.6", "point": 1, "testname": "MINIMAL_TOP_top_tb_1", "cornername": "Nominal"}
[2026-09-28 15:20:06.864 Z] [INFO] [cadence.virtuoso.ade.simulationMonitor] - Notice from spectre during initial setup.
    2 vsources are shorted because their absolute value is less than or equal to 'vabsshort'.
    APS enabled.
    1 warning suppressed. {"history": "Interactive.6", "point": 1, "testname": "MINIMAL_TOP_top_tb_1", "cornername": "Nominal"}
[2026-09-28 15:20:06.864 Z] [INFO] [cadence.virtuoso.ade.simulationMonitor] - Peak resident memory used = 205 Mbytes. {"history": "Interactive.6", "point": 1, "testname": "MINIMAL_TOP_top_tb_1", "cornername": "Nominal"}
[2026-09-28 15:20:06.864 Z] [INFO] [cadence.virtuoso.ade.simulationMonitor] -    -   (APS) Multi-threading. The recommended number of threads is 1, consider adding +mt=1 on command line. {"history": "Interactive.6", "point": 1, "testname": "MINIMAL_TOP_top_tb_1", "cornername": "Nominal"}
[2026-09-28 15:20:06.864 Z] [INFO] [cadence.virtuoso.ade.simulationMonitor] - Notice from spectre during transient analysis `tran'.
    No checklimit analysis defined for asserts. A default checklimit analysis 'SpectreChecklimitAnal' has been created with all asserts enabled. {"history": "Interactive.6", "point": 1, "testname": "MINIMAL_TOP_top_tb_1", "cornername": "Nominal"}
[2026-09-28 15:20:06.864 Z] [INFO] [cadence.virtuoso.ade.simulationMonitor] - Notice from spectre during transient analysis `tran'.
    Multithreading is disabled due to the size of the design being too small. {"history": "Interactive.6", "point": 1, "testname": "MINIMAL_TOP_top_tb_1", "cornername": "Nominal"}
[2026-09-28 15:20:07.365 Z] [INFO] [cadence.virtuoso.ade.simulationMonitor] - Intrinsic tran analysis time:    CPU = 109.104 ms, elapsed = 132.367 ms. {"history": "Interactive.6", "point": 1, "testname": "MINIMAL_TOP_top_tb_1", "cornername": "Nominal"}
[2026-09-28 15:20:12.392 Z] [INFO] [cadence.virtuoso.ade.simulationMonitor] - Total time required for tran analysis `tran': CPU = 141.126 ms, elapsed = 176.97 ms, util. = 79.7%. {"history": "Interactive.6", "point": 1, "testname": "MINIMAL_TOP_top_tb_1", "cornername": "Nominal"}
[2026-09-28 15:20:12.393 Z] [INFO] [cadence.virtuoso.ade.simulationMonitor] - Peak resident memory used = 214 Mbytes. {"history": "Interactive.6", "point": 1, "testname": "MINIMAL_TOP_top_tb_1", "cornername": "Nominal"}
[2026-09-28 15:20:12.393 Z] [INFO] [cadence.virtuoso.ade.simulationMonitor] - Time used: CPU = 403 ms, elapsed = 5.64 s, util. = 7.16%. {"history": "Interactive.6", "point": 1, "testname": "MINIMAL_TOP_top_tb_1", "cornername": "Nominal"}
[2026-09-28 15:20:12.393 Z] [INFO] [cadence.virtuoso.ade.simulationMonitor] - Time spent in licensing: elapsed = 28.5 ms. {"history": "Interactive.6", "point": 1, "testname": "MINIMAL_TOP_top_tb_1", "cornername": "Nominal"}
[2026-09-28 15:20:12.393 Z] [INFO] [cadence.virtuoso.ade.simulationMonitor] - Peak memory used = 214 Mbytes. {"history": "Interactive.6", "point": 1, "testname": "MINIMAL_TOP_top_tb_1", "cornername": "Nominal"}
[2026-09-28 15:20:12.394 Z] [PROCESS] [cadence.virtuoso.ade.simulationMonitor] - Simulation started at: 3:20:06 PM, Mon Sep 28, 2026, ended at: 3:20:12 PM, Mon Sep 28, 2026, with elapsed time (wall clock): 5.64 s. {"history": "Interactive.6", "point": 1, "testname": "MINIMAL_TOP_top_tb_1", "cornername": "Nominal"}
[2026-09-28 15:20:12.394 Z] [PROCESS] [cadence.virtuoso.ade.simulationMonitor] - spectre completes with 0 errors, 12 warnings, and 19 notices. {"history": "Interactive.6", "point": 1, "testname": "MINIMAL_TOP_top_tb_1", "cornername": "Nominal"}
[2026-09-28 15:20:12.394 Z] [INFO] [cadence.virtuoso.ade.simulationMonitor] - xmsim: Memory Usage - Final: 83.5M, Peak: 92.9M, Peak virtual: 424.4M {"history": "Interactive.6", "point": 1, "testname": "MINIMAL_TOP_top_tb_1", "cornername": "Nominal"}
[2026-09-28 15:20:12.394 Z] [INFO] [cadence.virtuoso.ade.simulationMonitor] - xmsim: CPU Usage - 0.6s system + 0.8s user = 1.4s total (7.5s, 18.7% cpu) {"history": "Interactive.6", "point": 1, "testname": "MINIMAL_TOP_top_tb_1", "cornername": "Nominal"}
[2026-09-28 15:20:12.394 Z] [PROCESS] [cadence.virtuoso.ade.simulationMonitor] - Finished simulating for one point {"hostname": "edatools", "processid": 499202, "history": "Interactive.6", "testname": "MINIMAL_TOP_top_tb_1", "cornername": "Nominal", "point": 1, "logfile": "/home/saul/projects/AMS35_H35_MINIMAL/logs_saul/logs0/Job16.log", "simid": "1", "event": "finish", "category": "simulation"}
[2026-09-28 15:20:12.394 Z] [PROCESS] [cadence.virtuoso.ade.simulationMonitor] - Simulator exited {"hostname": "edatools", "processid": 499202, "history": "Interactive.6", "testname": "MINIMAL_TOP_top_tb_1", "cornername": "Nominal", "point": 1, "logfile": "/home/saul/projects/AMS35_H35_MINIMAL/logs_saul/logs0/Job16.log", "exitStatus": "0"}
[2026-09-28 15:20:12.394 Z] [PROCESS] [cadence.virtuoso.ade.simulationMonitor] - Finished Simulation {"hostname": "edatools", "processid": 499202, "history": "Interactive.6", "testname": "MINIMAL_TOP_top_tb_1", "cornername": "Nominal", "point": 1, "logfile": "/home/saul/projects/AMS35_H35_MINIMAL/logs_saul/logs0/Job16.log", "simid": "1", "event": "finish", "category": "obsolete"}
[2026-09-28 15:20:13.896 Z] [PROCESS] [cadence.virtuoso.ade.simulationMonitor] - Point Finished {"hostname": "edatools", "processid": 499202, "history": "Interactive.6", "testname": "MINIMAL_TOP_top_tb_1", "cornername": "Nominal", "point": 1, "logfile": "/home/saul/projects/AMS35_H35_MINIMAL/logs_saul/logs0/Job16.log", "event": "finish", "category": "sim-eval"}
[2026-09-28 15:20:15.399 Z] [PROCESS] [cadence.virtuoso.ade.simulationMonitor] - Current memory used: 87.9180 MBytes, peak memory used: 87.9180 MBytes {"hostname": "edatools", "processid": 499202, "history": "Interactive.6", "testname": "MINIMAL_TOP_top_tb_1", "cornername": "Nominal", "point": 1, "logfile": "/home/saul/projects/AMS35_H35_MINIMAL/logs_saul/logs0/Job16.log"}
[2026-09-28 15:20:15.399 Z] [PROCESS] [cadence.virtuoso.ade.simulationMonitor] - Simulation Monitor process exits. {"hostname": "edatools", "processid": 499202, "history": "Interactive.6", "testname": "MINIMAL_TOP_top_tb_1", "cornername": "Nominal", "point": 1, "logfile": "/home/saul/projects/AMS35_H35_MINIMAL/logs_saul/logs0/Job16.log"}
