[Simulation Monitor: 19]
[2026-09-28 15:55:35.479 Z] [PROCESS] [cadence.virtuoso.ade.simulationMonitor] - Started the simulation monitor process {"hostname": "edatools", "processid": 502207, "logfile": "/home/saul/projects/AMS35_H35_MINIMAL/logs_saul/logs0/Job19.log", "simulation monitor command line": "/opt/tools/cadence/installs/IC231/tools.lnx86/dfII/bin/64bit/spectreMonitor --davinciService DaVinciService_475528_1790607240 --axlsession fnxSession3 -lscs 00010590E36CFC06BC4D138FFC7EFC06BC4D68F886089075D3225CD1A12FD236867F66E38F1FFC06BC4D66E38F1FFC06BC4D0C5902E871F1D6F700001A72 -beanhost edatools -beanport 11665 -beanLogFile /home/saul/projects/AMS35_H35_MINIMAL/logs_saul/logs0/amps_Job19.log -beanbinlog  --domain 0 --interactive yes --netlistOpt no --useMultiPointEvaluation yes --exprEvalShowJobStderr yes --evalSimParallel no --maxSims 0 --historyName Interactive.6 --historyUUID  --exprEvaluator vds --mcMapping mc1.mapping --checkLogStatusInterval 0 --checkSimulatorLogTimeout 1200 --exprEvalMaxTries 3 --maxNFSSyncWait 60 -adeBrokerAddress edatools:36165 --statdbType h5v2 --fromADE true --virtuosoBinary virtuoso --guiDisplay edatools:2.0 --globalStatus 60 --evaluateMultiMC yes --evalOnSimFail SkipFailedAnalyses --numRetriesOnError 1 --fenixMode assembler --lingertimeout 300 -ahdlLockTimeout 60 --sdbLib MINIMAL_TOP --sdbCell top_tb --sdbView maestro --heartBeatFileDir /dev/shm --id 19 --uuid e5613922-a2a1-45c6-b6b9-d3f41a1156f8 --log /home/saul/projects/AMS35_H35_MINIMAL/logs_saul/logs0/Job19.log "}
[2026-09-28 15:55:35.479 Z] [PROCESS] [cadence.virtuoso.ade.simulationMonitor] - Started the simulation monitor process {"hostname": "edatools", "processid": 502207, "logfile": "/home/saul/projects/AMS35_H35_MINIMAL/logs_saul/logs0/Job19.log", "current directory": "/home/saul/projects/AMS35_H35_MINIMAL"}
[2026-09-28 15:55:35.479 Z] [PROCESS] [cadence.virtuoso.ade.simulationMonitor] - Simulation Monitor has successfully started up. Trying to set up communication channels to other components ... {"hostname": "edatools", "processid": 502207, "logfile": "/home/saul/projects/AMS35_H35_MINIMAL/logs_saul/logs0/Job19.log"}
[2026-09-28 15:55:35.480 Z] [PROCESS] [cadence.virtuoso.ade.simulationMonitor] - Communication channels have been successfully set up. Start processing events ... {"hostname": "edatools", "processid": 502207, "logfile": "/home/saul/projects/AMS35_H35_MINIMAL/logs_saul/logs0/Job19.log"}
[2026-09-28 15:55:35.480 Z] [PROCESS] [cadence.virtuoso.ade.simulationMonitor] - Considering to start history {"hostname": "edatools", "processid": 502207, "history": "Interactive.6", "logfile": "/home/saul/projects/AMS35_H35_MINIMAL/logs_saul/logs0/Job19.log"}
[2026-09-28 15:55:35.481 Z] [PROCESS] [cadence.virtuoso.ade.simulationMonitor] - HostInfo:
Host name (type):	edatools (x86_64)
Operating system:	Linux 7.0.0-30-generic #30~24.04.1-Ubuntu SMP PREEMPT_DYNAMIC Fri Aug  7 13:27:52 UTC 2 {"hostname": "edatools", "processid": 502207, "history": "Interactive.6", "logfile": "/home/saul/projects/AMS35_H35_MINIMAL/logs_saul/logs0/Job19.log", "nodename": "edatools", "domainname": "(none)", "machine": "x86_64", "sysname": "Linux", "release": "7.0.0-30-generic", "version": "#30~24.04.1-Ubuntu SMP PREEMPT_DYNAMIC Fri Aug  7 13:27:52 UTC 2"}
[2026-09-28 15:55:35.481 Z] [PROCESS] [cadence.virtuoso.ade.simulationMonitor] - UsageInfo:
pid=502207
totalPhysicalMemory=62.541851GB,Used=45.597332GB,totalVirtualMemory=70.541847GB,Used=45.597332GB
Cpu: Cores=16, Load average:0.240000,0.160000,0.110000 {"hostname": "edatools", "processid": 502207, "history": "Interactive.6", "logfile": "/home/saul/projects/AMS35_H35_MINIMAL/logs_saul/logs0/Job19.log", "pid": "502207", "totalPhysicalMemory": "62.541851", "physicalMemoryUsed": "45.597332", "totalVirtualMemory": "70.541847", "virtualMemoryUsed": "45.597332", "cpuCores": "16", "processes": "2006", "loadAverage1": "0.240000", "loadAverage5": "0.160000", "loadAverage15": "0.110000", "loadAverage1Percent": "0.015000"}
[2026-09-28 15:55:35.481 Z] [EVENT] [cadence.virtuoso.ade.simulationMonitor] - NewPoint {"history": "Interactive.6", "point": 1, "testname": "MINIMAL_TOP_top_tb_1", "cornername": "Nominal", "event": "NewPoint", "EventSource": "Simulation Monitor", "HistoryName": "Interactive.6", "logFile": "/home/saul/projects/AMS35_H35_MINIMAL/logs_saul/logs0/Job19.log", "logFileSize": "4005", "category": "simulation"}
[2026-09-28 15:55:35.582 Z] [EVENT] [cadence.virtuoso.ade.simulationMonitor] - NewPoint {"history": "Interactive.6", "point": 1, "testname": "MINIMAL_TOP_top_tb_1", "cornername": "Nominal", "event": "NewPoint", "EventSource": "ams", "HistoryName": "Interactive.6", "logFile": "/home/saul/simulation/MINIMAL_TOP/top_tb/maestro/results/maestro/Interactive.6/1/MINIMAL_TOP_top_tb_1/psf/xrun.log", "logFileSize": "-1", "category": "simulation"}
[2026-09-28 15:55:35.592 Z] [PROCESS] [cadence.virtuoso.ade.simulationMonitor] - Simulator launched {"hostname": "edatools", "processid": 502207, "history": "Interactive.6", "testname": "MINIMAL_TOP_top_tb_1", "cornername": "Nominal", "point": 1, "logfile": "/home/saul/projects/AMS35_H35_MINIMAL/logs_saul/logs0/Job19.log", "simid": "1", "event": "launch", "category": "simulation"}
[2026-09-28 15:55:35.595 Z] [PROCESS] [cadence.virtuoso.ade.simulationMonitor] - Expression evaluator launched {"hostname": "edatools", "processid": 502207, "history": "Interactive.6", "testname": "MINIMAL_TOP_top_tb_1", "cornername": "Nominal", "point": 1, "logfile": "/home/saul/projects/AMS35_H35_MINIMAL/logs_saul/logs0/Job19.log"}
[2026-09-28 15:55:35.626 Z] [PROCESS] [cadence.virtuoso.ade.simulationMonitor] - Started Simulation {"hostname": "edatools", "processid": 502207, "history": "Interactive.6", "testname": "MINIMAL_TOP_top_tb_1", "cornername": "Nominal", "point": 1, "logfile": "/home/saul/projects/AMS35_H35_MINIMAL/logs_saul/logs0/Job19.log", "event": "start", "category": "simulation"}
[2026-09-28 15:55:43.656 Z] [ERROR] [cadence.virtuoso.ade.simulationMonitor] - xrun: *E,ELBERR: Error (*E) or soft error (*SE) occurred during elaboration (status 2), exiting. {"history": "Interactive.6", "point": 1, "testname": "MINIMAL_TOP_top_tb_1", "cornername": "Nominal"}
[2026-09-28 15:55:43.656 Z] [PROCESS] [cadence.virtuoso.ade.simulationMonitor] - Finished simulating for one point {"hostname": "edatools", "processid": 502207, "history": "Interactive.6", "testname": "MINIMAL_TOP_top_tb_1", "cornername": "Nominal", "point": 1, "logfile": "/home/saul/projects/AMS35_H35_MINIMAL/logs_saul/logs0/Job19.log", "simid": "1", "event": "finish", "category": "simulation"}
[2026-09-28 15:55:43.657 Z] [ERROR] [cadence.virtuoso.ade.simulationMonitor] - While simulating run Interactive.6, point 1, test MINIMAL_TOP_top_tb_1, received error:
Simulation Error:
 The simulator process returned a non-zero exit code, indicating failure.
The simulator could have crashed or intentionally returned to indicate an error.
Check the simulator log file for more information.  Common causes:
1. Simulator may have crashed during exit even after reporting success in log file.
2. Abrupt automatic simulator termination (e.g., SIGKILL) because the simulator process has
   exce... {"history": "Interactive.6", "point": 1, "testname": "MINIMAL_TOP_top_tb_1", "cornername": "Nominal"}
[2026-09-28 15:55:43.658 Z] [PROCESS] [cadence.virtuoso.ade.simulationMonitor] - Finished Simulation {"hostname": "edatools", "processid": 502207, "history": "Interactive.6", "testname": "MINIMAL_TOP_top_tb_1", "cornername": "Nominal", "point": 1, "logfile": "/home/saul/projects/AMS35_H35_MINIMAL/logs_saul/logs0/Job19.log", "simid": "1", "event": "finish", "category": "obsolete"}
[2026-09-28 15:55:45.161 Z] [PROCESS] [cadence.virtuoso.ade.simulationMonitor] - Current memory used: 87.7656 MBytes, peak memory used: 87.7656 MBytes {"hostname": "edatools", "processid": 502207, "history": "Interactive.6", "testname": "MINIMAL_TOP_top_tb_1", "cornername": "Nominal", "point": 1, "logfile": "/home/saul/projects/AMS35_H35_MINIMAL/logs_saul/logs0/Job19.log"}
[2026-09-28 15:55:45.161 Z] [PROCESS] [cadence.virtuoso.ade.simulationMonitor] - Simulation Monitor process exits. {"hostname": "edatools", "processid": 502207, "history": "Interactive.6", "testname": "MINIMAL_TOP_top_tb_1", "cornername": "Nominal", "point": 1, "logfile": "/home/saul/projects/AMS35_H35_MINIMAL/logs_saul/logs0/Job19.log"}
