[Simulation Monitor: 21]
[2026-09-28 15:56:48.674 Z] [PROCESS] [cadence.virtuoso.ade.simulationMonitor] - Started the simulation monitor process {"hostname": "edatools", "processid": 503756, "logfile": "/home/saul/projects/AMS35_H35_MINIMAL/logs_saul/logs0/Job21.log", "simulation monitor command line": "/opt/tools/cadence/installs/IC231/tools.lnx86/dfII/bin/64bit/spectreMonitor --davinciService DaVinciService_475528_1790607240 --axlsession fnxSession3 -lscs 00010590E36CFC06BC4D138FFC7EFC06BC4D68F886089075D3225CD1A12FD236867F66E38F1FFC06BC4D66E38F1FFC06BC4D0C59015F7246D6F700001A63 -beanhost edatools -beanport 11665 -beanLogFile /home/saul/projects/AMS35_H35_MINIMAL/logs_saul/logs0/amps_Job21.log -beanbinlog  --domain 0 --interactive yes --netlistOpt no --useMultiPointEvaluation yes --exprEvalShowJobStderr yes --evalSimParallel no --maxSims 0 --historyName Interactive.6 --historyUUID  --exprEvaluator vds --mcMapping mc1.mapping --checkLogStatusInterval 0 --checkSimulatorLogTimeout 1200 --exprEvalMaxTries 3 --maxNFSSyncWait 60 -adeBrokerAddress edatools:36165 --statdbType h5v2 --fromADE true --virtuosoBinary virtuoso --guiDisplay edatools:2.0 --globalStatus 60 --evaluateMultiMC yes --evalOnSimFail SkipFailedAnalyses --numRetriesOnError 1 --fenixMode assembler --lingertimeout 300 -ahdlLockTimeout 60 --sdbLib MINIMAL_TOP --sdbCell top_tb --sdbView maestro --heartBeatFileDir /dev/shm --id 21 --uuid cc67694f-7f72-4770-ae5d-9936627370e6 --log /home/saul/projects/AMS35_H35_MINIMAL/logs_saul/logs0/Job21.log "}
[2026-09-28 15:56:48.674 Z] [PROCESS] [cadence.virtuoso.ade.simulationMonitor] - Started the simulation monitor process {"hostname": "edatools", "processid": 503756, "logfile": "/home/saul/projects/AMS35_H35_MINIMAL/logs_saul/logs0/Job21.log", "current directory": "/home/saul/projects/AMS35_H35_MINIMAL"}
[2026-09-28 15:56:48.674 Z] [PROCESS] [cadence.virtuoso.ade.simulationMonitor] - Simulation Monitor has successfully started up. Trying to set up communication channels to other components ... {"hostname": "edatools", "processid": 503756, "logfile": "/home/saul/projects/AMS35_H35_MINIMAL/logs_saul/logs0/Job21.log"}
[2026-09-28 15:56:48.674 Z] [PROCESS] [cadence.virtuoso.ade.simulationMonitor] - Communication channels have been successfully set up. Start processing events ... {"hostname": "edatools", "processid": 503756, "logfile": "/home/saul/projects/AMS35_H35_MINIMAL/logs_saul/logs0/Job21.log"}
[2026-09-28 15:56:48.674 Z] [PROCESS] [cadence.virtuoso.ade.simulationMonitor] - Considering to start history {"hostname": "edatools", "processid": 503756, "history": "Interactive.6", "logfile": "/home/saul/projects/AMS35_H35_MINIMAL/logs_saul/logs0/Job21.log"}
[2026-09-28 15:56:48.675 Z] [PROCESS] [cadence.virtuoso.ade.simulationMonitor] - Started History {"hostname": "edatools", "processid": 503756, "history": "Interactive.7", "testname": "MINIMAL_TOP_top_tb_1", "cornername": "Nominal", "point": 1, "logfile": "/home/saul/projects/AMS35_H35_MINIMAL/logs_saul/logs0/Job21.log"}
[2026-09-28 15:56:48.675 Z] [PROCESS] [cadence.virtuoso.ade.simulationMonitor] - HostInfo:
Host name (type):	edatools (x86_64)
Operating system:	Linux 7.0.0-30-generic #30~24.04.1-Ubuntu SMP PREEMPT_DYNAMIC Fri Aug  7 13:27:52 UTC 2 {"hostname": "edatools", "processid": 503756, "history": "Interactive.7", "testname": "MINIMAL_TOP_top_tb_1", "cornername": "Nominal", "point": 1, "logfile": "/home/saul/projects/AMS35_H35_MINIMAL/logs_saul/logs0/Job21.log", "nodename": "edatools", "domainname": "(none)", "machine": "x86_64", "sysname": "Linux", "release": "7.0.0-30-generic", "version": "#30~24.04.1-Ubuntu SMP PREEMPT_DYNAMIC Fri Aug  7 13:27:52 UTC 2"}
[2026-09-28 15:56:48.675 Z] [PROCESS] [cadence.virtuoso.ade.simulationMonitor] - UsageInfo:
pid=503756
totalPhysicalMemory=62.541851GB,Used=45.198635GB,totalVirtualMemory=70.541847GB,Used=45.198635GB
Cpu: Cores=16, Load average:0.090000,0.130000,0.100000 {"hostname": "edatools", "processid": 503756, "history": "Interactive.7", "testname": "MINIMAL_TOP_top_tb_1", "cornername": "Nominal", "point": 1, "logfile": "/home/saul/projects/AMS35_H35_MINIMAL/logs_saul/logs0/Job21.log", "pid": "503756", "totalPhysicalMemory": "62.541851", "physicalMemoryUsed": "45.198635", "totalVirtualMemory": "70.541847", "virtualMemoryUsed": "45.198635", "cpuCores": "16", "processes": "1975", "loadAverage1": "0.090000", "loadAverage5": "0.130000", "loadAverage15": "0.100000", "loadAverage1Percent": "0.005625"}
[2026-09-28 15:56:48.676 Z] [EVENT] [cadence.virtuoso.ade.simulationMonitor] - NewPoint {"history": "Interactive.7", "point": 1, "testname": "MINIMAL_TOP_top_tb_1", "cornername": "Nominal", "event": "NewPoint", "EventSource": "Simulation Monitor", "HistoryName": "Interactive.7", "logFile": "/home/saul/projects/AMS35_H35_MINIMAL/logs_saul/logs0/Job21.log", "logFileSize": "4473", "category": "simulation"}
[2026-09-28 15:56:48.776 Z] [EVENT] [cadence.virtuoso.ade.simulationMonitor] - NewPoint {"history": "Interactive.7", "point": 1, "testname": "MINIMAL_TOP_top_tb_1", "cornername": "Nominal", "event": "NewPoint", "EventSource": "ams", "HistoryName": "Interactive.7", "logFile": "/home/saul/simulation/MINIMAL_TOP/top_tb/maestro/results/maestro/Interactive.7/1/MINIMAL_TOP_top_tb_1/psf/xrun.log", "logFileSize": "-1", "category": "simulation"}
[2026-09-28 15:56:48.792 Z] [PROCESS] [cadence.virtuoso.ade.simulationMonitor] - Simulator launched {"hostname": "edatools", "processid": 503756, "history": "Interactive.7", "testname": "MINIMAL_TOP_top_tb_1", "cornername": "Nominal", "point": 1, "logfile": "/home/saul/projects/AMS35_H35_MINIMAL/logs_saul/logs0/Job21.log", "simid": "1", "event": "launch", "category": "simulation"}
[2026-09-28 15:56:48.795 Z] [PROCESS] [cadence.virtuoso.ade.simulationMonitor] - Expression evaluator launched {"hostname": "edatools", "processid": 503756, "history": "Interactive.7", "testname": "MINIMAL_TOP_top_tb_1", "cornername": "Nominal", "point": 1, "logfile": "/home/saul/projects/AMS35_H35_MINIMAL/logs_saul/logs0/Job21.log"}
[2026-09-28 15:56:48.813 Z] [PROCESS] [cadence.virtuoso.ade.simulationMonitor] - Started Simulation {"hostname": "edatools", "processid": 503756, "history": "Interactive.7", "testname": "MINIMAL_TOP_top_tb_1", "cornername": "Nominal", "point": 1, "logfile": "/home/saul/projects/AMS35_H35_MINIMAL/logs_saul/logs0/Job21.log", "event": "start", "category": "simulation"}
[2026-09-28 15:56:58.853 Z] [INFO] [cadence.virtuoso.ade.simulationMonitor] - Notice from spectre during circuit read-in.
    Configuration file used: `/opt/tools/cadence/installs/SPECTRE241/tools.lnx86/spectre/etc/configs/ams.cfg'. {"history": "Interactive.7", "point": 1, "testname": "MINIMAL_TOP_top_tb_1", "cornername": "Nominal"}
[2026-09-28 15:56:58.854 Z] [WARN] [cadence.virtuoso.ade.simulationMonitor] -     WARNING (SFE-2296): "/opt/pdk/ams/5.10.1/X35/spectre/h35/esddiode.scs" 2638: The inline subckt definition `esdnpn_pn3' does not contain any inline components. The `inline' qualifier will therefore be ignored. {"history": "Interactive.7", "point": 1, "testname": "MINIMAL_TOP_top_tb_1", "cornername": "Nominal"}
[2026-09-28 15:56:58.854 Z] [INFO] [cadence.virtuoso.ade.simulationMonitor] - Peak resident memory used = 184 Mbytes. {"history": "Interactive.7", "point": 1, "testname": "MINIMAL_TOP_top_tb_1", "cornername": "Nominal"}
[2026-09-28 15:56:58.854 Z] [WARN] [cadence.virtuoso.ade.simulationMonitor] -     WARNING (SFE-466): "/home/saul/simulation/MINIMAL_TOP/top_tb/maestro/results/maestro/Interactive.7/1/MINIMAL_TOP_top_tb_1/netlist/netlist.vams" 390: `R0' is variable resistance which is not safely shorted according to rabsshort threshold. {"history": "Interactive.7", "point": 1, "testname": "MINIMAL_TOP_top_tb_1", "cornername": "Nominal"}
[2026-09-28 15:56:58.854 Z] [WARN] [cadence.virtuoso.ade.simulationMonitor] -     WARNING (SFE-466): "/home/saul/simulation/MINIMAL_TOP/top_tb/maestro/results/maestro/Interactive.7/1/MINIMAL_TOP_top_tb_1/netlist/netlist.vams" 390: `R0' is variable resistance which is not safely shorted according to rabsshort threshold. {"history": "Interactive.7", "point": 1, "testname": "MINIMAL_TOP_top_tb_1", "cornername": "Nominal"}
[2026-09-28 15:56:58.854 Z] [WARN] [cadence.virtuoso.ade.simulationMonitor] -     WARNING (SFE-466): "/home/saul/simulation/MINIMAL_TOP/top_tb/maestro/results/maestro/Interactive.7/1/MINIMAL_TOP_top_tb_1/netlist/netlist.vams" 390: `R0' is variable resistance which is not safely shorted according to rabsshort threshold. {"history": "Interactive.7", "point": 1, "testname": "MINIMAL_TOP_top_tb_1", "cornername": "Nominal"}
[2026-09-28 15:56:58.854 Z] [INFO] [cadence.virtuoso.ade.simulationMonitor] - Peak resident memory used = 197 Mbytes. {"history": "Interactive.7", "point": 1, "testname": "MINIMAL_TOP_top_tb_1", "cornername": "Nominal"}
[2026-09-28 15:56:58.854 Z] [WARN] [cadence.virtuoso.ade.simulationMonitor] -     WARNING (SPECTRE-8527): There are some nodes and instances removed from the netlist topology check. Check the circuit and correct the topology. Or use preserve_inst to keep them if necessary. {"history": "Interactive.7", "point": 1, "testname": "MINIMAL_TOP_top_tb_1", "cornername": "Nominal"}
[2026-09-28 15:56:58.854 Z] [WARN] [cadence.virtuoso.ade.simulationMonitor] -     WARNING (SPECTRE-8529): Dangling instance. top_tb.V0 is removed. {"history": "Interactive.7", "point": 1, "testname": "MINIMAL_TOP_top_tb_1", "cornername": "Nominal"}
[2026-09-28 15:56:58.854 Z] [WARN] [cadence.virtuoso.ade.simulationMonitor] -     WARNING (SPECTRE-8529): Dangling instance. top_tb.R4 is removed. {"history": "Interactive.7", "point": 1, "testname": "MINIMAL_TOP_top_tb_1", "cornername": "Nominal"}
[2026-09-28 15:56:58.854 Z] [WARN] [cadence.virtuoso.ade.simulationMonitor] -     WARNING (SPECTRE-8529): Dangling instance. top_tb.R2 is removed. {"history": "Interactive.7", "point": 1, "testname": "MINIMAL_TOP_top_tb_1", "cornername": "Nominal"}
[2026-09-28 15:56:58.854 Z] [WARN] [cadence.virtuoso.ade.simulationMonitor] -     WARNING (SPECTRE-8529): Dangling instance. top_tb.R0 is removed. {"history": "Interactive.7", "point": 1, "testname": "MINIMAL_TOP_top_tb_1", "cornername": "Nominal"}
[2026-09-28 15:56:58.854 Z] [WARN] [cadence.virtuoso.ade.simulationMonitor] -     WARNING (SPECTRE-8528): The top_tb.I0.I0.I9.RSTAR_GNDO_PAD device is removed because its terminals are connected together. Check the device in the netlist file to ensure that this warning can be ignored. {"history": "Interactive.7", "point": 1, "testname": "MINIMAL_TOP_top_tb_1", "cornername": "Nominal"}
[2026-09-28 15:56:58.854 Z] [WARN] [cadence.virtuoso.ade.simulationMonitor] -     WARNING (SPECTRE-8528): The top_tb.I0.I0.I21.DLIB_GNDR_GNDR device is removed because its terminals are connected together. Check the device in the netlist file to ensure that this warning can be ignored. {"history": "Interactive.7", "point": 1, "testname": "MINIMAL_TOP_top_tb_1", "cornername": "Nominal"}
[2026-09-28 15:56:58.854 Z] [WARN] [cadence.virtuoso.ade.simulationMonitor] -     WARNING (SPECTRE-8528): The top_tb.I0.I0.I21.DLIB6 device is removed because its terminals are connected together. Check the device in the netlist file to ensure that this warning can be ignored. {"history": "Interactive.7", "point": 1, "testname": "MINIMAL_TOP_top_tb_1", "cornername": "Nominal"}
[2026-09-28 15:56:58.854 Z] [WARN] [cadence.virtuoso.ade.simulationMonitor] -     WARNING (SPECTRE-8528): The top_tb.I0.I0.I19.DLIB_GNDR_GNDR device is removed because its terminals are connected together. Check the device in the netlist file to ensure that this warning can be ignored. {"history": "Interactive.7", "point": 1, "testname": "MINIMAL_TOP_top_tb_1", "cornername": "Nominal"}
[2026-09-28 15:56:58.855 Z] [WARN] [cadence.virtuoso.ade.simulationMonitor] -     WARNING (SPECTRE-8528): The top_tb.I0.I0.I19.DLIB6 device is removed because its terminals are connected together. Check the device in the netlist file to ensure that this warning can be ignored.
        Further occurrences of this warning will be suppressed. {"history": "Interactive.7", "point": 1, "testname": "MINIMAL_TOP_top_tb_1", "cornername": "Nominal"}
[2026-09-28 15:56:58.855 Z] [WARN] [cadence.virtuoso.ade.simulationMonitor] -     WARNING (SPECTRE-8530): Dangling node. top_tb.net13 is removed. {"history": "Interactive.7", "point": 1, "testname": "MINIMAL_TOP_top_tb_1", "cornername": "Nominal"}
[2026-09-28 15:56:59.355 Z] [WARN] [cadence.virtuoso.ade.simulationMonitor] -     WARNING (SPECTRE-8531): Floating node. top_tb.I0___dUmmY_pORt_0_ is removed. {"history": "Interactive.7", "point": 1, "testname": "MINIMAL_TOP_top_tb_1", "cornername": "Nominal"}
[2026-09-28 15:56:59.355 Z] [WARN] [cadence.virtuoso.ade.simulationMonitor] -     WARNING (SPECTRE-8531): Floating node. top_tb.I0___dUmmY_pORt_1_ is removed. {"history": "Interactive.7", "point": 1, "testname": "MINIMAL_TOP_top_tb_1", "cornername": "Nominal"}
[2026-09-28 15:56:59.355 Z] [WARN] [cadence.virtuoso.ade.simulationMonitor] -     WARNING (SPECTRE-8531): Floating node. top_tb.I0___dUmmY_pORt_2_ is removed. {"history": "Interactive.7", "point": 1, "testname": "MINIMAL_TOP_top_tb_1", "cornername": "Nominal"}
[2026-09-28 15:56:59.355 Z] [WARN] [cadence.virtuoso.ade.simulationMonitor] -     WARNING (SPECTRE-8531): Floating node. top_tb.I0___dUmmY_pORt_3_ is removed. {"history": "Interactive.7", "point": 1, "testname": "MINIMAL_TOP_top_tb_1", "cornername": "Nominal"}
[2026-09-28 15:56:59.356 Z] [WARN] [cadence.virtuoso.ade.simulationMonitor] -     WARNING (SPECTRE-8531): Floating node. top_tb.I0___dUmmY_pORt_4_ is removed.
        Further occurrences of this warning will be suppressed. {"history": "Interactive.7", "point": 1, "testname": "MINIMAL_TOP_top_tb_1", "cornername": "Nominal"}
[2026-09-28 15:56:59.356 Z] [INFO] [cadence.virtuoso.ade.simulationMonitor] - Peak resident memory used = 199 Mbytes. {"history": "Interactive.7", "point": 1, "testname": "MINIMAL_TOP_top_tb_1", "cornername": "Nominal"}
[2026-09-28 15:56:59.356 Z] [INFO] [cadence.virtuoso.ade.simulationMonitor] - Notice from spectre during initial setup.
    Assert will write the violations in both sqldb and text formats because the value of 'checklimitdest' option has been set to 'both'. {"history": "Interactive.7", "point": 1, "testname": "MINIMAL_TOP_top_tb_1", "cornername": "Nominal"}
[2026-09-28 15:56:59.356 Z] [INFO] [cadence.virtuoso.ade.simulationMonitor] - Notice from spectre during topology check.
    No connections to node `vddo!'.
    No connections to node `gndo!'.
    No connections to node `vddr!'.
    No connections to node `gndr!'.
    No connections to node `vddr_left!'.
        Further occurrences of this notice will be suppressed.
    Only one connection to the following 2 nodes:
        vdd3r!
        top_tb.I0.aout1
    No DC path from node `vddo!' to ground, Gmin installed to provide path.
    No DC path from node `gndo!' to ground, Gmin instal... {"history": "Interactive.7", "point": 1, "testname": "MINIMAL_TOP_top_tb_1", "cornername": "Nominal"}
[2026-09-28 15:56:59.356 Z] [INFO] [cadence.virtuoso.ade.simulationMonitor] - Notice from spectre during initial setup.
    Multithreading is disabled due to the size of the design being too small. {"history": "Interactive.7", "point": 1, "testname": "MINIMAL_TOP_top_tb_1", "cornername": "Nominal"}
[2026-09-28 15:56:59.357 Z] [INFO] [cadence.virtuoso.ade.simulationMonitor] -               nodes 146 {"history": "Interactive.7", "point": 1, "testname": "MINIMAL_TOP_top_tb_1", "cornername": "Nominal"}
[2026-09-28 15:56:59.357 Z] [INFO] [cadence.virtuoso.ade.simulationMonitor] - Notice from spectre during initial setup.
    2 resistors are shorted because their absolute value is less than or equal to 'rabsshort'.
    2 vsources are shorted because their absolute value is less than or equal to 'vabsshort'.
    2 resistors are changed to resistance form because their value are less than 'rthresh'.
    APS enabled.
    14 notices suppressed.
    16 warnings suppressed. {"history": "Interactive.7", "point": 1, "testname": "MINIMAL_TOP_top_tb_1", "cornername": "Nominal"}
[2026-09-28 15:56:59.357 Z] [INFO] [cadence.virtuoso.ade.simulationMonitor] - Peak resident memory used = 207 Mbytes. {"history": "Interactive.7", "point": 1, "testname": "MINIMAL_TOP_top_tb_1", "cornername": "Nominal"}
[2026-09-28 15:56:59.357 Z] [INFO] [cadence.virtuoso.ade.simulationMonitor] -    -   (APS) Multi-threading. The recommended number of threads is 1, consider adding +mt=1 on command line. {"history": "Interactive.7", "point": 1, "testname": "MINIMAL_TOP_top_tb_1", "cornername": "Nominal"}
[2026-09-28 15:56:59.357 Z] [INFO] [cadence.virtuoso.ade.simulationMonitor] - Notice from spectre during transient analysis `tran'.
    No checklimit analysis defined for asserts. A default checklimit analysis 'SpectreChecklimitAnal' has been created with all asserts enabled. {"history": "Interactive.7", "point": 1, "testname": "MINIMAL_TOP_top_tb_1", "cornername": "Nominal"}
[2026-09-28 15:56:59.357 Z] [INFO] [cadence.virtuoso.ade.simulationMonitor] - Notice from spectre during IC analysis, during transient analysis `tran'.
    GminDC = 1 pS is large enough to noticeably affect the DC solution.
        dV(psub!) = 25.2774 mV
        Use the `gmin_check' option to eliminate or expand this report. {"history": "Interactive.7", "point": 1, "testname": "MINIMAL_TOP_top_tb_1", "cornername": "Nominal"}
[2026-09-28 15:56:59.357 Z] [INFO] [cadence.virtuoso.ade.simulationMonitor] - Notice from spectre during transient analysis `tran'.
    Multithreading is disabled due to the size of the design being too small. {"history": "Interactive.7", "point": 1, "testname": "MINIMAL_TOP_top_tb_1", "cornername": "Nominal"}
[2026-09-28 15:56:59.858 Z] [INFO] [cadence.virtuoso.ade.simulationMonitor] - Intrinsic tran analysis time:    CPU = 293.226 ms, elapsed = 321.62 ms. {"history": "Interactive.7", "point": 1, "testname": "MINIMAL_TOP_top_tb_1", "cornername": "Nominal"}
[2026-09-28 15:56:59.858 Z] [WARN] [cadence.virtuoso.ade.simulationMonitor] -     WARNING (SPECTRE-4104): SOAC_rpoly2_jplusminus: Instance top_tb.I0.I0.I18.R0.R2, Current Density Violation [uA/um]. Expression `rms(i/(w-0.0))' having value 1.46069e+03 has exceeded its upper bound `200'. {"history": "Interactive.7", "point": 1, "testname": "MINIMAL_TOP_top_tb_1", "cornername": "Nominal"}
[2026-09-28 15:56:59.858 Z] [WARN] [cadence.virtuoso.ade.simulationMonitor] -     WARNING (SPECTRE-4104): SOAC_rpoly2_jplusminus: Instance top_tb.I0.I0.I18.R1.R2, Current Density Violation [uA/um]. Expression `rms(i/(w-0.0))' having value 1.46069e+03 has exceeded its upper bound `200'. {"history": "Interactive.7", "point": 1, "testname": "MINIMAL_TOP_top_tb_1", "cornername": "Nominal"}
[2026-09-28 15:56:59.859 Z] [WARN] [cadence.virtuoso.ade.simulationMonitor] -     WARNING (SPECTRE-4104): SOAC_rpoly2_jplusminus: Instance top_tb.I0.I0.I18.R0.R1, Current Density Violation [uA/um]. Expression `rms(i/(w-0.0))' having value 1.46062e+03 has exceeded its upper bound `200'. {"history": "Interactive.7", "point": 1, "testname": "MINIMAL_TOP_top_tb_1", "cornername": "Nominal"}
[2026-09-28 15:56:59.859 Z] [WARN] [cadence.virtuoso.ade.simulationMonitor] -     WARNING (SPECTRE-4104): SOAC_rpoly2_jplusminus: Instance top_tb.I0.I0.I18.R1.R1, Current Density Violation [uA/um]. Expression `rms(i/(w-0.0))' having value 1.46062e+03 has exceeded its upper bound `200'. {"history": "Interactive.7", "point": 1, "testname": "MINIMAL_TOP_top_tb_1", "cornername": "Nominal"}
[2026-09-28 15:56:59.859 Z] [WARN] [cadence.virtuoso.ade.simulationMonitor] -     WARNING (SPECTRE-4104): SOAC_rpoly2_jplusminus: Instance top_tb.I0.I0.I18.R2.R2, Current Density Violation [uA/um]. Expression `rms(i/(w-0.0))' having value 1.46048e+03 has exceeded its upper bound `200'. {"history": "Interactive.7", "point": 1, "testname": "MINIMAL_TOP_top_tb_1", "cornername": "Nominal"}
[2026-09-28 15:56:59.859 Z] [WARN] [cadence.virtuoso.ade.simulationMonitor] -     WARNING (SPECTRE-4104): SOAC_rpoly2_jplusminus: Instance top_tb.I0.I0.I18.R3.R2, Current Density Violation [uA/um]. Expression `rms(i/(w-0.0))' having value 1.46048e+03 has exceeded its upper bound `200'. {"history": "Interactive.7", "point": 1, "testname": "MINIMAL_TOP_top_tb_1", "cornername": "Nominal"}
[2026-09-28 15:56:59.859 Z] [WARN] [cadence.virtuoso.ade.simulationMonitor] -     WARNING (SPECTRE-4104): SOAC_rpoly2_jplusminus: Instance top_tb.I0.I0.I18.R2.R1, Current Density Violation [uA/um]. Expression `rms(i/(w-0.0))' having value 1.46055e+03 has exceeded its upper bound `200'. {"history": "Interactive.7", "point": 1, "testname": "MINIMAL_TOP_top_tb_1", "cornername": "Nominal"}
[2026-09-28 15:56:59.859 Z] [WARN] [cadence.virtuoso.ade.simulationMonitor] -     WARNING (SPECTRE-4104): SOAC_rpoly2_jplusminus: Instance top_tb.I0.I0.I18.R3.R1, Current Density Violation [uA/um]. Expression `rms(i/(w-0.0))' having value 1.46055e+03 has exceeded its upper bound `200'. {"history": "Interactive.7", "point": 1, "testname": "MINIMAL_TOP_top_tb_1", "cornername": "Nominal"}
[2026-09-28 15:57:04.899 Z] [INFO] [cadence.virtuoso.ade.simulationMonitor] - Total time required for tran analysis `tran': CPU = 330.776 ms, elapsed = 374.22 ms, util. = 88.4%. {"history": "Interactive.7", "point": 1, "testname": "MINIMAL_TOP_top_tb_1", "cornername": "Nominal"}
[2026-09-28 15:57:04.900 Z] [INFO] [cadence.virtuoso.ade.simulationMonitor] - Peak resident memory used = 216 Mbytes. {"history": "Interactive.7", "point": 1, "testname": "MINIMAL_TOP_top_tb_1", "cornername": "Nominal"}
[2026-09-28 15:57:04.900 Z] [INFO] [cadence.virtuoso.ade.simulationMonitor] - Notice from spectre.
    3 warnings suppressed. {"history": "Interactive.7", "point": 1, "testname": "MINIMAL_TOP_top_tb_1", "cornername": "Nominal"}
[2026-09-28 15:57:04.900 Z] [INFO] [cadence.virtuoso.ade.simulationMonitor] - Time used: CPU = 621 ms, elapsed = 5.91 s, util. = 10.5%. {"history": "Interactive.7", "point": 1, "testname": "MINIMAL_TOP_top_tb_1", "cornername": "Nominal"}
[2026-09-28 15:57:04.900 Z] [INFO] [cadence.virtuoso.ade.simulationMonitor] - Time spent in licensing: elapsed = 29 ms. {"history": "Interactive.7", "point": 1, "testname": "MINIMAL_TOP_top_tb_1", "cornername": "Nominal"}
[2026-09-28 15:57:04.901 Z] [INFO] [cadence.virtuoso.ade.simulationMonitor] - Peak memory used = 217 Mbytes. {"history": "Interactive.7", "point": 1, "testname": "MINIMAL_TOP_top_tb_1", "cornername": "Nominal"}
[2026-09-28 15:57:04.901 Z] [PROCESS] [cadence.virtuoso.ade.simulationMonitor] - Simulation started at: 3:56:58 PM, Mon Sep 28, 2026, ended at: 3:57:04 PM, Mon Sep 28, 2026, with elapsed time (wall clock): 5.91 s. {"history": "Interactive.7", "point": 1, "testname": "MINIMAL_TOP_top_tb_1", "cornername": "Nominal"}
[2026-09-28 15:57:04.901 Z] [PROCESS] [cadence.virtuoso.ade.simulationMonitor] - spectre completes with 0 errors, 25 warnings, and 25 notices. {"history": "Interactive.7", "point": 1, "testname": "MINIMAL_TOP_top_tb_1", "cornername": "Nominal"}
[2026-09-28 15:57:04.901 Z] [INFO] [cadence.virtuoso.ade.simulationMonitor] - xmsim: Memory Usage - Final: 84.1M, Peak: 90.1M, Peak virtual: 357.6M {"history": "Interactive.7", "point": 1, "testname": "MINIMAL_TOP_top_tb_1", "cornername": "Nominal"}
[2026-09-28 15:57:04.901 Z] [INFO] [cadence.virtuoso.ade.simulationMonitor] - xmsim: CPU Usage - 0.6s system + 1.1s user = 1.7s total (7.8s, 21.5% cpu) {"history": "Interactive.7", "point": 1, "testname": "MINIMAL_TOP_top_tb_1", "cornername": "Nominal"}
[2026-09-28 15:57:04.902 Z] [PROCESS] [cadence.virtuoso.ade.simulationMonitor] - Finished simulating for one point {"hostname": "edatools", "processid": 503756, "history": "Interactive.7", "testname": "MINIMAL_TOP_top_tb_1", "cornername": "Nominal", "point": 1, "logfile": "/home/saul/projects/AMS35_H35_MINIMAL/logs_saul/logs0/Job21.log", "simid": "1", "event": "finish", "category": "simulation"}
[2026-09-28 15:57:04.902 Z] [PROCESS] [cadence.virtuoso.ade.simulationMonitor] - Simulator exited {"hostname": "edatools", "processid": 503756, "history": "Interactive.7", "testname": "MINIMAL_TOP_top_tb_1", "cornername": "Nominal", "point": 1, "logfile": "/home/saul/projects/AMS35_H35_MINIMAL/logs_saul/logs0/Job21.log", "exitStatus": "0"}
[2026-09-28 15:57:04.902 Z] [PROCESS] [cadence.virtuoso.ade.simulationMonitor] - Finished Simulation {"hostname": "edatools", "processid": 503756, "history": "Interactive.7", "testname": "MINIMAL_TOP_top_tb_1", "cornername": "Nominal", "point": 1, "logfile": "/home/saul/projects/AMS35_H35_MINIMAL/logs_saul/logs0/Job21.log", "simid": "1", "event": "finish", "category": "obsolete"}
[2026-09-28 15:57:06.403 Z] [PROCESS] [cadence.virtuoso.ade.simulationMonitor] - Point Finished {"hostname": "edatools", "processid": 503756, "history": "Interactive.7", "testname": "MINIMAL_TOP_top_tb_1", "cornername": "Nominal", "point": 1, "logfile": "/home/saul/projects/AMS35_H35_MINIMAL/logs_saul/logs0/Job21.log", "event": "finish", "category": "sim-eval"}
[2026-09-28 15:57:07.907 Z] [PROCESS] [cadence.virtuoso.ade.simulationMonitor] - Current memory used: 87.8672 MBytes, peak memory used: 87.8672 MBytes {"hostname": "edatools", "processid": 503756, "history": "Interactive.7", "testname": "MINIMAL_TOP_top_tb_1", "cornername": "Nominal", "point": 1, "logfile": "/home/saul/projects/AMS35_H35_MINIMAL/logs_saul/logs0/Job21.log"}
[2026-09-28 15:57:07.907 Z] [PROCESS] [cadence.virtuoso.ade.simulationMonitor] - Simulation Monitor process exits. {"hostname": "edatools", "processid": 503756, "history": "Interactive.7", "testname": "MINIMAL_TOP_top_tb_1", "cornername": "Nominal", "point": 1, "logfile": "/home/saul/projects/AMS35_H35_MINIMAL/logs_saul/logs0/Job21.log"}
