[Simulation Monitor: 8]
[2026-09-28 15:03:35.761 Z] [PROCESS] [cadence.virtuoso.ade.simulationMonitor] - Started the simulation monitor process {"hostname": "edatools", "processid": 491448, "logfile": "/home/saul/projects/AMS35_H35_MINIMAL/logs_saul/logs0/Job8.log", "simulation monitor command line": "/opt/tools/cadence/installs/IC231/tools.lnx86/dfII/bin/64bit/spectreMonitor --davinciService DaVinciService_475528_1790607240 --axlsession fnxSession0 -lscs 00010590E36CFC06BC4D138FFC7EFC06BC4D68F886089075D3225CD1A12FD236867F66E38F1FFC06BC4D66E38F1FFC06BC4D0C590ED87DC1D6F700001A94 -beanhost edatools -beanport 11665 -beanLogFile /home/saul/projects/AMS35_H35_MINIMAL/logs_saul/logs0/amps_Job8.log -beanbinlog  --domain 0 --interactive yes --netlistOpt no --useMultiPointEvaluation yes --exprEvalShowJobStderr yes --evalSimParallel no --maxSims 0 --historyName Interactive.0 --historyUUID  --exprEvaluator vds --mcMapping mc1.mapping --checkLogStatusInterval 0 --checkSimulatorLogTimeout 1200 --exprEvalMaxTries 3 --maxNFSSyncWait 60 -adeBrokerAddress edatools:36165 --statdbType h5v2 --fromADE true --virtuosoBinary virtuoso --guiDisplay edatools:2.0 --globalStatus 60 --evaluateMultiMC yes --evalOnSimFail SkipFailedAnalyses --numRetriesOnError 1 --fenixMode assembler --lingertimeout 300 -ahdlLockTimeout 60 --sdbLib MINIMAL_TOP --sdbCell top_tb --sdbView maestro --heartBeatFileDir /dev/shm --id 8 --uuid d9407aef-415f-45f5-b516-e63558a31325 --log /home/saul/projects/AMS35_H35_MINIMAL/logs_saul/logs0/Job8.log "}
[2026-09-28 15:03:35.761 Z] [PROCESS] [cadence.virtuoso.ade.simulationMonitor] - Started the simulation monitor process {"hostname": "edatools", "processid": 491448, "logfile": "/home/saul/projects/AMS35_H35_MINIMAL/logs_saul/logs0/Job8.log", "current directory": "/home/saul/projects/AMS35_H35_MINIMAL"}
[2026-09-28 15:03:35.761 Z] [PROCESS] [cadence.virtuoso.ade.simulationMonitor] - Simulation Monitor has successfully started up. Trying to set up communication channels to other components ... {"hostname": "edatools", "processid": 491448, "logfile": "/home/saul/projects/AMS35_H35_MINIMAL/logs_saul/logs0/Job8.log"}
[2026-09-28 15:03:35.761 Z] [PROCESS] [cadence.virtuoso.ade.simulationMonitor] - Communication channels have been successfully set up. Start processing events ... {"hostname": "edatools", "processid": 491448, "logfile": "/home/saul/projects/AMS35_H35_MINIMAL/logs_saul/logs0/Job8.log"}
[2026-09-28 15:03:35.761 Z] [PROCESS] [cadence.virtuoso.ade.simulationMonitor] - Considering to start history {"hostname": "edatools", "processid": 491448, "history": "Interactive.0", "logfile": "/home/saul/projects/AMS35_H35_MINIMAL/logs_saul/logs0/Job8.log"}
[2026-09-28 15:03:35.762 Z] [PROCESS] [cadence.virtuoso.ade.simulationMonitor] - Started History {"hostname": "edatools", "processid": 491448, "history": "Interactive.3", "testname": "MINIMAL_TOP_top_tb_1", "cornername": "Nominal", "point": 1, "logfile": "/home/saul/projects/AMS35_H35_MINIMAL/logs_saul/logs0/Job8.log"}
[2026-09-28 15:03:35.762 Z] [PROCESS] [cadence.virtuoso.ade.simulationMonitor] - HostInfo:
Host name (type):	edatools (x86_64)
Operating system:	Linux 7.0.0-30-generic #30~24.04.1-Ubuntu SMP PREEMPT_DYNAMIC Fri Aug  7 13:27:52 UTC 2 {"hostname": "edatools", "processid": 491448, "history": "Interactive.3", "testname": "MINIMAL_TOP_top_tb_1", "cornername": "Nominal", "point": 1, "logfile": "/home/saul/projects/AMS35_H35_MINIMAL/logs_saul/logs0/Job8.log", "nodename": "edatools", "domainname": "(none)", "machine": "x86_64", "sysname": "Linux", "release": "7.0.0-30-generic", "version": "#30~24.04.1-Ubuntu SMP PREEMPT_DYNAMIC Fri Aug  7 13:27:52 UTC 2"}
[2026-09-28 15:03:35.762 Z] [PROCESS] [cadence.virtuoso.ade.simulationMonitor] - UsageInfo:
pid=491448
totalPhysicalMemory=62.541851GB,Used=45.234047GB,totalVirtualMemory=70.541847GB,Used=45.234047GB
Cpu: Cores=16, Load average:0.540000,0.300000,0.170000 {"hostname": "edatools", "processid": 491448, "history": "Interactive.3", "testname": "MINIMAL_TOP_top_tb_1", "cornername": "Nominal", "point": 1, "logfile": "/home/saul/projects/AMS35_H35_MINIMAL/logs_saul/logs0/Job8.log", "pid": "491448", "totalPhysicalMemory": "62.541851", "physicalMemoryUsed": "45.234047", "totalVirtualMemory": "70.541847", "virtualMemoryUsed": "45.234047", "cpuCores": "16", "processes": "2009", "loadAverage1": "0.540000", "loadAverage5": "0.300000", "loadAverage15": "0.170000", "loadAverage1Percent": "0.033750"}
[2026-09-28 15:03:35.762 Z] [EVENT] [cadence.virtuoso.ade.simulationMonitor] - NewPoint {"history": "Interactive.3", "point": 1, "testname": "MINIMAL_TOP_top_tb_1", "cornername": "Nominal", "event": "NewPoint", "EventSource": "Simulation Monitor", "HistoryName": "Interactive.3", "logFile": "/home/saul/projects/AMS35_H35_MINIMAL/logs_saul/logs0/Job8.log", "logFileSize": "4461", "category": "simulation"}
[2026-09-28 15:03:35.863 Z] [EVENT] [cadence.virtuoso.ade.simulationMonitor] - NewPoint {"history": "Interactive.3", "point": 1, "testname": "MINIMAL_TOP_top_tb_1", "cornername": "Nominal", "event": "NewPoint", "EventSource": "ams", "HistoryName": "Interactive.3", "logFile": "/home/saul/simulation/MINIMAL_TOP/top_tb/maestro/results/maestro/Interactive.3/1/MINIMAL_TOP_top_tb_1/psf/xrun.log", "logFileSize": "-1", "category": "simulation"}
[2026-09-28 15:03:35.874 Z] [PROCESS] [cadence.virtuoso.ade.simulationMonitor] - Simulator launched {"hostname": "edatools", "processid": 491448, "history": "Interactive.3", "testname": "MINIMAL_TOP_top_tb_1", "cornername": "Nominal", "point": 1, "logfile": "/home/saul/projects/AMS35_H35_MINIMAL/logs_saul/logs0/Job8.log", "simid": "1", "event": "launch", "category": "simulation"}
[2026-09-28 15:03:35.879 Z] [PROCESS] [cadence.virtuoso.ade.simulationMonitor] - Expression evaluator launched {"hostname": "edatools", "processid": 491448, "history": "Interactive.3", "testname": "MINIMAL_TOP_top_tb_1", "cornername": "Nominal", "point": 1, "logfile": "/home/saul/projects/AMS35_H35_MINIMAL/logs_saul/logs0/Job8.log"}
[2026-09-28 15:03:35.908 Z] [PROCESS] [cadence.virtuoso.ade.simulationMonitor] - Started Simulation {"hostname": "edatools", "processid": 491448, "history": "Interactive.3", "testname": "MINIMAL_TOP_top_tb_1", "cornername": "Nominal", "point": 1, "logfile": "/home/saul/projects/AMS35_H35_MINIMAL/logs_saul/logs0/Job8.log", "event": "start", "category": "simulation"}
[2026-09-28 15:03:44.933 Z] [INFO] [cadence.virtuoso.ade.simulationMonitor] - Notice from spectre during circuit read-in.
    Configuration file used: `/opt/tools/cadence/installs/SPECTRE241/tools.lnx86/spectre/etc/configs/ams.cfg'. {"history": "Interactive.3", "point": 1, "testname": "MINIMAL_TOP_top_tb_1", "cornername": "Nominal"}
[2026-09-28 15:03:44.933 Z] [WARN] [cadence.virtuoso.ade.simulationMonitor] -     WARNING (SFE-2296): "/opt/pdk/ams/5.10.1/X35/spectre/h35/esddiode.scs" 2638: The inline subckt definition `esdnpn_pn3' does not contain any inline components. The `inline' qualifier will therefore be ignored. {"history": "Interactive.3", "point": 1, "testname": "MINIMAL_TOP_top_tb_1", "cornername": "Nominal"}
[2026-09-28 15:03:44.933 Z] [INFO] [cadence.virtuoso.ade.simulationMonitor] - Peak resident memory used = 183 Mbytes. {"history": "Interactive.3", "point": 1, "testname": "MINIMAL_TOP_top_tb_1", "cornername": "Nominal"}
[2026-09-28 15:03:44.933 Z] [INFO] [cadence.virtuoso.ade.simulationMonitor] - Peak resident memory used = 195 Mbytes. {"history": "Interactive.3", "point": 1, "testname": "MINIMAL_TOP_top_tb_1", "cornername": "Nominal"}
[2026-09-28 15:03:44.934 Z] [WARN] [cadence.virtuoso.ade.simulationMonitor] -     WARNING (SPECTRE-8527): There are some nodes and instances removed from the netlist topology check. Check the circuit and correct the topology. Or use preserve_inst to keep them if necessary. {"history": "Interactive.3", "point": 1, "testname": "MINIMAL_TOP_top_tb_1", "cornername": "Nominal"}
[2026-09-28 15:03:44.934 Z] [WARN] [cadence.virtuoso.ade.simulationMonitor] -     WARNING (SPECTRE-8529): Dangling instance. top_tb.V0 is removed. {"history": "Interactive.3", "point": 1, "testname": "MINIMAL_TOP_top_tb_1", "cornername": "Nominal"}
[2026-09-28 15:03:44.934 Z] [WARN] [cadence.virtuoso.ade.simulationMonitor] -     WARNING (SPECTRE-8529): Dangling instance. top_tb.R4 is removed. {"history": "Interactive.3", "point": 1, "testname": "MINIMAL_TOP_top_tb_1", "cornername": "Nominal"}
[2026-09-28 15:03:44.934 Z] [WARN] [cadence.virtuoso.ade.simulationMonitor] -     WARNING (SPECTRE-8529): Dangling instance. top_tb.R2 is removed. {"history": "Interactive.3", "point": 1, "testname": "MINIMAL_TOP_top_tb_1", "cornername": "Nominal"}
[2026-09-28 15:03:44.934 Z] [WARN] [cadence.virtuoso.ade.simulationMonitor] -     WARNING (SPECTRE-8529): Dangling instance. top_tb.R0 is removed. {"history": "Interactive.3", "point": 1, "testname": "MINIMAL_TOP_top_tb_1", "cornername": "Nominal"}
[2026-09-28 15:03:44.934 Z] [WARN] [cadence.virtuoso.ade.simulationMonitor] -     WARNING (SPECTRE-8530): Dangling node. top_tb.net13 is removed. {"history": "Interactive.3", "point": 1, "testname": "MINIMAL_TOP_top_tb_1", "cornername": "Nominal"}
[2026-09-28 15:03:44.934 Z] [WARN] [cadence.virtuoso.ade.simulationMonitor] -     WARNING (SPECTRE-8531): Floating node. top_tb.I0___dUmmY_pORt_0_ is removed. {"history": "Interactive.3", "point": 1, "testname": "MINIMAL_TOP_top_tb_1", "cornername": "Nominal"}
[2026-09-28 15:03:44.934 Z] [WARN] [cadence.virtuoso.ade.simulationMonitor] -     WARNING (SPECTRE-8531): Floating node. top_tb.I0___dUmmY_pORt_1_ is removed. {"history": "Interactive.3", "point": 1, "testname": "MINIMAL_TOP_top_tb_1", "cornername": "Nominal"}
[2026-09-28 15:03:44.935 Z] [WARN] [cadence.virtuoso.ade.simulationMonitor] -     WARNING (SPECTRE-8531): Floating node. top_tb.I0___dUmmY_pORt_3_ is removed. {"history": "Interactive.3", "point": 1, "testname": "MINIMAL_TOP_top_tb_1", "cornername": "Nominal"}
[2026-09-28 15:03:44.935 Z] [INFO] [cadence.virtuoso.ade.simulationMonitor] - Peak resident memory used = 197 Mbytes. {"history": "Interactive.3", "point": 1, "testname": "MINIMAL_TOP_top_tb_1", "cornername": "Nominal"}
[2026-09-28 15:03:44.935 Z] [INFO] [cadence.virtuoso.ade.simulationMonitor] - Notice from spectre during initial setup.
    Assert will write the violations in both sqldb and text formats because the value of 'checklimitdest' option has been set to 'both'. {"history": "Interactive.3", "point": 1, "testname": "MINIMAL_TOP_top_tb_1", "cornername": "Nominal"}
[2026-09-28 15:03:44.935 Z] [INFO] [cadence.virtuoso.ade.simulationMonitor] - Notice from spectre during topology check.
    No connections to node `top_tb.I0___dUmmY_pORt_2_'.
    No DC path from node `top_tb.I0___dUmmY_pORt_2_' to ground, Gmin installed to provide path. {"history": "Interactive.3", "point": 1, "testname": "MINIMAL_TOP_top_tb_1", "cornername": "Nominal"}
[2026-09-28 15:03:44.935 Z] [INFO] [cadence.virtuoso.ade.simulationMonitor] - Notice from spectre during initial setup.
    Multithreading is disabled due to the size of the design being too small. {"history": "Interactive.3", "point": 1, "testname": "MINIMAL_TOP_top_tb_1", "cornername": "Nominal"}
[2026-09-28 15:03:44.935 Z] [INFO] [cadence.virtuoso.ade.simulationMonitor] -               nodes 22 {"history": "Interactive.3", "point": 1, "testname": "MINIMAL_TOP_top_tb_1", "cornername": "Nominal"}
[2026-09-28 15:03:44.935 Z] [INFO] [cadence.virtuoso.ade.simulationMonitor] - Notice from spectre during initial setup.
    2 vsources are shorted because their absolute value is less than or equal to 'vabsshort'.
    APS enabled. {"history": "Interactive.3", "point": 1, "testname": "MINIMAL_TOP_top_tb_1", "cornername": "Nominal"}
[2026-09-28 15:03:44.936 Z] [INFO] [cadence.virtuoso.ade.simulationMonitor] - Peak resident memory used = 205 Mbytes. {"history": "Interactive.3", "point": 1, "testname": "MINIMAL_TOP_top_tb_1", "cornername": "Nominal"}
[2026-09-28 15:03:44.936 Z] [INFO] [cadence.virtuoso.ade.simulationMonitor] -    -   (APS) Multi-threading. The recommended number of threads is 1, consider adding +mt=1 on command line. {"history": "Interactive.3", "point": 1, "testname": "MINIMAL_TOP_top_tb_1", "cornername": "Nominal"}
[2026-09-28 15:03:44.936 Z] [INFO] [cadence.virtuoso.ade.simulationMonitor] - Notice from spectre during transient analysis `tran'.
    No checklimit analysis defined for asserts. A default checklimit analysis 'SpectreChecklimitAnal' has been created with all asserts enabled. {"history": "Interactive.3", "point": 1, "testname": "MINIMAL_TOP_top_tb_1", "cornername": "Nominal"}
[2026-09-28 15:03:44.936 Z] [INFO] [cadence.virtuoso.ade.simulationMonitor] - Notice from spectre during transient analysis `tran'.
    Multithreading is disabled due to the size of the design being too small. {"history": "Interactive.3", "point": 1, "testname": "MINIMAL_TOP_top_tb_1", "cornername": "Nominal"}
[2026-09-28 15:03:44.936 Z] [INFO] [cadence.virtuoso.ade.simulationMonitor] - Intrinsic tran analysis time:    CPU = 112.848 ms, elapsed = 137.962 ms. {"history": "Interactive.3", "point": 1, "testname": "MINIMAL_TOP_top_tb_1", "cornername": "Nominal"}
[2026-09-28 15:03:49.960 Z] [INFO] [cadence.virtuoso.ade.simulationMonitor] - Total time required for tran analysis `tran': CPU = 143.327 ms, elapsed = 181.572 ms, util. = 78.9%. {"history": "Interactive.3", "point": 1, "testname": "MINIMAL_TOP_top_tb_1", "cornername": "Nominal"}
[2026-09-28 15:03:49.960 Z] [INFO] [cadence.virtuoso.ade.simulationMonitor] - Peak resident memory used = 214 Mbytes. {"history": "Interactive.3", "point": 1, "testname": "MINIMAL_TOP_top_tb_1", "cornername": "Nominal"}
[2026-09-28 15:03:49.960 Z] [INFO] [cadence.virtuoso.ade.simulationMonitor] - Time used: CPU = 410 ms, elapsed = 5.66 s, util. = 7.25%. {"history": "Interactive.3", "point": 1, "testname": "MINIMAL_TOP_top_tb_1", "cornername": "Nominal"}
[2026-09-28 15:03:49.960 Z] [INFO] [cadence.virtuoso.ade.simulationMonitor] - Time spent in licensing: elapsed = 28.8 ms. {"history": "Interactive.3", "point": 1, "testname": "MINIMAL_TOP_top_tb_1", "cornername": "Nominal"}
[2026-09-28 15:03:49.961 Z] [INFO] [cadence.virtuoso.ade.simulationMonitor] - Peak memory used = 215 Mbytes. {"history": "Interactive.3", "point": 1, "testname": "MINIMAL_TOP_top_tb_1", "cornername": "Nominal"}
[2026-09-28 15:03:49.961 Z] [PROCESS] [cadence.virtuoso.ade.simulationMonitor] - Simulation started at: 3:03:44 PM, Mon Sep 28, 2026, ended at: 3:03:49 PM, Mon Sep 28, 2026, with elapsed time (wall clock): 5.66 s. {"history": "Interactive.3", "point": 1, "testname": "MINIMAL_TOP_top_tb_1", "cornername": "Nominal"}
[2026-09-28 15:03:49.961 Z] [PROCESS] [cadence.virtuoso.ade.simulationMonitor] - spectre completes with 0 errors, 10 warnings, and 10 notices. {"history": "Interactive.3", "point": 1, "testname": "MINIMAL_TOP_top_tb_1", "cornername": "Nominal"}
[2026-09-28 15:03:50.462 Z] [INFO] [cadence.virtuoso.ade.simulationMonitor] - xmsim: Memory Usage - Final: 82.9M, Peak: 92.3M, Peak virtual: 424.0M {"history": "Interactive.3", "point": 1, "testname": "MINIMAL_TOP_top_tb_1", "cornername": "Nominal"}
[2026-09-28 15:03:50.462 Z] [INFO] [cadence.virtuoso.ade.simulationMonitor] - xmsim: CPU Usage - 0.6s system + 0.8s user = 1.3s total (6.4s, 20.4% cpu) {"history": "Interactive.3", "point": 1, "testname": "MINIMAL_TOP_top_tb_1", "cornername": "Nominal"}
[2026-09-28 15:03:50.462 Z] [PROCESS] [cadence.virtuoso.ade.simulationMonitor] - Finished simulating for one point {"hostname": "edatools", "processid": 491448, "history": "Interactive.3", "testname": "MINIMAL_TOP_top_tb_1", "cornername": "Nominal", "point": 1, "logfile": "/home/saul/projects/AMS35_H35_MINIMAL/logs_saul/logs0/Job8.log", "simid": "1", "event": "finish", "category": "simulation"}
[2026-09-28 15:03:50.463 Z] [PROCESS] [cadence.virtuoso.ade.simulationMonitor] - Simulator exited {"hostname": "edatools", "processid": 491448, "history": "Interactive.3", "testname": "MINIMAL_TOP_top_tb_1", "cornername": "Nominal", "point": 1, "logfile": "/home/saul/projects/AMS35_H35_MINIMAL/logs_saul/logs0/Job8.log", "exitStatus": "0"}
[2026-09-28 15:03:50.463 Z] [PROCESS] [cadence.virtuoso.ade.simulationMonitor] - Finished Simulation {"hostname": "edatools", "processid": 491448, "history": "Interactive.3", "testname": "MINIMAL_TOP_top_tb_1", "cornername": "Nominal", "point": 1, "logfile": "/home/saul/projects/AMS35_H35_MINIMAL/logs_saul/logs0/Job8.log", "simid": "1", "event": "finish", "category": "obsolete"}
[2026-09-28 15:03:51.964 Z] [PROCESS] [cadence.virtuoso.ade.simulationMonitor] - Point Finished {"hostname": "edatools", "processid": 491448, "history": "Interactive.3", "testname": "MINIMAL_TOP_top_tb_1", "cornername": "Nominal", "point": 1, "logfile": "/home/saul/projects/AMS35_H35_MINIMAL/logs_saul/logs0/Job8.log", "event": "finish", "category": "sim-eval"}
[2026-09-28 15:03:56.467 Z] [PROCESS] [cadence.virtuoso.ade.simulationMonitor] - Current memory used: 87.7773 MBytes, peak memory used: 87.7773 MBytes {"hostname": "edatools", "processid": 491448, "history": "Interactive.3", "testname": "MINIMAL_TOP_top_tb_1", "cornername": "Nominal", "point": 1, "logfile": "/home/saul/projects/AMS35_H35_MINIMAL/logs_saul/logs0/Job8.log"}
[2026-09-28 15:03:56.467 Z] [PROCESS] [cadence.virtuoso.ade.simulationMonitor] - Simulation Monitor process exits. {"hostname": "edatools", "processid": 491448, "history": "Interactive.3", "testname": "MINIMAL_TOP_top_tb_1", "cornername": "Nominal", "point": 1, "logfile": "/home/saul/projects/AMS35_H35_MINIMAL/logs_saul/logs0/Job8.log"}
