[ADE GUI: 518303]
[2026-09-29 04:07:45.142 Z] [PROCESS] [cadence.virtuoso.ade.gui] - /home/saul/projects/AMS35_H35_MINIMAL/.tmp_saul/.cmddir0/swiftLoggingService0 is starting {"logfile": "/home/saul/projects/AMS35_H35_MINIMAL/logs_saul/logs0/LoggingService0.log"}
[2026-09-29 04:07:45.247 Z] [PROCESS] [cadence.virtuoso.ade.gui] - /home/saul/projects/AMS35_H35_MINIMAL/.tmp_saul/.cmddir0/swiftNetlistService1 is starting {"logfile": "/home/saul/projects/AMS35_H35_MINIMAL/logs_saul/logs0/Service1.log"}
[2026-09-29 04:07:45.247 Z] [PROCESS] [cadence.virtuoso.ade.gui] - COLLECTION_JOB_ID = '0'
 {"logfile": "/home/saul/projects/AMS35_H35_MINIMAL/logs_saul/logs0/LoggingService0.log"}
[2026-09-29 04:07:45.247 Z] [PROCESS] [cadence.virtuoso.ade.gui] - Logging Service '519013' is starting up on host 'edatools' {"logfile": "/home/saul/projects/AMS35_H35_MINIMAL/logs_saul/logs0/LoggingService0.log"}
[2026-09-29 04:07:45.903 Z] [PROCESS] [cadence.virtuoso.ade.gui] - COLLECTION_JOB_ID = '1'
 {"logfile": "/home/saul/projects/AMS35_H35_MINIMAL/logs_saul/logs0/Service1.log"}
[2026-09-29 04:07:45.915 Z] [PROCESS] [cadence.virtuoso.ade.gui] - Netlist Service '519045' is starting up on host 'edatools' {"logfile": "/home/saul/projects/AMS35_H35_MINIMAL/logs_saul/logs0/Service1.log"}
[2026-09-29 04:08:03.246 Z] [EVENT] [cadence.virtuoso.ade.gui] - AddLogFile {"history": "Interactive.13", "event": "AddLogFile", "EventSource": "ADE GUI", "HistoryName": "Interactive.13", "Points": "", "EventLogFile": "/home/saul/projects/AMS35_H35_MINIMAL/logs_saul/logs0/virtuoso_ade_debug.log", "EventTool": "ADE GUI", "EventTest": ""}
[2026-09-29 04:08:03.247 Z] [EVENT] [cadence.virtuoso.ade.gui] - NewHistoryCreated {"event": "NewHistoryCreated", "EventSource": "ADE GUI", "history": "Interactive.13", "HistoryName": "Interactive.13", "WorkDir": "/home/saul/projects/AMS35_H35_MINIMAL", "HistorySimDir": "/home/saul/simulation/MINIMAL_TOP/top_tb/maestro/results/maestro/Interactive.13", "HistoryResultsDir": "/home/saul/projects/AMS35_H35_MINIMAL/MINIMAL_TOP/top_tb/maestro/results/maestro"}
[2026-09-29 04:08:03.247 Z] [PROCESS] [cadence.virtuoso.ade.gui] - History Setup {"hostname": "edatools", "processid": 518303, "history": "Interactive.13", "logfile": "/home/saul/projects/AMS35_H35_MINIMAL/logs_saul/logs0/virtuoso_ade_debug.log", "jobmode": "LSCS", "runmode": "Single Run, Sweeps and Corners", "lib": "MINIMAL_TOP", "cell": "top_tb", "view": "maestro", "icversion": "sub-version  IC23.1-64b.ISR16.19 ", "runstart": "Tue Sep 29 04:08:03 2026\n", "timezonelocal": "+000", "spectreversion": "unknown", "jobpolicyname": "Maestro Default", "maxjobs": "1", "ncjobpolicyname": "", "ncmaxjobs": "unknown", "numtests": "1", "runfinished": "unknown", "runelapsed": "-1", "numcorners": "1"}
[2026-09-29 04:08:04.641 Z] [EVENT] [cadence.virtuoso.ade.pointevaluator] - NewPoint {"history": "Interactive.13", "point": 1, "testname": "MINIMAL_TOP_top_tb_1", "event": "NewPoint", "EventSource": "ADE GUI", "HistoryName": "Interactive.13", "logFile": "/home/saul/projects/AMS35_H35_MINIMAL/logs_saul/logs0/virtuoso_ade_debug.log", "logFileSize": "2776", "category": "point-netlist"}
[2026-09-29 04:08:04.641 Z] [INFO] [cadence.virtuoso.ade.pointevaluator] - Started netlisting {"history": "Interactive.13", "point": 1, "testname": "MINIMAL_TOP_top_tb_1", "event": "start", "category": "point-netlist"}
[2026-09-29 04:08:12.669 Z] [INFO] [cadence.virtuoso.ade.pointevaluator] - Finished netlisting {"history": "Interactive.13", "point": 1, "testname": "MINIMAL_TOP_top_tb_1", "event": "finish", "category": "point-netlist"}
[2026-09-29 04:08:12.670 Z] [INFO] [cadence.virtuoso.ade.pointevaluator] - Submitted {"history": "Interactive.13", "point": 1, "testname": "MINIMAL_TOP_top_tb_1"}
[2026-09-29 04:08:12.785 Z] [PROCESS] [cadence.virtuoso.ade.gui] - /home/saul/projects/AMS35_H35_MINIMAL/.tmp_saul/.cmddir0/swiftJob2 is starting {"logfile": "/home/saul/projects/AMS35_H35_MINIMAL/logs_saul/logs0/Job2.log"}
[2026-09-29 04:08:12.900 Z] [PROCESS] [cadence.virtuoso.ade.gui] - COLLECTION_JOB_ID = '2'
 {"logfile": "/home/saul/projects/AMS35_H35_MINIMAL/logs_saul/logs0/Job2.log"}
[2026-09-29 04:08:12.903 Z] [PROCESS] [cadence.virtuoso.ade.gui] - Simulation Monitor process '520527' is starting up on host 'edatools' {"logfile": "/home/saul/projects/AMS35_H35_MINIMAL/logs_saul/logs0/Job2.log"}
[2026-09-29 04:09:14.065 Z] [INFO] [cadence.virtuoso.ade.gui] - Point completed {"history": "Interactive.13", "point": 1, "testname": "MINIMAL_TOP_top_tb_1"}
[2026-09-29 04:09:14.391 Z] [INFO] [cadence.virtuoso.ade.gui] - Report Run Finished {"history": "Interactive.13", "point": 1, "testname": "MINIMAL_TOP_top_tb_1", "runId": "0"}
[2026-09-29 04:09:14.391 Z] [EVENT] [cadence.virtuoso.ade.gui] - HistoryFinished {"point": 1, "testname": "MINIMAL_TOP_top_tb_1", "event": "HistoryFinished", "EventSource": "ADE GUI", "HistoryName": "Interactive.13"}
[2026-09-29 04:09:14.476 Z] [INFO] [cadence.virtuoso.ade.gui] - Point strategy Finished {"history": "Interactive.13", "point": 1, "testname": "MINIMAL_TOP_top_tb_1", "runId": "0"}
[2026-09-29 04:09:14.480 Z] [INFO] [cadence.virtuoso.ade.gui] - Emit Test Finish Message {"history": "Interactive.13", "point": 1, "testname": "MINIMAL_TOP_top_tb_1", "runId": "0", "testName": "MINIMAL_TOP_top_tb_1", "idx": "MINIMAL_TOP_top_tb_1"}
[2026-09-29 04:09:14.480 Z] [INFO] [cadence.virtuoso.ade.gui] - Emit partition complete {"history": "Interactive.13", "point": 1, "testname": "MINIMAL_TOP_top_tb_1", "function": "emitTestPointPartitionFinishMessage", "runId": "0", "testName": "MINIMAL_TOP_top_tb_1", "partition": "1"}
[2026-09-29 04:09:16.504 Z] [PROCESS] [cadence.virtuoso.ade.gui] - Netlist Service '519045' stopped with exit code '0' {"logfile": "/home/saul/projects/AMS35_H35_MINIMAL/logs_saul/logs0/Service1.log"}
[2026-09-29 04:09:25.477 Z] [PROCESS] [cadence.virtuoso.ade.gui] - Logging Service '519013' stopped with exit code '0' {"logfile": "/home/saul/projects/AMS35_H35_MINIMAL/logs_saul/logs0/LoggingService0.log"}
[2026-09-29 04:16:48.621 Z] [EVENT] [cadence.virtuoso.ade.gui] - AddLogFile {"history": "Interactive.14", "point": 1, "testname": "MINIMAL_TOP_top_tb_1", "event": "AddLogFile", "EventSource": "ADE GUI", "HistoryName": "Interactive.14", "Points": "", "EventLogFile": "/home/saul/projects/AMS35_H35_MINIMAL/logs_saul/logs0/virtuoso_ade_debug.log", "EventTool": "ADE GUI", "EventTest": ""}
[2026-09-29 04:16:48.621 Z] [EVENT] [cadence.virtuoso.ade.gui] - NewHistoryCreated {"point": 1, "testname": "MINIMAL_TOP_top_tb_1", "event": "NewHistoryCreated", "EventSource": "ADE GUI", "history": "Interactive.14", "HistoryName": "Interactive.14", "WorkDir": "/home/saul/projects/AMS35_H35_MINIMAL", "HistorySimDir": "/home/saul/simulation/MINIMAL_TOP/top_tb/maestro/results/maestro/Interactive.14", "HistoryResultsDir": "/home/saul/projects/AMS35_H35_MINIMAL/MINIMAL_TOP/top_tb/maestro/results/maestro"}
[2026-09-29 04:16:48.621 Z] [PROCESS] [cadence.virtuoso.ade.gui] - History Setup {"hostname": "edatools", "processid": 518303, "history": "Interactive.14", "testname": "MINIMAL_TOP_top_tb_1", "point": 1, "logfile": "/home/saul/projects/AMS35_H35_MINIMAL/logs_saul/logs0/virtuoso_ade_debug.log", "jobmode": "LSCS", "runmode": "Single Run, Sweeps and Corners", "lib": "MINIMAL_TOP", "cell": "top_tb", "view": "maestro", "icversion": "sub-version  IC23.1-64b.ISR16.19 ", "runstart": "Tue Sep 29 04:16:48 2026\n", "timezonelocal": "+000", "spectreversion": "unknown", "jobpolicyname": "Maestro Default", "maxjobs": "1", "ncjobpolicyname": "", "ncmaxjobs": "unknown", "numtests": "1", "runfinished": "unknown", "runelapsed": "-1", "numcorners": "1"}
[2026-09-29 04:16:50.053 Z] [EVENT] [cadence.virtuoso.ade.pointevaluator] - NewPoint {"history": "Interactive.14", "point": 1, "testname": "MINIMAL_TOP_top_tb_1", "event": "NewPoint", "EventSource": "ADE GUI", "HistoryName": "Interactive.14", "logFile": "/home/saul/projects/AMS35_H35_MINIMAL/logs_saul/logs0/virtuoso_ade_debug.log", "logFileSize": "7686", "category": "point-netlist"}
[2026-09-29 04:16:50.053 Z] [INFO] [cadence.virtuoso.ade.pointevaluator] - Started netlisting {"history": "Interactive.14", "point": 1, "testname": "MINIMAL_TOP_top_tb_1", "event": "start", "category": "point-netlist"}
[2026-09-29 04:16:57.886 Z] [INFO] [cadence.virtuoso.ade.pointevaluator] - Finished netlisting {"history": "Interactive.14", "point": 1, "testname": "MINIMAL_TOP_top_tb_1", "event": "finish", "category": "point-netlist"}
[2026-09-29 04:16:57.886 Z] [INFO] [cadence.virtuoso.ade.pointevaluator] - Submitted {"history": "Interactive.14", "point": 1, "testname": "MINIMAL_TOP_top_tb_1"}
[2026-09-29 04:16:57.987 Z] [PROCESS] [cadence.virtuoso.ade.gui] - /home/saul/projects/AMS35_H35_MINIMAL/.tmp_saul/.cmddir0/swiftLoggingService3 is starting {"logfile": "/home/saul/projects/AMS35_H35_MINIMAL/logs_saul/logs0/LoggingService3.log"}
[2026-09-29 04:16:58.109 Z] [PROCESS] [cadence.virtuoso.ade.gui] - /home/saul/projects/AMS35_H35_MINIMAL/.tmp_saul/.cmddir0/swiftJob4 is starting {"logfile": "/home/saul/projects/AMS35_H35_MINIMAL/logs_saul/logs0/Job4.log"}
[2026-09-29 04:16:58.110 Z] [PROCESS] [cadence.virtuoso.ade.gui] - COLLECTION_JOB_ID = '3'
 {"logfile": "/home/saul/projects/AMS35_H35_MINIMAL/logs_saul/logs0/LoggingService3.log"}
[2026-09-29 04:16:58.110 Z] [PROCESS] [cadence.virtuoso.ade.gui] - Logging Service '522797' is starting up on host 'edatools' {"logfile": "/home/saul/projects/AMS35_H35_MINIMAL/logs_saul/logs0/LoggingService3.log"}
[2026-09-29 04:16:58.227 Z] [PROCESS] [cadence.virtuoso.ade.gui] - COLLECTION_JOB_ID = '4'
 {"logfile": "/home/saul/projects/AMS35_H35_MINIMAL/logs_saul/logs0/Job4.log"}
[2026-09-29 04:16:58.230 Z] [PROCESS] [cadence.virtuoso.ade.gui] - Simulation Monitor process '522838' is starting up on host 'edatools' {"logfile": "/home/saul/projects/AMS35_H35_MINIMAL/logs_saul/logs0/Job4.log"}
[2026-09-29 04:17:59.562 Z] [INFO] [cadence.virtuoso.ade.gui] - Point completed {"history": "Interactive.14", "point": 1, "testname": "MINIMAL_TOP_top_tb_1"}
[2026-09-29 04:17:59.848 Z] [INFO] [cadence.virtuoso.ade.gui] - Report Run Finished {"history": "Interactive.14", "point": 1, "testname": "MINIMAL_TOP_top_tb_1", "runId": "1"}
[2026-09-29 04:17:59.848 Z] [EVENT] [cadence.virtuoso.ade.gui] - HistoryFinished {"point": 1, "testname": "MINIMAL_TOP_top_tb_1", "event": "HistoryFinished", "EventSource": "ADE GUI", "HistoryName": "Interactive.14"}
[2026-09-29 04:17:59.933 Z] [INFO] [cadence.virtuoso.ade.gui] - Point strategy Finished {"history": "Interactive.14", "point": 1, "testname": "MINIMAL_TOP_top_tb_1", "runId": "1"}
[2026-09-29 04:17:59.936 Z] [INFO] [cadence.virtuoso.ade.gui] - Emit Test Finish Message {"history": "Interactive.14", "point": 1, "testname": "MINIMAL_TOP_top_tb_1", "runId": "1", "testName": "MINIMAL_TOP_top_tb_1", "idx": "MINIMAL_TOP_top_tb_1"}
[2026-09-29 04:17:59.936 Z] [INFO] [cadence.virtuoso.ade.gui] - Emit partition complete {"history": "Interactive.14", "point": 1, "testname": "MINIMAL_TOP_top_tb_1", "function": "emitTestPointPartitionFinishMessage", "runId": "1", "testName": "MINIMAL_TOP_top_tb_1", "partition": "2"}
[2026-09-29 04:18:08.308 Z] [PROCESS] [cadence.virtuoso.ade.gui] - Logging Service '522797' stopped with exit code '0' {"logfile": "/home/saul/projects/AMS35_H35_MINIMAL/logs_saul/logs0/LoggingService3.log"}
[2026-09-29 04:19:37.173 Z] [EVENT] [cadence.virtuoso.ade.gui] - AddLogFile {"history": "Interactive.15", "point": 1, "testname": "MINIMAL_TOP_top_tb_1", "event": "AddLogFile", "EventSource": "ADE GUI", "HistoryName": "Interactive.15", "Points": "", "EventLogFile": "/home/saul/projects/AMS35_H35_MINIMAL/logs_saul/logs0/virtuoso_ade_debug.log", "EventTool": "ADE GUI", "EventTest": ""}
[2026-09-29 04:19:37.173 Z] [EVENT] [cadence.virtuoso.ade.gui] - NewHistoryCreated {"point": 1, "testname": "MINIMAL_TOP_top_tb_1", "event": "NewHistoryCreated", "EventSource": "ADE GUI", "history": "Interactive.15", "HistoryName": "Interactive.15", "WorkDir": "/home/saul/projects/AMS35_H35_MINIMAL", "HistorySimDir": "/home/saul/simulation/MINIMAL_TOP/top_tb/maestro/results/maestro/Interactive.15", "HistoryResultsDir": "/home/saul/projects/AMS35_H35_MINIMAL/MINIMAL_TOP/top_tb/maestro/results/maestro"}
[2026-09-29 04:19:37.173 Z] [PROCESS] [cadence.virtuoso.ade.gui] - History Setup {"hostname": "edatools", "processid": 518303, "history": "Interactive.15", "testname": "MINIMAL_TOP_top_tb_1", "point": 1, "logfile": "/home/saul/projects/AMS35_H35_MINIMAL/logs_saul/logs0/virtuoso_ade_debug.log", "jobmode": "LSCS", "runmode": "Single Run, Sweeps and Corners", "lib": "MINIMAL_TOP", "cell": "top_tb", "view": "maestro", "icversion": "sub-version  IC23.1-64b.ISR16.19 ", "runstart": "Tue Sep 29 04:19:37 2026\n", "timezonelocal": "+000", "spectreversion": "unknown", "jobpolicyname": "Maestro Default", "maxjobs": "1", "ncjobpolicyname": "", "ncmaxjobs": "unknown", "numtests": "1", "runfinished": "unknown", "runelapsed": "-1", "numcorners": "1"}
[2026-09-29 04:19:38.551 Z] [EVENT] [cadence.virtuoso.ade.pointevaluator] - NewPoint {"history": "Interactive.15", "point": 1, "testname": "MINIMAL_TOP_top_tb_1", "event": "NewPoint", "EventSource": "ADE GUI", "HistoryName": "Interactive.15", "logFile": "/home/saul/projects/AMS35_H35_MINIMAL/logs_saul/logs0/virtuoso_ade_debug.log", "logFileSize": "13037", "category": "point-netlist"}
[2026-09-29 04:19:38.551 Z] [INFO] [cadence.virtuoso.ade.pointevaluator] - Started netlisting {"history": "Interactive.15", "point": 1, "testname": "MINIMAL_TOP_top_tb_1", "event": "start", "category": "point-netlist"}
[2026-09-29 04:19:46.351 Z] [INFO] [cadence.virtuoso.ade.pointevaluator] - Finished netlisting {"history": "Interactive.15", "point": 1, "testname": "MINIMAL_TOP_top_tb_1", "event": "finish", "category": "point-netlist"}
[2026-09-29 04:19:46.351 Z] [INFO] [cadence.virtuoso.ade.pointevaluator] - Submitted {"history": "Interactive.15", "point": 1, "testname": "MINIMAL_TOP_top_tb_1"}
[2026-09-29 04:19:46.457 Z] [PROCESS] [cadence.virtuoso.ade.gui] - /home/saul/projects/AMS35_H35_MINIMAL/.tmp_saul/.cmddir0/swiftLoggingService5 is starting {"logfile": "/home/saul/projects/AMS35_H35_MINIMAL/logs_saul/logs0/LoggingService5.log"}
[2026-09-29 04:19:46.564 Z] [PROCESS] [cadence.virtuoso.ade.gui] - /home/saul/projects/AMS35_H35_MINIMAL/.tmp_saul/.cmddir0/swiftJob6 is starting {"logfile": "/home/saul/projects/AMS35_H35_MINIMAL/logs_saul/logs0/Job6.log"}
[2026-09-29 04:19:46.564 Z] [PROCESS] [cadence.virtuoso.ade.gui] - COLLECTION_JOB_ID = '5'
 {"logfile": "/home/saul/projects/AMS35_H35_MINIMAL/logs_saul/logs0/LoggingService5.log"}
[2026-09-29 04:19:46.564 Z] [PROCESS] [cadence.virtuoso.ade.gui] - Logging Service '524678' is starting up on host 'edatools' {"logfile": "/home/saul/projects/AMS35_H35_MINIMAL/logs_saul/logs0/LoggingService5.log"}
[2026-09-29 04:19:46.676 Z] [PROCESS] [cadence.virtuoso.ade.gui] - COLLECTION_JOB_ID = '6'
 {"logfile": "/home/saul/projects/AMS35_H35_MINIMAL/logs_saul/logs0/Job6.log"}
[2026-09-29 04:19:46.680 Z] [PROCESS] [cadence.virtuoso.ade.gui] - Simulation Monitor process '524719' is starting up on host 'edatools' {"logfile": "/home/saul/projects/AMS35_H35_MINIMAL/logs_saul/logs0/Job6.log"}
[2026-09-29 04:20:47.563 Z] [INFO] [cadence.virtuoso.ade.gui] - Point completed {"history": "Interactive.15", "point": 1, "testname": "MINIMAL_TOP_top_tb_1"}
[2026-09-29 04:20:47.936 Z] [INFO] [cadence.virtuoso.ade.gui] - Report Run Finished {"history": "Interactive.15", "point": 1, "testname": "MINIMAL_TOP_top_tb_1", "runId": "2"}
[2026-09-29 04:20:47.936 Z] [EVENT] [cadence.virtuoso.ade.gui] - HistoryFinished {"point": 1, "testname": "MINIMAL_TOP_top_tb_1", "event": "HistoryFinished", "EventSource": "ADE GUI", "HistoryName": "Interactive.15"}
[2026-09-29 04:20:48.043 Z] [INFO] [cadence.virtuoso.ade.gui] - Point strategy Finished {"history": "Interactive.15", "point": 1, "testname": "MINIMAL_TOP_top_tb_1", "runId": "2"}
[2026-09-29 04:20:48.047 Z] [INFO] [cadence.virtuoso.ade.gui] - Emit Test Finish Message {"history": "Interactive.15", "point": 1, "testname": "MINIMAL_TOP_top_tb_1", "runId": "2", "testName": "MINIMAL_TOP_top_tb_1", "idx": "MINIMAL_TOP_top_tb_1"}
[2026-09-29 04:20:48.047 Z] [INFO] [cadence.virtuoso.ade.gui] - Emit partition complete {"history": "Interactive.15", "point": 1, "testname": "MINIMAL_TOP_top_tb_1", "function": "emitTestPointPartitionFinishMessage", "runId": "2", "testName": "MINIMAL_TOP_top_tb_1", "partition": "3"}
[2026-09-29 04:20:56.668 Z] [PROCESS] [cadence.virtuoso.ade.gui] - Logging Service '524678' stopped with exit code '0' {"logfile": "/home/saul/projects/AMS35_H35_MINIMAL/logs_saul/logs0/LoggingService5.log"}
